Archive member included to satisfy reference by file (symbol)

c:/gnutoolsarmembedded/arm/bin/../lib/gcc/arm-none-eabi/6.3.1/../../../../arm-none-eabi/lib/thumb/v7-m\libc.a(lib_a-reent.o)
                              CMakeFiles/STM32_PROJECT.elf.dir/newlib_stubs.c.obj (errno)
c:/gnutoolsarmembedded/arm/bin/../lib/gcc/arm-none-eabi/6.3.1/../../../../arm-none-eabi/lib/thumb/v7-m\libc.a(lib_a-freer.o)
                              c:/gnutoolsarmembedded/arm/bin/../lib/gcc/arm-none-eabi/6.3.1/../../../../arm-none-eabi/lib/thumb/v7-m\libc.a(lib_a-reent.o) (_free_r)
c:/gnutoolsarmembedded/arm/bin/../lib/gcc/arm-none-eabi/6.3.1/../../../../arm-none-eabi/lib/thumb/v7-m\libc.a(lib_a-impure.o)
                              c:/gnutoolsarmembedded/arm/bin/../lib/gcc/arm-none-eabi/6.3.1/../../../../arm-none-eabi/lib/thumb/v7-m\libc.a(lib_a-reent.o) (_impure_ptr)
c:/gnutoolsarmembedded/arm/bin/../lib/gcc/arm-none-eabi/6.3.1/../../../../arm-none-eabi/lib/thumb/v7-m\libc.a(lib_a-mallocr.o)
                              c:/gnutoolsarmembedded/arm/bin/../lib/gcc/arm-none-eabi/6.3.1/../../../../arm-none-eabi/lib/thumb/v7-m\libc.a(lib_a-freer.o) (__malloc_current_mallinfo)
c:/gnutoolsarmembedded/arm/bin/../lib/gcc/arm-none-eabi/6.3.1/../../../../arm-none-eabi/lib/thumb/v7-m\libc.a(lib_a-mlock.o)
                              c:/gnutoolsarmembedded/arm/bin/../lib/gcc/arm-none-eabi/6.3.1/../../../../arm-none-eabi/lib/thumb/v7-m\libc.a(lib_a-freer.o) (__malloc_lock)
c:/gnutoolsarmembedded/arm/bin/../lib/gcc/arm-none-eabi/6.3.1/../../../../arm-none-eabi/lib/thumb/v7-m\libc.a(lib_a-sbrkr.o)
                              c:/gnutoolsarmembedded/arm/bin/../lib/gcc/arm-none-eabi/6.3.1/../../../../arm-none-eabi/lib/thumb/v7-m\libc.a(lib_a-freer.o) (_sbrk_r)
c:/gnutoolsarmembedded/arm/bin/../lib/gcc/arm-none-eabi/6.3.1/../../../../arm-none-eabi/lib/thumb/v7-m\libc.a(lib_a-lock.o)
                              c:/gnutoolsarmembedded/arm/bin/../lib/gcc/arm-none-eabi/6.3.1/../../../../arm-none-eabi/lib/thumb/v7-m\libc.a(lib_a-mlock.o) (__retarget_lock_acquire_recursive)

Allocating common symbols
Common symbol       size              file

__lock___atexit_recursive_mutex
                    0x1               c:/gnutoolsarmembedded/arm/bin/../lib/gcc/arm-none-eabi/6.3.1/../../../../arm-none-eabi/lib/thumb/v7-m\libc.a(lib_a-lock.o)
__lock___arc4random_mutex
                    0x1               c:/gnutoolsarmembedded/arm/bin/../lib/gcc/arm-none-eabi/6.3.1/../../../../arm-none-eabi/lib/thumb/v7-m\libc.a(lib_a-lock.o)
errno               0x4               c:/gnutoolsarmembedded/arm/bin/../lib/gcc/arm-none-eabi/6.3.1/../../../../arm-none-eabi/lib/thumb/v7-m\libc.a(lib_a-reent.o)
__lock___env_recursive_mutex
                    0x1               c:/gnutoolsarmembedded/arm/bin/../lib/gcc/arm-none-eabi/6.3.1/../../../../arm-none-eabi/lib/thumb/v7-m\libc.a(lib_a-lock.o)
__lock___sinit_recursive_mutex
                    0x1               c:/gnutoolsarmembedded/arm/bin/../lib/gcc/arm-none-eabi/6.3.1/../../../../arm-none-eabi/lib/thumb/v7-m\libc.a(lib_a-lock.o)
__lock___malloc_recursive_mutex
                    0x1               c:/gnutoolsarmembedded/arm/bin/../lib/gcc/arm-none-eabi/6.3.1/../../../../arm-none-eabi/lib/thumb/v7-m\libc.a(lib_a-lock.o)
__lock___at_quick_exit_mutex
                    0x1               c:/gnutoolsarmembedded/arm/bin/../lib/gcc/arm-none-eabi/6.3.1/../../../../arm-none-eabi/lib/thumb/v7-m\libc.a(lib_a-lock.o)
__lock___dd_hash_mutex
                    0x1               c:/gnutoolsarmembedded/arm/bin/../lib/gcc/arm-none-eabi/6.3.1/../../../../arm-none-eabi/lib/thumb/v7-m\libc.a(lib_a-lock.o)
__lock___tz_mutex   0x1               c:/gnutoolsarmembedded/arm/bin/../lib/gcc/arm-none-eabi/6.3.1/../../../../arm-none-eabi/lib/thumb/v7-m\libc.a(lib_a-lock.o)
__lock___sfp_recursive_mutex
                    0x1               c:/gnutoolsarmembedded/arm/bin/../lib/gcc/arm-none-eabi/6.3.1/../../../../arm-none-eabi/lib/thumb/v7-m\libc.a(lib_a-lock.o)

Memory Configuration

Name             Origin             Length             Attributes
FLASH            0x08000000         0x00020000         xr
RAM              0x20000000         0x00005000         xrw
MEMORY_B1        0x60000000         0x00000000         xr
*default*        0x00000000         0xffffffff

Linker script and memory map

LOAD CMakeFiles/STM32_PROJECT.elf.dir/main.c.obj
LOAD CMakeFiles/STM32_PROJECT.elf.dir/newlib_stubs.c.obj
LOAD CMakeFiles/STM32_PROJECT.elf.dir/C_/Embedded/STM32F10x_StdPeriph_Lib_V3.5.0/Libraries/STM32F10x_StdPeriph_Driver/src/stm32f10x_gpio.c.obj
LOAD CMakeFiles/STM32_PROJECT.elf.dir/C_/Embedded/STM32F10x_StdPeriph_Lib_V3.5.0/Libraries/STM32F10x_StdPeriph_Driver/src/stm32f10x_rcc.c.obj
LOAD CMakeFiles/STM32_PROJECT.elf.dir/C_/Embedded/STM32F10x_StdPeriph_Lib_V3.5.0/Libraries/STM32F10x_StdPeriph_Driver/src/stm32f10x_usart.c.obj
LOAD CMakeFiles/STM32_PROJECT.elf.dir/C_/Embedded/STM32F10x_StdPeriph_Lib_V3.5.0/Libraries/CMSIS/CM3/DeviceSupport/ST/STM32F10x/startup/gcc_ride7/startup_stm32f10x_md.S.obj
LOAD CMakeFiles/STM32_PROJECT.elf.dir/stm32f10x_it.c.obj
LOAD CMakeFiles/STM32_PROJECT.elf.dir/C_/Embedded/STM32F10x_StdPeriph_Lib_V3.5.0/Libraries/CMSIS/CM3/DeviceSupport/ST/STM32F10x/system_stm32f10x.c.obj
LOAD CMakeFiles/STM32_PROJECT.elf.dir/C_/Embedded/STM32F10x_StdPeriph_Lib_V3.5.0/Libraries/CMSIS/CM3/CoreSupport/core_cm3.c.obj
START GROUP
LOAD c:/gnutoolsarmembedded/arm/bin/../lib/gcc/arm-none-eabi/6.3.1/thumb/v7-m\libgcc.a
LOAD c:/gnutoolsarmembedded/arm/bin/../lib/gcc/arm-none-eabi/6.3.1/../../../../arm-none-eabi/lib/thumb/v7-m\libc.a
END GROUP
START GROUP
LOAD c:/gnutoolsarmembedded/arm/bin/../lib/gcc/arm-none-eabi/6.3.1/thumb/v7-m\libgcc.a
LOAD c:/gnutoolsarmembedded/arm/bin/../lib/gcc/arm-none-eabi/6.3.1/../../../../arm-none-eabi/lib/thumb/v7-m\libc.a
LOAD c:/gnutoolsarmembedded/arm/bin/../lib/gcc/arm-none-eabi/6.3.1/../../../../arm-none-eabi/lib/thumb/v7-m\libnosys.a
END GROUP
                0x20005000                _estack = 0x20005000
                0x00000000                _Min_Heap_Size = 0x0
                0x00000200                _Min_Stack_Size = 0x200

.isr_vector     0x08000000      0x10c
                0x08000000                . = ALIGN (0x4)
 *(.isr_vector)
 .isr_vector    0x08000000      0x10c CMakeFiles/STM32_PROJECT.elf.dir/C_/Embedded/STM32F10x_StdPeriph_Lib_V3.5.0/Libraries/CMSIS/CM3/DeviceSupport/ST/STM32F10x/startup/gcc_ride7/startup_stm32f10x_md.S.obj
                0x08000000                g_pfnVectors
                0x0800010c                . = ALIGN (0x4)

.text           0x0800010c     0x28c0
                0x0800010c                . = ALIGN (0x4)
 *(.text)
 .text          0x0800010c       0xfc CMakeFiles/STM32_PROJECT.elf.dir/main.c.obj
                0x0800010c                InitGPIO
                0x08000154                InitUSART
                0x0800019c                InitAll
                0x080001ac                main
 .text          0x08000208      0x318 CMakeFiles/STM32_PROJECT.elf.dir/newlib_stubs.c.obj
                0x08000208                _exit
                0x08000212                _close
                0x08000228                _execve
                0x0800024c                _fork
                0x08000268                _fstat
                0x08000286                _getpid
                0x08000294                _isatty
                0x080002c0                _kill
                0x080002e4                _link
                0x08000308                _lseek
                0x08000320                _sbrk
                0x08000390                _read
                0x08000404                _stat
                0x08000422                _times
                0x08000438                _unlink
                0x08000458                _wait
                0x08000478                _write
 .text          0x08000520      0x5dc CMakeFiles/STM32_PROJECT.elf.dir/C_/Embedded/STM32F10x_StdPeriph_Lib_V3.5.0/Libraries/STM32F10x_StdPeriph_Driver/src/stm32f10x_gpio.c.obj
                0x08000520                GPIO_DeInit
                0x08000604                GPIO_AFIODeInit
                0x0800061c                GPIO_Init
                0x08000794                GPIO_StructInit
                0x080007ba                GPIO_ReadInputDataBit
                0x080007ec                GPIO_ReadInputData
                0x08000804                GPIO_ReadOutputDataBit
                0x08000836                GPIO_ReadOutputData
                0x0800084e                GPIO_SetBits
                0x0800086a                GPIO_ResetBits
                0x08000886                GPIO_WriteBit
                0x080008b4                GPIO_Write
                0x080008d0                GPIO_PinLockConfig
                0x08000912                GPIO_EventOutputConfig
                0x0800095c                GPIO_EventOutputCmd
                0x0800097c                GPIO_PinRemapConfig
                0x08000a5c                GPIO_EXTILineConfig
                0x08000ae0                GPIO_ETH_MediaInterfaceConfig
 .text          0x08000afc      0x7d0 CMakeFiles/STM32_PROJECT.elf.dir/C_/Embedded/STM32F10x_StdPeriph_Lib_V3.5.0/Libraries/STM32F10x_StdPeriph_Driver/src/stm32f10x_rcc.c.obj
                0x08000afc                RCC_DeInit
                0x08000b58                RCC_HSEConfig
                0x08000bb4                RCC_WaitForHSEStartUp
                0x08000c04                RCC_AdjustHSICalibrationValue
                0x08000c40                RCC_HSICmd
                0x08000c60                RCC_PLLConfig
                0x08000c9c                RCC_PLLCmd
                0x08000cbc                RCC_SYSCLKConfig
                0x08000cf4                RCC_GetSYSCLKSource
                0x08000d10                RCC_HCLKConfig
                0x08000d48                RCC_PCLK1Config
                0x08000d80                RCC_PCLK2Config
                0x08000db8                RCC_ITConfig
                0x08000e04                RCC_USBCLKConfig
                0x08000e20                RCC_ADCCLKConfig
                0x08000e58                RCC_LSEConfig
                0x08000e98                RCC_LSICmd
                0x08000eb8                RCC_RTCCLKConfig
                0x08000edc                RCC_RTCCLKCmd
                0x08000efc                RCC_GetClocksFreq
                0x0800105c                RCC_AHBPeriphClockCmd
                0x08001098                RCC_APB2PeriphClockCmd
                0x080010d4                RCC_APB1PeriphClockCmd
                0x08001110                RCC_APB2PeriphResetCmd
                0x0800114c                RCC_APB1PeriphResetCmd
                0x08001188                RCC_BackupResetCmd
                0x080011a8                RCC_ClockSecuritySystemCmd
                0x080011c8                RCC_MCOConfig
                0x080011e8                RCC_GetFlagStatus
                0x0800125c                RCC_ClearFlag
                0x08001278                RCC_GetITStatus
                0x080012ac                RCC_ClearITPendingBit
 .text          0x080012cc      0x8dc CMakeFiles/STM32_PROJECT.elf.dir/C_/Embedded/STM32F10x_StdPeriph_Lib_V3.5.0/Libraries/STM32F10x_StdPeriph_Driver/src/stm32f10x_usart.c.obj
                0x080012cc                USART_DeInit
                0x08001384                USART_Init
                0x080014f8                USART_StructInit
                0x08001530                USART_ClockInit
                0x08001586                USART_ClockStructInit
                0x080015b0                USART_Cmd
                0x080015ee                USART_ITConfig
                0x0800167c                USART_DMACmd
                0x080016c2                USART_SetAddress
                0x080016fa                USART_WakeUpConfig
                0x08001730                USART_ReceiverWakeUpCmd
                0x0800176e                USART_LINBreakDetectLengthConfig
                0x080017a4                USART_LINCmd
                0x080017e2                USART_SendData
                0x08001804                USART_ReceiveData
                0x08001822                USART_SendBreak
                0x08001844                USART_SetGuardTime
                0x0800187e                USART_SetPrescaler
                0x080018b6                USART_SmartCardCmd
                0x080018f4                USART_SmartCardNACKCmd
                0x08001932                USART_HalfDuplexCmd
                0x08001970                USART_OverSampling8Cmd
                0x080019b2                USART_OneBitMethodCmd
                0x080019f0                USART_IrDAConfig
                0x08001a26                USART_IrDACmd
                0x08001a64                USART_GetFlagStatus
                0x08001a9a                USART_ClearFlag
                0x08001aba                USART_GetITStatus
                0x08001b6e                USART_ClearITPendingBit
 .text          0x08001ba8       0x14 CMakeFiles/STM32_PROJECT.elf.dir/C_/Embedded/STM32F10x_StdPeriph_Lib_V3.5.0/Libraries/CMSIS/CM3/DeviceSupport/ST/STM32F10x/startup/gcc_ride7/startup_stm32f10x_md.S.obj
 .text          0x08001bbc       0x54 CMakeFiles/STM32_PROJECT.elf.dir/stm32f10x_it.c.obj
                0x08001bbc                NMI_Handler
                0x08001bc8                HardFault_Handler
                0x08001bce                MemManage_Handler
                0x08001bd4                BusFault_Handler
                0x08001bda                UsageFault_Handler
                0x08001be0                SVC_Handler
                0x08001bec                DebugMon_Handler
                0x08001bf8                PendSV_Handler
                0x08001c04                SysTick_Handler
 .text          0x08001c10      0x24c CMakeFiles/STM32_PROJECT.elf.dir/C_/Embedded/STM32F10x_StdPeriph_Lib_V3.5.0/Libraries/CMSIS/CM3/DeviceSupport/ST/STM32F10x/system_stm32f10x.c.obj
                0x08001c10                SystemInit
                0x08001c78                SystemCoreClockUpdate
 .text          0x08001e5c      0x24e CMakeFiles/STM32_PROJECT.elf.dir/C_/Embedded/STM32F10x_StdPeriph_Lib_V3.5.0/Libraries/CMSIS/CM3/CoreSupport/core_cm3.c.obj
                0x08001e5c                __get_PSP
                0x08001e6a                __set_PSP
                0x08001e74                __get_MSP
                0x08001e82                __set_MSP
                0x08001e8c                __get_BASEPRI
                0x08001ea8                __set_BASEPRI
                0x08001ec0                __get_PRIMASK
                0x08001edc                __set_PRIMASK
                0x08001ef4                __get_FAULTMASK
                0x08001f10                __set_FAULTMASK
                0x08001f28                __get_CONTROL
                0x08001f44                __set_CONTROL
                0x08001f5c                __REV
                0x08001f7a                __REV16
                0x08001f9a                __REVSH
                0x08001fba                __RBIT
                0x08001fda                __LDREXB
                0x08001ffa                __LDREXH
                0x0800201a                __LDREXW
                0x0800203a                __STREXB
                0x08002060                __STREXH
                0x08002086                __STREXW
 .text          0x080020aa        0x0 c:/gnutoolsarmembedded/arm/bin/../lib/gcc/arm-none-eabi/6.3.1/../../../../arm-none-eabi/lib/thumb/v7-m\libc.a(lib_a-reent.o)
 .text          0x080020aa        0x0 c:/gnutoolsarmembedded/arm/bin/../lib/gcc/arm-none-eabi/6.3.1/../../../../arm-none-eabi/lib/thumb/v7-m\libc.a(lib_a-freer.o)
 .text          0x080020aa        0x0 c:/gnutoolsarmembedded/arm/bin/../lib/gcc/arm-none-eabi/6.3.1/../../../../arm-none-eabi/lib/thumb/v7-m\libc.a(lib_a-impure.o)
 .text          0x080020aa        0x0 c:/gnutoolsarmembedded/arm/bin/../lib/gcc/arm-none-eabi/6.3.1/../../../../arm-none-eabi/lib/thumb/v7-m\libc.a(lib_a-mallocr.o)
 .text          0x080020aa        0x0 c:/gnutoolsarmembedded/arm/bin/../lib/gcc/arm-none-eabi/6.3.1/../../../../arm-none-eabi/lib/thumb/v7-m\libc.a(lib_a-mlock.o)
 .text          0x080020aa        0x0 c:/gnutoolsarmembedded/arm/bin/../lib/gcc/arm-none-eabi/6.3.1/../../../../arm-none-eabi/lib/thumb/v7-m\libc.a(lib_a-sbrkr.o)
 .text          0x080020aa        0x0 c:/gnutoolsarmembedded/arm/bin/../lib/gcc/arm-none-eabi/6.3.1/../../../../arm-none-eabi/lib/thumb/v7-m\libc.a(lib_a-lock.o)
 *(.text*)
 *fill*         0x080020aa        0x2 
 .text.Reset_Handler
                0x080020ac       0x44 CMakeFiles/STM32_PROJECT.elf.dir/C_/Embedded/STM32F10x_StdPeriph_Lib_V3.5.0/Libraries/CMSIS/CM3/DeviceSupport/ST/STM32F10x/startup/gcc_ride7/startup_stm32f10x_md.S.obj
                0x080020ac                Reset_Handler
 .text.Default_Handler
                0x080020f0        0x2 CMakeFiles/STM32_PROJECT.elf.dir/C_/Embedded/STM32F10x_StdPeriph_Lib_V3.5.0/Libraries/CMSIS/CM3/DeviceSupport/ST/STM32F10x/startup/gcc_ride7/startup_stm32f10x_md.S.obj
                0x080020f0                EXTI2_IRQHandler
                0x080020f0                TIM1_CC_IRQHandler
                0x080020f0                PVD_IRQHandler
                0x080020f0                EXTI3_IRQHandler
                0x080020f0                EXTI0_IRQHandler
                0x080020f0                I2C2_EV_IRQHandler
                0x080020f0                ADC1_2_IRQHandler
                0x080020f0                SPI1_IRQHandler
                0x080020f0                TAMPER_IRQHandler
                0x080020f0                DMA1_Channel4_IRQHandler
                0x080020f0                USART3_IRQHandler
                0x080020f0                RTC_IRQHandler
                0x080020f0                DMA1_Channel7_IRQHandler
                0x080020f0                CAN1_RX1_IRQHandler
                0x080020f0                TIM4_IRQHandler
                0x080020f0                I2C1_EV_IRQHandler
                0x080020f0                DMA1_Channel6_IRQHandler
                0x080020f0                TIM3_IRQHandler
                0x080020f0                RCC_IRQHandler
                0x080020f0                TIM1_TRG_COM_IRQHandler
                0x080020f0                DMA1_Channel1_IRQHandler
                0x080020f0                Default_Handler
                0x080020f0                EXTI15_10_IRQHandler
                0x080020f0                EXTI9_5_IRQHandler
                0x080020f0                SPI2_IRQHandler
                0x080020f0                DMA1_Channel5_IRQHandler
                0x080020f0                EXTI4_IRQHandler
                0x080020f0                USB_LP_CAN1_RX0_IRQHandler
                0x080020f0                USB_HP_CAN1_TX_IRQHandler
                0x080020f0                DMA1_Channel3_IRQHandler
                0x080020f0                TIM1_UP_IRQHandler
                0x080020f0                WWDG_IRQHandler
                0x080020f0                TIM2_IRQHandler
                0x080020f0                TIM1_BRK_IRQHandler
                0x080020f0                EXTI1_IRQHandler
                0x080020f0                RTCAlarm_IRQHandler
                0x080020f0                USART2_IRQHandler
                0x080020f0                I2C2_ER_IRQHandler
                0x080020f0                DMA1_Channel2_IRQHandler
                0x080020f0                CAN1_SCE_IRQHandler
                0x080020f0                FLASH_IRQHandler
                0x080020f0                USART1_IRQHandler
                0x080020f0                I2C1_ER_IRQHandler
                0x080020f0                USBWakeUp_IRQHandler
 *fill*         0x080020f2        0x2 
 .text.cleanup_glue
                0x080020f4       0x1c c:/gnutoolsarmembedded/arm/bin/../lib/gcc/arm-none-eabi/6.3.1/../../../../arm-none-eabi/lib/thumb/v7-m\libc.a(lib_a-reent.o)
                0x080020f4                cleanup_glue
 .text._reclaim_reent
                0x08002110       0x88 c:/gnutoolsarmembedded/arm/bin/../lib/gcc/arm-none-eabi/6.3.1/../../../../arm-none-eabi/lib/thumb/v7-m\libc.a(lib_a-reent.o)
                0x08002110                _reclaim_reent
 .text._malloc_trim_r
                0x08002198       0xa0 c:/gnutoolsarmembedded/arm/bin/../lib/gcc/arm-none-eabi/6.3.1/../../../../arm-none-eabi/lib/thumb/v7-m\libc.a(lib_a-freer.o)
                0x08002198                _malloc_trim_r
 .text._free_r  0x08002238      0x1cc c:/gnutoolsarmembedded/arm/bin/../lib/gcc/arm-none-eabi/6.3.1/../../../../arm-none-eabi/lib/thumb/v7-m\libc.a(lib_a-freer.o)
                0x08002238                _free_r
 .text._malloc_r
                0x08002404      0x544 c:/gnutoolsarmembedded/arm/bin/../lib/gcc/arm-none-eabi/6.3.1/../../../../arm-none-eabi/lib/thumb/v7-m\libc.a(lib_a-mallocr.o)
                0x08002404                _malloc_r
 .text.__malloc_lock
                0x08002948        0xc c:/gnutoolsarmembedded/arm/bin/../lib/gcc/arm-none-eabi/6.3.1/../../../../arm-none-eabi/lib/thumb/v7-m\libc.a(lib_a-mlock.o)
                0x08002948                __malloc_lock
 .text.__malloc_unlock
                0x08002954        0xc c:/gnutoolsarmembedded/arm/bin/../lib/gcc/arm-none-eabi/6.3.1/../../../../arm-none-eabi/lib/thumb/v7-m\libc.a(lib_a-mlock.o)
                0x08002954                __malloc_unlock
 .text._sbrk_r  0x08002960       0x24 c:/gnutoolsarmembedded/arm/bin/../lib/gcc/arm-none-eabi/6.3.1/../../../../arm-none-eabi/lib/thumb/v7-m\libc.a(lib_a-sbrkr.o)
                0x08002960                _sbrk_r
 .text.__retarget_lock_init
                0x08002984        0x4 c:/gnutoolsarmembedded/arm/bin/../lib/gcc/arm-none-eabi/6.3.1/../../../../arm-none-eabi/lib/thumb/v7-m\libc.a(lib_a-lock.o)
                0x08002984                __retarget_lock_init
 .text.__retarget_lock_init_recursive
                0x08002988        0x4 c:/gnutoolsarmembedded/arm/bin/../lib/gcc/arm-none-eabi/6.3.1/../../../../arm-none-eabi/lib/thumb/v7-m\libc.a(lib_a-lock.o)
                0x08002988                __retarget_lock_init_recursive
 .text.__retarget_lock_close
                0x0800298c        0x4 c:/gnutoolsarmembedded/arm/bin/../lib/gcc/arm-none-eabi/6.3.1/../../../../arm-none-eabi/lib/thumb/v7-m\libc.a(lib_a-lock.o)
                0x0800298c                __retarget_lock_close
 .text.__retarget_lock_close_recursive
                0x08002990        0x4 c:/gnutoolsarmembedded/arm/bin/../lib/gcc/arm-none-eabi/6.3.1/../../../../arm-none-eabi/lib/thumb/v7-m\libc.a(lib_a-lock.o)
                0x08002990                __retarget_lock_close_recursive
 .text.__retarget_lock_acquire
                0x08002994        0x4 c:/gnutoolsarmembedded/arm/bin/../lib/gcc/arm-none-eabi/6.3.1/../../../../arm-none-eabi/lib/thumb/v7-m\libc.a(lib_a-lock.o)
                0x08002994                __retarget_lock_acquire
 .text.__retarget_lock_acquire_recursive
                0x08002998        0x4 c:/gnutoolsarmembedded/arm/bin/../lib/gcc/arm-none-eabi/6.3.1/../../../../arm-none-eabi/lib/thumb/v7-m\libc.a(lib_a-lock.o)
                0x08002998                __retarget_lock_acquire_recursive
 .text.__retarget_lock_try_acquire
                0x0800299c        0x4 c:/gnutoolsarmembedded/arm/bin/../lib/gcc/arm-none-eabi/6.3.1/../../../../arm-none-eabi/lib/thumb/v7-m\libc.a(lib_a-lock.o)
                0x0800299c                __retarget_lock_try_acquire
 .text.__retarget_lock_try_acquire_recursive
                0x080029a0        0x4 c:/gnutoolsarmembedded/arm/bin/../lib/gcc/arm-none-eabi/6.3.1/../../../../arm-none-eabi/lib/thumb/v7-m\libc.a(lib_a-lock.o)
                0x080029a0                __retarget_lock_try_acquire_recursive
 .text.__retarget_lock_release
                0x080029a4        0x4 c:/gnutoolsarmembedded/arm/bin/../lib/gcc/arm-none-eabi/6.3.1/../../../../arm-none-eabi/lib/thumb/v7-m\libc.a(lib_a-lock.o)
                0x080029a4                __retarget_lock_release
 .text.__retarget_lock_release_recursive
                0x080029a8        0x4 c:/gnutoolsarmembedded/arm/bin/../lib/gcc/arm-none-eabi/6.3.1/../../../../arm-none-eabi/lib/thumb/v7-m\libc.a(lib_a-lock.o)
                0x080029a8                __retarget_lock_release_recursive
 *(.rodata)
 .rodata        0x080029ac       0x1a CMakeFiles/STM32_PROJECT.elf.dir/newlib_stubs.c.obj
 *(.rodata*)
 *fill*         0x080029c6        0x2 
 .rodata._global_impure_ptr
                0x080029c8        0x4 c:/gnutoolsarmembedded/arm/bin/../lib/gcc/arm-none-eabi/6.3.1/../../../../arm-none-eabi/lib/thumb/v7-m\libc.a(lib_a-impure.o)
                0x080029c8                _global_impure_ptr
 *(.glue_7)
 .glue_7        0x080029cc        0x0 linker stubs
 *(.glue_7t)
 .glue_7t       0x080029cc        0x0 linker stubs
 *(.init)
 *(.fini)
                0x080029cc                . = ALIGN (0x4)
                0x080029cc                _etext = .

.vfp11_veneer   0x080029cc        0x0
 .vfp11_veneer  0x080029cc        0x0 linker stubs

.v4_bx          0x080029cc        0x0
 .v4_bx         0x080029cc        0x0 linker stubs

.iplt           0x080029cc        0x0
 .iplt          0x080029cc        0x0 CMakeFiles/STM32_PROJECT.elf.dir/main.c.obj

.rel.dyn        0x080029cc        0x0
 .rel.iplt      0x080029cc        0x0 CMakeFiles/STM32_PROJECT.elf.dir/main.c.obj

.ARM.extab
 *(.ARM.extab* .gnu.linkonce.armextab.*)

.ARM            0x080029cc        0x0
                0x080029cc                __exidx_start = .
 *(.ARM.exidx*)
                0x080029cc                __exidx_end = .

.ARM.attributes
                0x080029cc       0x31
 *(.ARM.attributes)
 .ARM.attributes
                0x080029cc       0x33 CMakeFiles/STM32_PROJECT.elf.dir/main.c.obj
 .ARM.attributes
                0x080029ff       0x33 CMakeFiles/STM32_PROJECT.elf.dir/newlib_stubs.c.obj
 .ARM.attributes
                0x08002a32       0x33 CMakeFiles/STM32_PROJECT.elf.dir/C_/Embedded/STM32F10x_StdPeriph_Lib_V3.5.0/Libraries/STM32F10x_StdPeriph_Driver/src/stm32f10x_gpio.c.obj
 .ARM.attributes
                0x08002a65       0x33 CMakeFiles/STM32_PROJECT.elf.dir/C_/Embedded/STM32F10x_StdPeriph_Lib_V3.5.0/Libraries/STM32F10x_StdPeriph_Driver/src/stm32f10x_rcc.c.obj
 .ARM.attributes
                0x08002a98       0x33 CMakeFiles/STM32_PROJECT.elf.dir/C_/Embedded/STM32F10x_StdPeriph_Lib_V3.5.0/Libraries/STM32F10x_StdPeriph_Driver/src/stm32f10x_usart.c.obj
 .ARM.attributes
                0x08002acb       0x21 CMakeFiles/STM32_PROJECT.elf.dir/C_/Embedded/STM32F10x_StdPeriph_Lib_V3.5.0/Libraries/CMSIS/CM3/DeviceSupport/ST/STM32F10x/startup/gcc_ride7/startup_stm32f10x_md.S.obj
 .ARM.attributes
                0x08002aec       0x33 CMakeFiles/STM32_PROJECT.elf.dir/stm32f10x_it.c.obj
 .ARM.attributes
                0x08002b1f       0x33 CMakeFiles/STM32_PROJECT.elf.dir/C_/Embedded/STM32F10x_StdPeriph_Lib_V3.5.0/Libraries/CMSIS/CM3/DeviceSupport/ST/STM32F10x/system_stm32f10x.c.obj
 .ARM.attributes
                0x08002b52       0x33 CMakeFiles/STM32_PROJECT.elf.dir/C_/Embedded/STM32F10x_StdPeriph_Lib_V3.5.0/Libraries/CMSIS/CM3/CoreSupport/core_cm3.c.obj
 .ARM.attributes
                0x08002b85       0x2d c:/gnutoolsarmembedded/arm/bin/../lib/gcc/arm-none-eabi/6.3.1/../../../../arm-none-eabi/lib/thumb/v7-m\libc.a(lib_a-reent.o)
 .ARM.attributes
                0x08002bb2       0x2d c:/gnutoolsarmembedded/arm/bin/../lib/gcc/arm-none-eabi/6.3.1/../../../../arm-none-eabi/lib/thumb/v7-m\libc.a(lib_a-freer.o)
 .ARM.attributes
                0x08002bdf       0x2d c:/gnutoolsarmembedded/arm/bin/../lib/gcc/arm-none-eabi/6.3.1/../../../../arm-none-eabi/lib/thumb/v7-m\libc.a(lib_a-impure.o)
 .ARM.attributes
                0x08002c0c       0x2d c:/gnutoolsarmembedded/arm/bin/../lib/gcc/arm-none-eabi/6.3.1/../../../../arm-none-eabi/lib/thumb/v7-m\libc.a(lib_a-mallocr.o)
 .ARM.attributes
                0x08002c39       0x2d c:/gnutoolsarmembedded/arm/bin/../lib/gcc/arm-none-eabi/6.3.1/../../../../arm-none-eabi/lib/thumb/v7-m\libc.a(lib_a-mlock.o)
 .ARM.attributes
                0x08002c66       0x2d c:/gnutoolsarmembedded/arm/bin/../lib/gcc/arm-none-eabi/6.3.1/../../../../arm-none-eabi/lib/thumb/v7-m\libc.a(lib_a-sbrkr.o)
 .ARM.attributes
                0x08002c93       0x2d c:/gnutoolsarmembedded/arm/bin/../lib/gcc/arm-none-eabi/6.3.1/../../../../arm-none-eabi/lib/thumb/v7-m\libc.a(lib_a-lock.o)

.preinit_array  0x080029cc        0x0
                [!provide]                PROVIDE (__preinit_array_start, .)
 *(.preinit_array*)
                [!provide]                PROVIDE (__preinit_array_end, .)

.init_array     0x080029cc        0x0
                [!provide]                PROVIDE (__init_array_start, .)
 *(SORT(.init_array.*))
 *(.init_array*)
                [!provide]                PROVIDE (__init_array_end, .)

.fini_array     0x080029cc        0x0
                [!provide]                PROVIDE (__fini_array_start, .)
 *(.fini_array*)
 *(SORT(.fini_array.*))
                [!provide]                PROVIDE (__fini_array_end, .)
                0x080029cc                _sidata = .

.data           0x20000000      0x868 load address 0x08002cc0
                0x20000000                . = ALIGN (0x4)
                0x20000000                _sdata = .
 *(.data)
 .data          0x20000000        0x0 CMakeFiles/STM32_PROJECT.elf.dir/main.c.obj
 .data          0x20000000        0x4 CMakeFiles/STM32_PROJECT.elf.dir/newlib_stubs.c.obj
                0x20000000                environ
 .data          0x20000004        0x0 CMakeFiles/STM32_PROJECT.elf.dir/C_/Embedded/STM32F10x_StdPeriph_Lib_V3.5.0/Libraries/STM32F10x_StdPeriph_Driver/src/stm32f10x_gpio.c.obj
 .data          0x20000004       0x14 CMakeFiles/STM32_PROJECT.elf.dir/C_/Embedded/STM32F10x_StdPeriph_Lib_V3.5.0/Libraries/STM32F10x_StdPeriph_Driver/src/stm32f10x_rcc.c.obj
 .data          0x20000018        0x0 CMakeFiles/STM32_PROJECT.elf.dir/C_/Embedded/STM32F10x_StdPeriph_Lib_V3.5.0/Libraries/STM32F10x_StdPeriph_Driver/src/stm32f10x_usart.c.obj
 .data          0x20000018        0x0 CMakeFiles/STM32_PROJECT.elf.dir/C_/Embedded/STM32F10x_StdPeriph_Lib_V3.5.0/Libraries/CMSIS/CM3/DeviceSupport/ST/STM32F10x/startup/gcc_ride7/startup_stm32f10x_md.S.obj
 .data          0x20000018        0x0 CMakeFiles/STM32_PROJECT.elf.dir/stm32f10x_it.c.obj
 .data          0x20000018       0x14 CMakeFiles/STM32_PROJECT.elf.dir/C_/Embedded/STM32F10x_StdPeriph_Lib_V3.5.0/Libraries/CMSIS/CM3/DeviceSupport/ST/STM32F10x/system_stm32f10x.c.obj
                0x20000018                SystemCoreClock
                0x2000001c                AHBPrescTable
 .data          0x2000002c        0x0 CMakeFiles/STM32_PROJECT.elf.dir/C_/Embedded/STM32F10x_StdPeriph_Lib_V3.5.0/Libraries/CMSIS/CM3/CoreSupport/core_cm3.c.obj
 .data          0x2000002c        0x0 c:/gnutoolsarmembedded/arm/bin/../lib/gcc/arm-none-eabi/6.3.1/../../../../arm-none-eabi/lib/thumb/v7-m\libc.a(lib_a-reent.o)
 .data          0x2000002c        0x0 c:/gnutoolsarmembedded/arm/bin/../lib/gcc/arm-none-eabi/6.3.1/../../../../arm-none-eabi/lib/thumb/v7-m\libc.a(lib_a-freer.o)
 .data          0x2000002c        0x0 c:/gnutoolsarmembedded/arm/bin/../lib/gcc/arm-none-eabi/6.3.1/../../../../arm-none-eabi/lib/thumb/v7-m\libc.a(lib_a-impure.o)
 .data          0x2000002c        0x0 c:/gnutoolsarmembedded/arm/bin/../lib/gcc/arm-none-eabi/6.3.1/../../../../arm-none-eabi/lib/thumb/v7-m\libc.a(lib_a-mallocr.o)
 .data          0x2000002c        0x0 c:/gnutoolsarmembedded/arm/bin/../lib/gcc/arm-none-eabi/6.3.1/../../../../arm-none-eabi/lib/thumb/v7-m\libc.a(lib_a-mlock.o)
 .data          0x2000002c        0x0 c:/gnutoolsarmembedded/arm/bin/../lib/gcc/arm-none-eabi/6.3.1/../../../../arm-none-eabi/lib/thumb/v7-m\libc.a(lib_a-sbrkr.o)
 .data          0x2000002c        0x0 c:/gnutoolsarmembedded/arm/bin/../lib/gcc/arm-none-eabi/6.3.1/../../../../arm-none-eabi/lib/thumb/v7-m\libc.a(lib_a-lock.o)
 *(.data*)
 .data._impure_ptr
                0x2000002c        0x4 c:/gnutoolsarmembedded/arm/bin/../lib/gcc/arm-none-eabi/6.3.1/../../../../arm-none-eabi/lib/thumb/v7-m\libc.a(lib_a-impure.o)
                0x2000002c                _impure_ptr
 .data.impure_data
                0x20000030      0x428 c:/gnutoolsarmembedded/arm/bin/../lib/gcc/arm-none-eabi/6.3.1/../../../../arm-none-eabi/lib/thumb/v7-m\libc.a(lib_a-impure.o)
 .data.__malloc_av_
                0x20000458      0x408 c:/gnutoolsarmembedded/arm/bin/../lib/gcc/arm-none-eabi/6.3.1/../../../../arm-none-eabi/lib/thumb/v7-m\libc.a(lib_a-mallocr.o)
                0x20000458                __malloc_av_
 .data.__malloc_sbrk_base
                0x20000860        0x4 c:/gnutoolsarmembedded/arm/bin/../lib/gcc/arm-none-eabi/6.3.1/../../../../arm-none-eabi/lib/thumb/v7-m\libc.a(lib_a-mallocr.o)
                0x20000860                __malloc_sbrk_base
 .data.__malloc_trim_threshold
                0x20000864        0x4 c:/gnutoolsarmembedded/arm/bin/../lib/gcc/arm-none-eabi/6.3.1/../../../../arm-none-eabi/lib/thumb/v7-m\libc.a(lib_a-mallocr.o)
                0x20000864                __malloc_trim_threshold
                0x20000868                . = ALIGN (0x4)
                0x20000868                _edata = .

.igot.plt       0x20000868        0x0 load address 0x08003528
 .igot.plt      0x20000868        0x0 CMakeFiles/STM32_PROJECT.elf.dir/main.c.obj
                0x20000868                . = ALIGN (0x4)

.bss            0x20000868       0x64 load address 0x08003528
                0x20000868                _sbss = .
                0x20000868                __bss_start__ = _sbss
 *(.bss)
 .bss           0x20000868        0x0 CMakeFiles/STM32_PROJECT.elf.dir/main.c.obj
 .bss           0x20000868        0x8 CMakeFiles/STM32_PROJECT.elf.dir/newlib_stubs.c.obj
                0x20000868                __env
 .bss           0x20000870        0x0 CMakeFiles/STM32_PROJECT.elf.dir/C_/Embedded/STM32F10x_StdPeriph_Lib_V3.5.0/Libraries/STM32F10x_StdPeriph_Driver/src/stm32f10x_gpio.c.obj
 .bss           0x20000870        0x0 CMakeFiles/STM32_PROJECT.elf.dir/C_/Embedded/STM32F10x_StdPeriph_Lib_V3.5.0/Libraries/STM32F10x_StdPeriph_Driver/src/stm32f10x_rcc.c.obj
 .bss           0x20000870        0x0 CMakeFiles/STM32_PROJECT.elf.dir/C_/Embedded/STM32F10x_StdPeriph_Lib_V3.5.0/Libraries/STM32F10x_StdPeriph_Driver/src/stm32f10x_usart.c.obj
 .bss           0x20000870        0x0 CMakeFiles/STM32_PROJECT.elf.dir/C_/Embedded/STM32F10x_StdPeriph_Lib_V3.5.0/Libraries/CMSIS/CM3/DeviceSupport/ST/STM32F10x/startup/gcc_ride7/startup_stm32f10x_md.S.obj
 .bss           0x20000870        0x0 CMakeFiles/STM32_PROJECT.elf.dir/stm32f10x_it.c.obj
 .bss           0x20000870        0x0 CMakeFiles/STM32_PROJECT.elf.dir/C_/Embedded/STM32F10x_StdPeriph_Lib_V3.5.0/Libraries/CMSIS/CM3/DeviceSupport/ST/STM32F10x/system_stm32f10x.c.obj
 .bss           0x20000870        0x0 CMakeFiles/STM32_PROJECT.elf.dir/C_/Embedded/STM32F10x_StdPeriph_Lib_V3.5.0/Libraries/CMSIS/CM3/CoreSupport/core_cm3.c.obj
 .bss           0x20000870        0x0 c:/gnutoolsarmembedded/arm/bin/../lib/gcc/arm-none-eabi/6.3.1/../../../../arm-none-eabi/lib/thumb/v7-m\libc.a(lib_a-reent.o)
 .bss           0x20000870        0x0 c:/gnutoolsarmembedded/arm/bin/../lib/gcc/arm-none-eabi/6.3.1/../../../../arm-none-eabi/lib/thumb/v7-m\libc.a(lib_a-freer.o)
 .bss           0x20000870        0x0 c:/gnutoolsarmembedded/arm/bin/../lib/gcc/arm-none-eabi/6.3.1/../../../../arm-none-eabi/lib/thumb/v7-m\libc.a(lib_a-impure.o)
 .bss           0x20000870        0x0 c:/gnutoolsarmembedded/arm/bin/../lib/gcc/arm-none-eabi/6.3.1/../../../../arm-none-eabi/lib/thumb/v7-m\libc.a(lib_a-mallocr.o)
 .bss           0x20000870        0x0 c:/gnutoolsarmembedded/arm/bin/../lib/gcc/arm-none-eabi/6.3.1/../../../../arm-none-eabi/lib/thumb/v7-m\libc.a(lib_a-mlock.o)
 .bss           0x20000870        0x0 c:/gnutoolsarmembedded/arm/bin/../lib/gcc/arm-none-eabi/6.3.1/../../../../arm-none-eabi/lib/thumb/v7-m\libc.a(lib_a-sbrkr.o)
 .bss           0x20000870        0x0 c:/gnutoolsarmembedded/arm/bin/../lib/gcc/arm-none-eabi/6.3.1/../../../../arm-none-eabi/lib/thumb/v7-m\libc.a(lib_a-lock.o)
 *(.bss*)
 .bss.__malloc_current_mallinfo
                0x20000870       0x28 c:/gnutoolsarmembedded/arm/bin/../lib/gcc/arm-none-eabi/6.3.1/../../../../arm-none-eabi/lib/thumb/v7-m\libc.a(lib_a-mallocr.o)
                0x20000870                __malloc_current_mallinfo
 .bss.__malloc_max_sbrked_mem
                0x20000898        0x4 c:/gnutoolsarmembedded/arm/bin/../lib/gcc/arm-none-eabi/6.3.1/../../../../arm-none-eabi/lib/thumb/v7-m\libc.a(lib_a-mallocr.o)
                0x20000898                __malloc_max_sbrked_mem
 .bss.__malloc_max_total_mem
                0x2000089c        0x4 c:/gnutoolsarmembedded/arm/bin/../lib/gcc/arm-none-eabi/6.3.1/../../../../arm-none-eabi/lib/thumb/v7-m\libc.a(lib_a-mallocr.o)
                0x2000089c                __malloc_max_total_mem
 .bss.__malloc_top_pad
                0x200008a0        0x4 c:/gnutoolsarmembedded/arm/bin/../lib/gcc/arm-none-eabi/6.3.1/../../../../arm-none-eabi/lib/thumb/v7-m\libc.a(lib_a-mallocr.o)
                0x200008a0                __malloc_top_pad
 *(COMMON)
 COMMON         0x200008a4        0x4 c:/gnutoolsarmembedded/arm/bin/../lib/gcc/arm-none-eabi/6.3.1/../../../../arm-none-eabi/lib/thumb/v7-m\libc.a(lib_a-reent.o)
                0x200008a4                errno
 COMMON         0x200008a8       0x21 c:/gnutoolsarmembedded/arm/bin/../lib/gcc/arm-none-eabi/6.3.1/../../../../arm-none-eabi/lib/thumb/v7-m\libc.a(lib_a-lock.o)
                0x200008a8                __lock___atexit_recursive_mutex
                0x200008ac                __lock___arc4random_mutex
                0x200008b0                __lock___env_recursive_mutex
                0x200008b4                __lock___sinit_recursive_mutex
                0x200008b8                __lock___malloc_recursive_mutex
                0x200008bc                __lock___at_quick_exit_mutex
                0x200008c0                __lock___dd_hash_mutex
                0x200008c4                __lock___tz_mutex
                0x200008c8                __lock___sfp_recursive_mutex
                0x200008cc                . = ALIGN (0x4)
 *fill*         0x200008c9        0x3 
                0x200008cc                _ebss = .
                0x200008cc                __bss_end__ = _ebss
                [!provide]                PROVIDE (end, _ebss)
                [!provide]                PROVIDE (_end, _ebss)

._user_heap_stack
                0x200008cc      0x200 load address 0x0800358c
                0x200008cc                . = ALIGN (0x4)
                0x200008cc                . = (. + _Min_Heap_Size)
                0x20000acc                . = (. + _Min_Stack_Size)
 *fill*         0x200008cc      0x200 
                0x20000acc                . = ALIGN (0x4)

.memory_b1_text
 *(.mb1text)
 *(.mb1text*)
 *(.mb1rodata)
 *(.mb1rodata*)

/DISCARD/
 libc.a(*)
 libm.a(*)
 libgcc.a(*)
OUTPUT(STM32_PROJECT.elf elf32-littlearm)

.comment        0x00000000       0x7f
 .comment       0x00000000       0x7f CMakeFiles/STM32_PROJECT.elf.dir/main.c.obj
                                 0x80 (size before relaxing)
 .comment       0x0000007f       0x80 CMakeFiles/STM32_PROJECT.elf.dir/newlib_stubs.c.obj
 .comment       0x0000007f       0x80 CMakeFiles/STM32_PROJECT.elf.dir/C_/Embedded/STM32F10x_StdPeriph_Lib_V3.5.0/Libraries/STM32F10x_StdPeriph_Driver/src/stm32f10x_gpio.c.obj
 .comment       0x0000007f       0x80 CMakeFiles/STM32_PROJECT.elf.dir/C_/Embedded/STM32F10x_StdPeriph_Lib_V3.5.0/Libraries/STM32F10x_StdPeriph_Driver/src/stm32f10x_rcc.c.obj
 .comment       0x0000007f       0x80 CMakeFiles/STM32_PROJECT.elf.dir/C_/Embedded/STM32F10x_StdPeriph_Lib_V3.5.0/Libraries/STM32F10x_StdPeriph_Driver/src/stm32f10x_usart.c.obj
 .comment       0x0000007f       0x80 CMakeFiles/STM32_PROJECT.elf.dir/stm32f10x_it.c.obj
 .comment       0x0000007f       0x80 CMakeFiles/STM32_PROJECT.elf.dir/C_/Embedded/STM32F10x_StdPeriph_Lib_V3.5.0/Libraries/CMSIS/CM3/DeviceSupport/ST/STM32F10x/system_stm32f10x.c.obj
 .comment       0x0000007f       0x80 CMakeFiles/STM32_PROJECT.elf.dir/C_/Embedded/STM32F10x_StdPeriph_Lib_V3.5.0/Libraries/CMSIS/CM3/CoreSupport/core_cm3.c.obj

.debug_frame    0x00000000      0x22c
 .debug_frame   0x00000000       0x58 c:/gnutoolsarmembedded/arm/bin/../lib/gcc/arm-none-eabi/6.3.1/../../../../arm-none-eabi/lib/thumb/v7-m\libc.a(lib_a-reent.o)
 .debug_frame   0x00000058       0x74 c:/gnutoolsarmembedded/arm/bin/../lib/gcc/arm-none-eabi/6.3.1/../../../../arm-none-eabi/lib/thumb/v7-m\libc.a(lib_a-freer.o)
 .debug_frame   0x000000cc       0x54 c:/gnutoolsarmembedded/arm/bin/../lib/gcc/arm-none-eabi/6.3.1/../../../../arm-none-eabi/lib/thumb/v7-m\libc.a(lib_a-mallocr.o)
 .debug_frame   0x00000120       0x30 c:/gnutoolsarmembedded/arm/bin/../lib/gcc/arm-none-eabi/6.3.1/../../../../arm-none-eabi/lib/thumb/v7-m\libc.a(lib_a-mlock.o)
 .debug_frame   0x00000150       0x2c c:/gnutoolsarmembedded/arm/bin/../lib/gcc/arm-none-eabi/6.3.1/../../../../arm-none-eabi/lib/thumb/v7-m\libc.a(lib_a-sbrkr.o)
 .debug_frame   0x0000017c       0xb0 c:/gnutoolsarmembedded/arm/bin/../lib/gcc/arm-none-eabi/6.3.1/../../../../arm-none-eabi/lib/thumb/v7-m\libc.a(lib_a-lock.o)
