Archive member included to satisfy reference by file (symbol)

freertos\libfreertos.a(tasks.c.obj)
                              CMakeFiles/STM32_PROJECT.elf.dir/main.c.obj (xTaskCreate)
freertos\libfreertos.a(port.c.obj)
                              freertos\libfreertos.a(tasks.c.obj) (pxPortInitialiseStack)
freertos\libfreertos.a(heap_2.c.obj)
                              freertos\libfreertos.a(tasks.c.obj) (pvPortMalloc)
freertos\libfreertos.a(list.c.obj)
                              freertos\libfreertos.a(tasks.c.obj) (vListInitialise)
c:/gnutoolsarmembedded/arm/bin/../lib/gcc/arm-none-eabi/6.3.1/../../../../arm-none-eabi/lib/thumb/v7-m\libc.a(lib_a-reent.o)
                              CMakeFiles/STM32_PROJECT.elf.dir/newlib_stubs.c.obj (errno)
c:/gnutoolsarmembedded/arm/bin/../lib/gcc/arm-none-eabi/6.3.1/../../../../arm-none-eabi/lib/thumb/v7-m\libc.a(lib_a-freer.o)
                              c:/gnutoolsarmembedded/arm/bin/../lib/gcc/arm-none-eabi/6.3.1/../../../../arm-none-eabi/lib/thumb/v7-m\libc.a(lib_a-reent.o) (_free_r)
c:/gnutoolsarmembedded/arm/bin/../lib/gcc/arm-none-eabi/6.3.1/../../../../arm-none-eabi/lib/thumb/v7-m\libc.a(lib_a-impure.o)
                              c:/gnutoolsarmembedded/arm/bin/../lib/gcc/arm-none-eabi/6.3.1/../../../../arm-none-eabi/lib/thumb/v7-m\libc.a(lib_a-reent.o) (_impure_ptr)
c:/gnutoolsarmembedded/arm/bin/../lib/gcc/arm-none-eabi/6.3.1/../../../../arm-none-eabi/lib/thumb/v7-m\libc.a(lib_a-mallocr.o)
                              c:/gnutoolsarmembedded/arm/bin/../lib/gcc/arm-none-eabi/6.3.1/../../../../arm-none-eabi/lib/thumb/v7-m\libc.a(lib_a-freer.o) (__malloc_current_mallinfo)
c:/gnutoolsarmembedded/arm/bin/../lib/gcc/arm-none-eabi/6.3.1/../../../../arm-none-eabi/lib/thumb/v7-m\libc.a(lib_a-mlock.o)
                              c:/gnutoolsarmembedded/arm/bin/../lib/gcc/arm-none-eabi/6.3.1/../../../../arm-none-eabi/lib/thumb/v7-m\libc.a(lib_a-freer.o) (__malloc_lock)
c:/gnutoolsarmembedded/arm/bin/../lib/gcc/arm-none-eabi/6.3.1/../../../../arm-none-eabi/lib/thumb/v7-m\libc.a(lib_a-sbrkr.o)
                              c:/gnutoolsarmembedded/arm/bin/../lib/gcc/arm-none-eabi/6.3.1/../../../../arm-none-eabi/lib/thumb/v7-m\libc.a(lib_a-freer.o) (_sbrk_r)
c:/gnutoolsarmembedded/arm/bin/../lib/gcc/arm-none-eabi/6.3.1/../../../../arm-none-eabi/lib/thumb/v7-m\libc.a(lib_a-lock.o)
                              c:/gnutoolsarmembedded/arm/bin/../lib/gcc/arm-none-eabi/6.3.1/../../../../arm-none-eabi/lib/thumb/v7-m\libc.a(lib_a-mlock.o) (__retarget_lock_acquire_recursive)

Allocating common symbols
Common symbol       size              file

__lock___atexit_recursive_mutex
                    0x1               c:/gnutoolsarmembedded/arm/bin/../lib/gcc/arm-none-eabi/6.3.1/../../../../arm-none-eabi/lib/thumb/v7-m\libc.a(lib_a-lock.o)
__lock___arc4random_mutex
                    0x1               c:/gnutoolsarmembedded/arm/bin/../lib/gcc/arm-none-eabi/6.3.1/../../../../arm-none-eabi/lib/thumb/v7-m\libc.a(lib_a-lock.o)
errno               0x4               c:/gnutoolsarmembedded/arm/bin/../lib/gcc/arm-none-eabi/6.3.1/../../../../arm-none-eabi/lib/thumb/v7-m\libc.a(lib_a-reent.o)
__lock___env_recursive_mutex
                    0x1               c:/gnutoolsarmembedded/arm/bin/../lib/gcc/arm-none-eabi/6.3.1/../../../../arm-none-eabi/lib/thumb/v7-m\libc.a(lib_a-lock.o)
__lock___sinit_recursive_mutex
                    0x1               c:/gnutoolsarmembedded/arm/bin/../lib/gcc/arm-none-eabi/6.3.1/../../../../arm-none-eabi/lib/thumb/v7-m\libc.a(lib_a-lock.o)
__lock___malloc_recursive_mutex
                    0x1               c:/gnutoolsarmembedded/arm/bin/../lib/gcc/arm-none-eabi/6.3.1/../../../../arm-none-eabi/lib/thumb/v7-m\libc.a(lib_a-lock.o)
__lock___at_quick_exit_mutex
                    0x1               c:/gnutoolsarmembedded/arm/bin/../lib/gcc/arm-none-eabi/6.3.1/../../../../arm-none-eabi/lib/thumb/v7-m\libc.a(lib_a-lock.o)
__lock___dd_hash_mutex
                    0x1               c:/gnutoolsarmembedded/arm/bin/../lib/gcc/arm-none-eabi/6.3.1/../../../../arm-none-eabi/lib/thumb/v7-m\libc.a(lib_a-lock.o)
__lock___tz_mutex   0x1               c:/gnutoolsarmembedded/arm/bin/../lib/gcc/arm-none-eabi/6.3.1/../../../../arm-none-eabi/lib/thumb/v7-m\libc.a(lib_a-lock.o)
__lock___sfp_recursive_mutex
                    0x1               c:/gnutoolsarmembedded/arm/bin/../lib/gcc/arm-none-eabi/6.3.1/../../../../arm-none-eabi/lib/thumb/v7-m\libc.a(lib_a-lock.o)

Memory Configuration

Name             Origin             Length             Attributes
FLASH            0x08000000         0x00020000         xr
RAM              0x20000000         0x00005000         xrw
MEMORY_B1        0x60000000         0x00000000         xr
*default*        0x00000000         0xffffffff

Linker script and memory map

LOAD CMakeFiles/STM32_PROJECT.elf.dir/main.c.obj
LOAD CMakeFiles/STM32_PROJECT.elf.dir/newlib_stubs.c.obj
LOAD CMakeFiles/STM32_PROJECT.elf.dir/C_/Embedded/STM32F10x_StdPeriph_Lib_V3.5.0/Libraries/STM32F10x_StdPeriph_Driver/src/stm32f10x_gpio.c.obj
LOAD CMakeFiles/STM32_PROJECT.elf.dir/C_/Embedded/STM32F10x_StdPeriph_Lib_V3.5.0/Libraries/STM32F10x_StdPeriph_Driver/src/stm32f10x_rcc.c.obj
LOAD CMakeFiles/STM32_PROJECT.elf.dir/C_/Embedded/STM32F10x_StdPeriph_Lib_V3.5.0/Libraries/STM32F10x_StdPeriph_Driver/src/stm32f10x_usart.c.obj
LOAD CMakeFiles/STM32_PROJECT.elf.dir/C_/Embedded/STM32F10x_StdPeriph_Lib_V3.5.0/Libraries/CMSIS/CM3/DeviceSupport/ST/STM32F10x/startup/gcc_ride7/startup_stm32f10x_md.S.obj
LOAD CMakeFiles/STM32_PROJECT.elf.dir/stm32f10x_it.c.obj
LOAD CMakeFiles/STM32_PROJECT.elf.dir/C_/Embedded/STM32F10x_StdPeriph_Lib_V3.5.0/Libraries/CMSIS/CM3/DeviceSupport/ST/STM32F10x/system_stm32f10x.c.obj
LOAD CMakeFiles/STM32_PROJECT.elf.dir/C_/Embedded/STM32F10x_StdPeriph_Lib_V3.5.0/Libraries/CMSIS/CM3/CoreSupport/core_cm3.c.obj
LOAD freertos\libfreertos.a
START GROUP
LOAD c:/gnutoolsarmembedded/arm/bin/../lib/gcc/arm-none-eabi/6.3.1/thumb/v7-m\libgcc.a
LOAD c:/gnutoolsarmembedded/arm/bin/../lib/gcc/arm-none-eabi/6.3.1/../../../../arm-none-eabi/lib/thumb/v7-m\libc.a
END GROUP
START GROUP
LOAD c:/gnutoolsarmembedded/arm/bin/../lib/gcc/arm-none-eabi/6.3.1/thumb/v7-m\libgcc.a
LOAD c:/gnutoolsarmembedded/arm/bin/../lib/gcc/arm-none-eabi/6.3.1/../../../../arm-none-eabi/lib/thumb/v7-m\libc.a
LOAD c:/gnutoolsarmembedded/arm/bin/../lib/gcc/arm-none-eabi/6.3.1/../../../../arm-none-eabi/lib/thumb/v7-m\libnosys.a
END GROUP
                0x20005000                _estack = 0x20005000
                0x00000000                _Min_Heap_Size = 0x0
                0x00000200                _Min_Stack_Size = 0x200

.isr_vector     0x08000000      0x10c
                0x08000000                . = ALIGN (0x4)
 *(.isr_vector)
 .isr_vector    0x08000000      0x10c CMakeFiles/STM32_PROJECT.elf.dir/C_/Embedded/STM32F10x_StdPeriph_Lib_V3.5.0/Libraries/CMSIS/CM3/DeviceSupport/ST/STM32F10x/startup/gcc_ride7/startup_stm32f10x_md.S.obj
                0x08000000                g_pfnVectors
                0x0800010c                . = ALIGN (0x4)

.text           0x08000110     0x45b0
                0x08000110                . = ALIGN (0x4)
 *(.text)
 .text          0x08000110      0x250 CMakeFiles/STM32_PROJECT.elf.dir/main.c.obj
                0x08000110                InitGPIO
                0x08000170                InitUSART
                0x080001b8                InitAll
                0x080001c8                Blinks
                0x0800023c                Blink_blue
                0x0800027c                Blink_green
                0x080002c0                Blink_red
                0x08000304                main
 .text          0x08000360      0x318 CMakeFiles/STM32_PROJECT.elf.dir/newlib_stubs.c.obj
                0x08000360                _exit
                0x0800036a                _close
                0x08000380                _execve
                0x080003a4                _fork
                0x080003c0                _fstat
                0x080003de                _getpid
                0x080003ec                _isatty
                0x08000418                _kill
                0x0800043c                _link
                0x08000460                _lseek
                0x08000478                _sbrk
                0x080004e8                _read
                0x0800055c                _stat
                0x0800057a                _times
                0x08000590                _unlink
                0x080005b0                _wait
                0x080005d0                _write
 .text          0x08000678      0x5dc CMakeFiles/STM32_PROJECT.elf.dir/C_/Embedded/STM32F10x_StdPeriph_Lib_V3.5.0/Libraries/STM32F10x_StdPeriph_Driver/src/stm32f10x_gpio.c.obj
                0x08000678                GPIO_DeInit
                0x0800075c                GPIO_AFIODeInit
                0x08000774                GPIO_Init
                0x080008ec                GPIO_StructInit
                0x08000912                GPIO_ReadInputDataBit
                0x08000944                GPIO_ReadInputData
                0x0800095c                GPIO_ReadOutputDataBit
                0x0800098e                GPIO_ReadOutputData
                0x080009a6                GPIO_SetBits
                0x080009c2                GPIO_ResetBits
                0x080009de                GPIO_WriteBit
                0x08000a0c                GPIO_Write
                0x08000a28                GPIO_PinLockConfig
                0x08000a6a                GPIO_EventOutputConfig
                0x08000ab4                GPIO_EventOutputCmd
                0x08000ad4                GPIO_PinRemapConfig
                0x08000bb4                GPIO_EXTILineConfig
                0x08000c38                GPIO_ETH_MediaInterfaceConfig
 .text          0x08000c54      0x7d0 CMakeFiles/STM32_PROJECT.elf.dir/C_/Embedded/STM32F10x_StdPeriph_Lib_V3.5.0/Libraries/STM32F10x_StdPeriph_Driver/src/stm32f10x_rcc.c.obj
                0x08000c54                RCC_DeInit
                0x08000cb0                RCC_HSEConfig
                0x08000d0c                RCC_WaitForHSEStartUp
                0x08000d5c                RCC_AdjustHSICalibrationValue
                0x08000d98                RCC_HSICmd
                0x08000db8                RCC_PLLConfig
                0x08000df4                RCC_PLLCmd
                0x08000e14                RCC_SYSCLKConfig
                0x08000e4c                RCC_GetSYSCLKSource
                0x08000e68                RCC_HCLKConfig
                0x08000ea0                RCC_PCLK1Config
                0x08000ed8                RCC_PCLK2Config
                0x08000f10                RCC_ITConfig
                0x08000f5c                RCC_USBCLKConfig
                0x08000f78                RCC_ADCCLKConfig
                0x08000fb0                RCC_LSEConfig
                0x08000ff0                RCC_LSICmd
                0x08001010                RCC_RTCCLKConfig
                0x08001034                RCC_RTCCLKCmd
                0x08001054                RCC_GetClocksFreq
                0x080011b4                RCC_AHBPeriphClockCmd
                0x080011f0                RCC_APB2PeriphClockCmd
                0x0800122c                RCC_APB1PeriphClockCmd
                0x08001268                RCC_APB2PeriphResetCmd
                0x080012a4                RCC_APB1PeriphResetCmd
                0x080012e0                RCC_BackupResetCmd
                0x08001300                RCC_ClockSecuritySystemCmd
                0x08001320                RCC_MCOConfig
                0x08001340                RCC_GetFlagStatus
                0x080013b4                RCC_ClearFlag
                0x080013d0                RCC_GetITStatus
                0x08001404                RCC_ClearITPendingBit
 .text          0x08001424      0x8dc CMakeFiles/STM32_PROJECT.elf.dir/C_/Embedded/STM32F10x_StdPeriph_Lib_V3.5.0/Libraries/STM32F10x_StdPeriph_Driver/src/stm32f10x_usart.c.obj
                0x08001424                USART_DeInit
                0x080014dc                USART_Init
                0x08001650                USART_StructInit
                0x08001688                USART_ClockInit
                0x080016de                USART_ClockStructInit
                0x08001708                USART_Cmd
                0x08001746                USART_ITConfig
                0x080017d4                USART_DMACmd
                0x0800181a                USART_SetAddress
                0x08001852                USART_WakeUpConfig
                0x08001888                USART_ReceiverWakeUpCmd
                0x080018c6                USART_LINBreakDetectLengthConfig
                0x080018fc                USART_LINCmd
                0x0800193a                USART_SendData
                0x0800195c                USART_ReceiveData
                0x0800197a                USART_SendBreak
                0x0800199c                USART_SetGuardTime
                0x080019d6                USART_SetPrescaler
                0x08001a0e                USART_SmartCardCmd
                0x08001a4c                USART_SmartCardNACKCmd
                0x08001a8a                USART_HalfDuplexCmd
                0x08001ac8                USART_OverSampling8Cmd
                0x08001b0a                USART_OneBitMethodCmd
                0x08001b48                USART_IrDAConfig
                0x08001b7e                USART_IrDACmd
                0x08001bbc                USART_GetFlagStatus
                0x08001bf2                USART_ClearFlag
                0x08001c12                USART_GetITStatus
                0x08001cc6                USART_ClearITPendingBit
 .text          0x08001d00       0x14 CMakeFiles/STM32_PROJECT.elf.dir/C_/Embedded/STM32F10x_StdPeriph_Lib_V3.5.0/Libraries/CMSIS/CM3/DeviceSupport/ST/STM32F10x/startup/gcc_ride7/startup_stm32f10x_md.S.obj
 .text          0x08001d14       0x3c CMakeFiles/STM32_PROJECT.elf.dir/stm32f10x_it.c.obj
                0x08001d14                NMI_Handler
                0x08001d20                HardFault_Handler
                0x08001d26                MemManage_Handler
                0x08001d2c                BusFault_Handler
                0x08001d32                UsageFault_Handler
                0x08001d38                DebugMon_Handler
                0x08001d44                SysTick_Handler
 .text          0x08001d50      0x24c CMakeFiles/STM32_PROJECT.elf.dir/C_/Embedded/STM32F10x_StdPeriph_Lib_V3.5.0/Libraries/CMSIS/CM3/DeviceSupport/ST/STM32F10x/system_stm32f10x.c.obj
                0x08001d50                SystemInit
                0x08001db8                SystemCoreClockUpdate
 .text          0x08001f9c      0x24e CMakeFiles/STM32_PROJECT.elf.dir/C_/Embedded/STM32F10x_StdPeriph_Lib_V3.5.0/Libraries/CMSIS/CM3/CoreSupport/core_cm3.c.obj
                0x08001f9c                __get_PSP
                0x08001faa                __set_PSP
                0x08001fb4                __get_MSP
                0x08001fc2                __set_MSP
                0x08001fcc                __get_BASEPRI
                0x08001fe8                __set_BASEPRI
                0x08002000                __get_PRIMASK
                0x0800201c                __set_PRIMASK
                0x08002034                __get_FAULTMASK
                0x08002050                __set_FAULTMASK
                0x08002068                __get_CONTROL
                0x08002084                __set_CONTROL
                0x0800209c                __REV
                0x080020ba                __REV16
                0x080020da                __REVSH
                0x080020fa                __RBIT
                0x0800211a                __LDREXB
                0x0800213a                __LDREXH
                0x0800215a                __LDREXW
                0x0800217a                __STREXB
                0x080021a0                __STREXH
                0x080021c6                __STREXW
 *fill*         0x080021ea        0x2 
 .text          0x080021ec     0x160c freertos\libfreertos.a(tasks.c.obj)
                0x080021ec                xTaskCreate
                0x08002438                vTaskDelete
                0x080024fc                vTaskDelay
                0x08002544                uxTaskPriorityGet
                0x08002578                uxTaskPriorityGetFromISR
                0x080025cc                vTaskPrioritySet
                0x080026e4                vTaskSuspend
                0x080027f0                vTaskResume
                0x08002890                xTaskResumeFromISR
                0x08002954                vTaskStartScheduler
                0x080029c0                vTaskEndScheduler
                0x080029f0                vTaskSuspendAll
                0x08002a0c                xTaskResumeAll
                0x08002b28                xTaskGetTickCount
                0x08002b44                xTaskGetTickCountFromISR
                0x08002b64                uxTaskGetNumberOfTasks
                0x08002b78                pcTaskGetName
                0x08002ba4                xTaskIncrementTick
                0x08002ce0                vTaskSwitchContext
                0x08002d7c                vTaskPlaceOnEventList
                0x08002da8                vTaskPlaceOnUnorderedEventList
                0x08002de4                xTaskRemoveFromEventList
                0x08002e90                xTaskRemoveFromUnorderedEventList
                0x08002f24                vTaskSetTimeOutState
                0x08002f50                xTaskCheckForTimeOut
                0x08002fd8                vTaskMissedYield
                0x08003020                vTaskSetThreadLocalStoragePointer
                0x08003060                pvTaskGetThreadLocalStoragePointer
                0x08003208                xTaskGetSchedulerState
                0x08003244                uxTaskResetEventItemValue
                0x08003274                ulTaskNotifyTake
                0x08003304                xTaskNotifyWait
                0x080033b8                xTaskGenericNotify
                0x080034c8                xTaskGenericNotifyFromISR
                0x0800361c                vTaskNotifyGiveFromISR
                0x08003704                xTaskNotifyStateClear
 *fill*         0x080037f8        0x8 
 .text          0x08003800      0x230 freertos\libfreertos.a(port.c.obj)
                0x08003800                pxPortInitialiseStack
                0x08003872                SVC_Handler
                0x080038c2                xPortStartScheduler
                0x08003900                vPortEndScheduler
                0x0800390c                vPortEnterCritical
                0x0800393c                vPortExitCritical
                0x0800396c                PendSV_Handler
                0x080039b6                xPortSysTickHandler
                0x080039f8                vPortSetupTimerInterrupt
 .text          0x08003a30      0x200 freertos\libfreertos.a(heap_2.c.obj)
                0x08003a30                pvPortMalloc
                0x08003b4c                vPortFree
                0x08003bc0                xPortGetFreeHeapSize
                0x08003bd4                vPortInitialiseBlocks
 .text          0x08003c30      0x15e freertos\libfreertos.a(list.c.obj)
                0x08003c30                vListInitialise
                0x08003c6e                vListInitialiseItem
                0x08003c86                vListInsertEnd
                0x08003ccc                vListInsert
                0x08003d3c                uxListRemove
 .text          0x08003d8e        0x0 c:/gnutoolsarmembedded/arm/bin/../lib/gcc/arm-none-eabi/6.3.1/../../../../arm-none-eabi/lib/thumb/v7-m\libc.a(lib_a-reent.o)
 .text          0x08003d8e        0x0 c:/gnutoolsarmembedded/arm/bin/../lib/gcc/arm-none-eabi/6.3.1/../../../../arm-none-eabi/lib/thumb/v7-m\libc.a(lib_a-freer.o)
 .text          0x08003d8e        0x0 c:/gnutoolsarmembedded/arm/bin/../lib/gcc/arm-none-eabi/6.3.1/../../../../arm-none-eabi/lib/thumb/v7-m\libc.a(lib_a-impure.o)
 .text          0x08003d8e        0x0 c:/gnutoolsarmembedded/arm/bin/../lib/gcc/arm-none-eabi/6.3.1/../../../../arm-none-eabi/lib/thumb/v7-m\libc.a(lib_a-mallocr.o)
 .text          0x08003d8e        0x0 c:/gnutoolsarmembedded/arm/bin/../lib/gcc/arm-none-eabi/6.3.1/../../../../arm-none-eabi/lib/thumb/v7-m\libc.a(lib_a-mlock.o)
 .text          0x08003d8e        0x0 c:/gnutoolsarmembedded/arm/bin/../lib/gcc/arm-none-eabi/6.3.1/../../../../arm-none-eabi/lib/thumb/v7-m\libc.a(lib_a-sbrkr.o)
 .text          0x08003d8e        0x0 c:/gnutoolsarmembedded/arm/bin/../lib/gcc/arm-none-eabi/6.3.1/../../../../arm-none-eabi/lib/thumb/v7-m\libc.a(lib_a-lock.o)
 *(.text*)
 *fill*         0x08003d8e        0x2 
 .text.Reset_Handler
                0x08003d90       0x44 CMakeFiles/STM32_PROJECT.elf.dir/C_/Embedded/STM32F10x_StdPeriph_Lib_V3.5.0/Libraries/CMSIS/CM3/DeviceSupport/ST/STM32F10x/startup/gcc_ride7/startup_stm32f10x_md.S.obj
                0x08003d90                Reset_Handler
 .text.Default_Handler
                0x08003dd4        0x2 CMakeFiles/STM32_PROJECT.elf.dir/C_/Embedded/STM32F10x_StdPeriph_Lib_V3.5.0/Libraries/CMSIS/CM3/DeviceSupport/ST/STM32F10x/startup/gcc_ride7/startup_stm32f10x_md.S.obj
                0x08003dd4                EXTI2_IRQHandler
                0x08003dd4                TIM1_CC_IRQHandler
                0x08003dd4                PVD_IRQHandler
                0x08003dd4                EXTI3_IRQHandler
                0x08003dd4                EXTI0_IRQHandler
                0x08003dd4                I2C2_EV_IRQHandler
                0x08003dd4                ADC1_2_IRQHandler
                0x08003dd4                SPI1_IRQHandler
                0x08003dd4                TAMPER_IRQHandler
                0x08003dd4                DMA1_Channel4_IRQHandler
                0x08003dd4                USART3_IRQHandler
                0x08003dd4                RTC_IRQHandler
                0x08003dd4                DMA1_Channel7_IRQHandler
                0x08003dd4                CAN1_RX1_IRQHandler
                0x08003dd4                TIM4_IRQHandler
                0x08003dd4                I2C1_EV_IRQHandler
                0x08003dd4                DMA1_Channel6_IRQHandler
                0x08003dd4                TIM3_IRQHandler
                0x08003dd4                RCC_IRQHandler
                0x08003dd4                TIM1_TRG_COM_IRQHandler
                0x08003dd4                DMA1_Channel1_IRQHandler
                0x08003dd4                Default_Handler
                0x08003dd4                EXTI15_10_IRQHandler
                0x08003dd4                EXTI9_5_IRQHandler
                0x08003dd4                SPI2_IRQHandler
                0x08003dd4                DMA1_Channel5_IRQHandler
                0x08003dd4                EXTI4_IRQHandler
                0x08003dd4                USB_LP_CAN1_RX0_IRQHandler
                0x08003dd4                USB_HP_CAN1_TX_IRQHandler
                0x08003dd4                DMA1_Channel3_IRQHandler
                0x08003dd4                TIM1_UP_IRQHandler
                0x08003dd4                WWDG_IRQHandler
                0x08003dd4                TIM2_IRQHandler
                0x08003dd4                TIM1_BRK_IRQHandler
                0x08003dd4                EXTI1_IRQHandler
                0x08003dd4                RTCAlarm_IRQHandler
                0x08003dd4                USART2_IRQHandler
                0x08003dd4                I2C2_ER_IRQHandler
                0x08003dd4                DMA1_Channel2_IRQHandler
                0x08003dd4                CAN1_SCE_IRQHandler
                0x08003dd4                FLASH_IRQHandler
                0x08003dd4                USART1_IRQHandler
                0x08003dd4                I2C1_ER_IRQHandler
                0x08003dd4                USBWakeUp_IRQHandler
 *fill*         0x08003dd6        0x2 
 .text.cleanup_glue
                0x08003dd8       0x1c c:/gnutoolsarmembedded/arm/bin/../lib/gcc/arm-none-eabi/6.3.1/../../../../arm-none-eabi/lib/thumb/v7-m\libc.a(lib_a-reent.o)
                0x08003dd8                cleanup_glue
 .text._reclaim_reent
                0x08003df4       0x88 c:/gnutoolsarmembedded/arm/bin/../lib/gcc/arm-none-eabi/6.3.1/../../../../arm-none-eabi/lib/thumb/v7-m\libc.a(lib_a-reent.o)
                0x08003df4                _reclaim_reent
 .text._malloc_trim_r
                0x08003e7c       0xa0 c:/gnutoolsarmembedded/arm/bin/../lib/gcc/arm-none-eabi/6.3.1/../../../../arm-none-eabi/lib/thumb/v7-m\libc.a(lib_a-freer.o)
                0x08003e7c                _malloc_trim_r
 .text._free_r  0x08003f1c      0x1cc c:/gnutoolsarmembedded/arm/bin/../lib/gcc/arm-none-eabi/6.3.1/../../../../arm-none-eabi/lib/thumb/v7-m\libc.a(lib_a-freer.o)
                0x08003f1c                _free_r
 .text._malloc_r
                0x080040e8      0x544 c:/gnutoolsarmembedded/arm/bin/../lib/gcc/arm-none-eabi/6.3.1/../../../../arm-none-eabi/lib/thumb/v7-m\libc.a(lib_a-mallocr.o)
                0x080040e8                _malloc_r
 .text.__malloc_lock
                0x0800462c        0xc c:/gnutoolsarmembedded/arm/bin/../lib/gcc/arm-none-eabi/6.3.1/../../../../arm-none-eabi/lib/thumb/v7-m\libc.a(lib_a-mlock.o)
                0x0800462c                __malloc_lock
 .text.__malloc_unlock
                0x08004638        0xc c:/gnutoolsarmembedded/arm/bin/../lib/gcc/arm-none-eabi/6.3.1/../../../../arm-none-eabi/lib/thumb/v7-m\libc.a(lib_a-mlock.o)
                0x08004638                __malloc_unlock
 .text._sbrk_r  0x08004644       0x24 c:/gnutoolsarmembedded/arm/bin/../lib/gcc/arm-none-eabi/6.3.1/../../../../arm-none-eabi/lib/thumb/v7-m\libc.a(lib_a-sbrkr.o)
                0x08004644                _sbrk_r
 .text.__retarget_lock_init
                0x08004668        0x4 c:/gnutoolsarmembedded/arm/bin/../lib/gcc/arm-none-eabi/6.3.1/../../../../arm-none-eabi/lib/thumb/v7-m\libc.a(lib_a-lock.o)
                0x08004668                __retarget_lock_init
 .text.__retarget_lock_init_recursive
                0x0800466c        0x4 c:/gnutoolsarmembedded/arm/bin/../lib/gcc/arm-none-eabi/6.3.1/../../../../arm-none-eabi/lib/thumb/v7-m\libc.a(lib_a-lock.o)
                0x0800466c                __retarget_lock_init_recursive
 .text.__retarget_lock_close
                0x08004670        0x4 c:/gnutoolsarmembedded/arm/bin/../lib/gcc/arm-none-eabi/6.3.1/../../../../arm-none-eabi/lib/thumb/v7-m\libc.a(lib_a-lock.o)
                0x08004670                __retarget_lock_close
 .text.__retarget_lock_close_recursive
                0x08004674        0x4 c:/gnutoolsarmembedded/arm/bin/../lib/gcc/arm-none-eabi/6.3.1/../../../../arm-none-eabi/lib/thumb/v7-m\libc.a(lib_a-lock.o)
                0x08004674                __retarget_lock_close_recursive
 .text.__retarget_lock_acquire
                0x08004678        0x4 c:/gnutoolsarmembedded/arm/bin/../lib/gcc/arm-none-eabi/6.3.1/../../../../arm-none-eabi/lib/thumb/v7-m\libc.a(lib_a-lock.o)
                0x08004678                __retarget_lock_acquire
 .text.__retarget_lock_acquire_recursive
                0x0800467c        0x4 c:/gnutoolsarmembedded/arm/bin/../lib/gcc/arm-none-eabi/6.3.1/../../../../arm-none-eabi/lib/thumb/v7-m\libc.a(lib_a-lock.o)
                0x0800467c                __retarget_lock_acquire_recursive
 .text.__retarget_lock_try_acquire
                0x08004680        0x4 c:/gnutoolsarmembedded/arm/bin/../lib/gcc/arm-none-eabi/6.3.1/../../../../arm-none-eabi/lib/thumb/v7-m\libc.a(lib_a-lock.o)
                0x08004680                __retarget_lock_try_acquire
 .text.__retarget_lock_try_acquire_recursive
                0x08004684        0x4 c:/gnutoolsarmembedded/arm/bin/../lib/gcc/arm-none-eabi/6.3.1/../../../../arm-none-eabi/lib/thumb/v7-m\libc.a(lib_a-lock.o)
                0x08004684                __retarget_lock_try_acquire_recursive
 .text.__retarget_lock_release
                0x08004688        0x4 c:/gnutoolsarmembedded/arm/bin/../lib/gcc/arm-none-eabi/6.3.1/../../../../arm-none-eabi/lib/thumb/v7-m\libc.a(lib_a-lock.o)
                0x08004688                __retarget_lock_release
 .text.__retarget_lock_release_recursive
                0x0800468c        0x4 c:/gnutoolsarmembedded/arm/bin/../lib/gcc/arm-none-eabi/6.3.1/../../../../arm-none-eabi/lib/thumb/v7-m\libc.a(lib_a-lock.o)
                0x0800468c                __retarget_lock_release_recursive
 *(.rodata)
 .rodata        0x08004690        0x6 CMakeFiles/STM32_PROJECT.elf.dir/main.c.obj
 *fill*         0x08004696        0x2 
 .rodata        0x08004698       0x1a CMakeFiles/STM32_PROJECT.elf.dir/newlib_stubs.c.obj
 *fill*         0x080046b2        0x2 
 .rodata        0x080046b4        0x5 freertos\libfreertos.a(tasks.c.obj)
 *fill*         0x080046b9        0x1 
 .rodata        0x080046ba        0x2 freertos\libfreertos.a(heap_2.c.obj)
 *(.rodata*)
 .rodata._global_impure_ptr
                0x080046bc        0x4 c:/gnutoolsarmembedded/arm/bin/../lib/gcc/arm-none-eabi/6.3.1/../../../../arm-none-eabi/lib/thumb/v7-m\libc.a(lib_a-impure.o)
                0x080046bc                _global_impure_ptr
 *(.glue_7)
 .glue_7        0x080046c0        0x0 linker stubs
 *(.glue_7t)
 .glue_7t       0x080046c0        0x0 linker stubs
 *(.init)
 *(.fini)
                0x080046c0                . = ALIGN (0x4)
                0x080046c0                _etext = .

.vfp11_veneer   0x080046c0        0x0
 .vfp11_veneer  0x080046c0        0x0 linker stubs

.v4_bx          0x080046c0        0x0
 .v4_bx         0x080046c0        0x0 linker stubs

.iplt           0x080046c0        0x0
 .iplt          0x080046c0        0x0 CMakeFiles/STM32_PROJECT.elf.dir/main.c.obj

.rel.dyn        0x080046c0        0x0
 .rel.iplt      0x080046c0        0x0 CMakeFiles/STM32_PROJECT.elf.dir/main.c.obj

.ARM.extab
 *(.ARM.extab* .gnu.linkonce.armextab.*)

.ARM            0x080046c0        0x0
                0x080046c0                __exidx_start = .
 *(.ARM.exidx*)
                0x080046c0                __exidx_end = .

.ARM.attributes
                0x080046c0       0x31
 *(.ARM.attributes)
 .ARM.attributes
                0x080046c0       0x33 CMakeFiles/STM32_PROJECT.elf.dir/main.c.obj
 .ARM.attributes
                0x080046f3       0x33 CMakeFiles/STM32_PROJECT.elf.dir/newlib_stubs.c.obj
 .ARM.attributes
                0x08004726       0x33 CMakeFiles/STM32_PROJECT.elf.dir/C_/Embedded/STM32F10x_StdPeriph_Lib_V3.5.0/Libraries/STM32F10x_StdPeriph_Driver/src/stm32f10x_gpio.c.obj
 .ARM.attributes
                0x08004759       0x33 CMakeFiles/STM32_PROJECT.elf.dir/C_/Embedded/STM32F10x_StdPeriph_Lib_V3.5.0/Libraries/STM32F10x_StdPeriph_Driver/src/stm32f10x_rcc.c.obj
 .ARM.attributes
                0x0800478c       0x33 CMakeFiles/STM32_PROJECT.elf.dir/C_/Embedded/STM32F10x_StdPeriph_Lib_V3.5.0/Libraries/STM32F10x_StdPeriph_Driver/src/stm32f10x_usart.c.obj
 .ARM.attributes
                0x080047bf       0x21 CMakeFiles/STM32_PROJECT.elf.dir/C_/Embedded/STM32F10x_StdPeriph_Lib_V3.5.0/Libraries/CMSIS/CM3/DeviceSupport/ST/STM32F10x/startup/gcc_ride7/startup_stm32f10x_md.S.obj
 .ARM.attributes
                0x080047e0       0x33 CMakeFiles/STM32_PROJECT.elf.dir/stm32f10x_it.c.obj
 .ARM.attributes
                0x08004813       0x33 CMakeFiles/STM32_PROJECT.elf.dir/C_/Embedded/STM32F10x_StdPeriph_Lib_V3.5.0/Libraries/CMSIS/CM3/DeviceSupport/ST/STM32F10x/system_stm32f10x.c.obj
 .ARM.attributes
                0x08004846       0x33 CMakeFiles/STM32_PROJECT.elf.dir/C_/Embedded/STM32F10x_StdPeriph_Lib_V3.5.0/Libraries/CMSIS/CM3/CoreSupport/core_cm3.c.obj
 .ARM.attributes
                0x08004879       0x33 freertos\libfreertos.a(tasks.c.obj)
 .ARM.attributes
                0x080048ac       0x33 freertos\libfreertos.a(port.c.obj)
 .ARM.attributes
                0x080048df       0x33 freertos\libfreertos.a(heap_2.c.obj)
 .ARM.attributes
                0x08004912       0x33 freertos\libfreertos.a(list.c.obj)
 .ARM.attributes
                0x08004945       0x2d c:/gnutoolsarmembedded/arm/bin/../lib/gcc/arm-none-eabi/6.3.1/../../../../arm-none-eabi/lib/thumb/v7-m\libc.a(lib_a-reent.o)
 .ARM.attributes
                0x08004972       0x2d c:/gnutoolsarmembedded/arm/bin/../lib/gcc/arm-none-eabi/6.3.1/../../../../arm-none-eabi/lib/thumb/v7-m\libc.a(lib_a-freer.o)
 .ARM.attributes
                0x0800499f       0x2d c:/gnutoolsarmembedded/arm/bin/../lib/gcc/arm-none-eabi/6.3.1/../../../../arm-none-eabi/lib/thumb/v7-m\libc.a(lib_a-impure.o)
 .ARM.attributes
                0x080049cc       0x2d c:/gnutoolsarmembedded/arm/bin/../lib/gcc/arm-none-eabi/6.3.1/../../../../arm-none-eabi/lib/thumb/v7-m\libc.a(lib_a-mallocr.o)
 .ARM.attributes
                0x080049f9       0x2d c:/gnutoolsarmembedded/arm/bin/../lib/gcc/arm-none-eabi/6.3.1/../../../../arm-none-eabi/lib/thumb/v7-m\libc.a(lib_a-mlock.o)
 .ARM.attributes
                0x08004a26       0x2d c:/gnutoolsarmembedded/arm/bin/../lib/gcc/arm-none-eabi/6.3.1/../../../../arm-none-eabi/lib/thumb/v7-m\libc.a(lib_a-sbrkr.o)
 .ARM.attributes
                0x08004a53       0x2d c:/gnutoolsarmembedded/arm/bin/../lib/gcc/arm-none-eabi/6.3.1/../../../../arm-none-eabi/lib/thumb/v7-m\libc.a(lib_a-lock.o)

.preinit_array  0x080046c0        0x0
                [!provide]                PROVIDE (__preinit_array_start, .)
 *(.preinit_array*)
                [!provide]                PROVIDE (__preinit_array_end, .)

.init_array     0x080046c0        0x0
                [!provide]                PROVIDE (__init_array_start, .)
 *(SORT(.init_array.*))
 *(.init_array*)
                [!provide]                PROVIDE (__init_array_end, .)

.fini_array     0x080046c0        0x0
                [!provide]                PROVIDE (__fini_array_start, .)
 *(.fini_array*)
 *(SORT(.fini_array.*))
                [!provide]                PROVIDE (__fini_array_end, .)
                0x080046c0                _sidata = .

.data           0x20000000      0x870 load address 0x08004a80
                0x20000000                . = ALIGN (0x4)
                0x20000000                _sdata = .
 *(.data)
 .data          0x20000000        0x0 CMakeFiles/STM32_PROJECT.elf.dir/main.c.obj
 .data          0x20000000        0x4 CMakeFiles/STM32_PROJECT.elf.dir/newlib_stubs.c.obj
                0x20000000                environ
 .data          0x20000004        0x0 CMakeFiles/STM32_PROJECT.elf.dir/C_/Embedded/STM32F10x_StdPeriph_Lib_V3.5.0/Libraries/STM32F10x_StdPeriph_Driver/src/stm32f10x_gpio.c.obj
 .data          0x20000004       0x14 CMakeFiles/STM32_PROJECT.elf.dir/C_/Embedded/STM32F10x_StdPeriph_Lib_V3.5.0/Libraries/STM32F10x_StdPeriph_Driver/src/stm32f10x_rcc.c.obj
 .data          0x20000018        0x0 CMakeFiles/STM32_PROJECT.elf.dir/C_/Embedded/STM32F10x_StdPeriph_Lib_V3.5.0/Libraries/STM32F10x_StdPeriph_Driver/src/stm32f10x_usart.c.obj
 .data          0x20000018        0x0 CMakeFiles/STM32_PROJECT.elf.dir/C_/Embedded/STM32F10x_StdPeriph_Lib_V3.5.0/Libraries/CMSIS/CM3/DeviceSupport/ST/STM32F10x/startup/gcc_ride7/startup_stm32f10x_md.S.obj
 .data          0x20000018        0x0 CMakeFiles/STM32_PROJECT.elf.dir/stm32f10x_it.c.obj
 .data          0x20000018       0x14 CMakeFiles/STM32_PROJECT.elf.dir/C_/Embedded/STM32F10x_StdPeriph_Lib_V3.5.0/Libraries/CMSIS/CM3/DeviceSupport/ST/STM32F10x/system_stm32f10x.c.obj
                0x20000018                SystemCoreClock
                0x2000001c                AHBPrescTable
 .data          0x2000002c        0x0 CMakeFiles/STM32_PROJECT.elf.dir/C_/Embedded/STM32F10x_StdPeriph_Lib_V3.5.0/Libraries/CMSIS/CM3/CoreSupport/core_cm3.c.obj
 .data          0x2000002c        0x0 freertos\libfreertos.a(tasks.c.obj)
 .data          0x2000002c        0x4 freertos\libfreertos.a(port.c.obj)
 .data          0x20000030        0x4 freertos\libfreertos.a(heap_2.c.obj)
 .data          0x20000034        0x0 freertos\libfreertos.a(list.c.obj)
 .data          0x20000034        0x0 c:/gnutoolsarmembedded/arm/bin/../lib/gcc/arm-none-eabi/6.3.1/../../../../arm-none-eabi/lib/thumb/v7-m\libc.a(lib_a-reent.o)
 .data          0x20000034        0x0 c:/gnutoolsarmembedded/arm/bin/../lib/gcc/arm-none-eabi/6.3.1/../../../../arm-none-eabi/lib/thumb/v7-m\libc.a(lib_a-freer.o)
 .data          0x20000034        0x0 c:/gnutoolsarmembedded/arm/bin/../lib/gcc/arm-none-eabi/6.3.1/../../../../arm-none-eabi/lib/thumb/v7-m\libc.a(lib_a-impure.o)
 .data          0x20000034        0x0 c:/gnutoolsarmembedded/arm/bin/../lib/gcc/arm-none-eabi/6.3.1/../../../../arm-none-eabi/lib/thumb/v7-m\libc.a(lib_a-mallocr.o)
 .data          0x20000034        0x0 c:/gnutoolsarmembedded/arm/bin/../lib/gcc/arm-none-eabi/6.3.1/../../../../arm-none-eabi/lib/thumb/v7-m\libc.a(lib_a-mlock.o)
 .data          0x20000034        0x0 c:/gnutoolsarmembedded/arm/bin/../lib/gcc/arm-none-eabi/6.3.1/../../../../arm-none-eabi/lib/thumb/v7-m\libc.a(lib_a-sbrkr.o)
 .data          0x20000034        0x0 c:/gnutoolsarmembedded/arm/bin/../lib/gcc/arm-none-eabi/6.3.1/../../../../arm-none-eabi/lib/thumb/v7-m\libc.a(lib_a-lock.o)
 *(.data*)
 .data._impure_ptr
                0x20000034        0x4 c:/gnutoolsarmembedded/arm/bin/../lib/gcc/arm-none-eabi/6.3.1/../../../../arm-none-eabi/lib/thumb/v7-m\libc.a(lib_a-impure.o)
                0x20000034                _impure_ptr
 .data.impure_data
                0x20000038      0x428 c:/gnutoolsarmembedded/arm/bin/../lib/gcc/arm-none-eabi/6.3.1/../../../../arm-none-eabi/lib/thumb/v7-m\libc.a(lib_a-impure.o)
 .data.__malloc_av_
                0x20000460      0x408 c:/gnutoolsarmembedded/arm/bin/../lib/gcc/arm-none-eabi/6.3.1/../../../../arm-none-eabi/lib/thumb/v7-m\libc.a(lib_a-mallocr.o)
                0x20000460                __malloc_av_
 .data.__malloc_sbrk_base
                0x20000868        0x4 c:/gnutoolsarmembedded/arm/bin/../lib/gcc/arm-none-eabi/6.3.1/../../../../arm-none-eabi/lib/thumb/v7-m\libc.a(lib_a-mallocr.o)
                0x20000868                __malloc_sbrk_base
 .data.__malloc_trim_threshold
                0x2000086c        0x4 c:/gnutoolsarmembedded/arm/bin/../lib/gcc/arm-none-eabi/6.3.1/../../../../arm-none-eabi/lib/thumb/v7-m\libc.a(lib_a-mallocr.o)
                0x2000086c                __malloc_trim_threshold
                0x20000870                . = ALIGN (0x4)
                0x20000870                _edata = .

.igot.plt       0x20000870        0x0 load address 0x080052f0
 .igot.plt      0x20000870        0x0 CMakeFiles/STM32_PROJECT.elf.dir/main.c.obj
                0x20000870                . = ALIGN (0x4)

.bss            0x20000870     0x3084 load address 0x080052f0
                0x20000870                _sbss = .
                0x20000870                __bss_start__ = _sbss
 *(.bss)
 .bss           0x20000870        0x0 CMakeFiles/STM32_PROJECT.elf.dir/main.c.obj
 .bss           0x20000870        0x8 CMakeFiles/STM32_PROJECT.elf.dir/newlib_stubs.c.obj
                0x20000870                __env
 .bss           0x20000878        0x0 CMakeFiles/STM32_PROJECT.elf.dir/C_/Embedded/STM32F10x_StdPeriph_Lib_V3.5.0/Libraries/STM32F10x_StdPeriph_Driver/src/stm32f10x_gpio.c.obj
 .bss           0x20000878        0x0 CMakeFiles/STM32_PROJECT.elf.dir/C_/Embedded/STM32F10x_StdPeriph_Lib_V3.5.0/Libraries/STM32F10x_StdPeriph_Driver/src/stm32f10x_rcc.c.obj
 .bss           0x20000878        0x0 CMakeFiles/STM32_PROJECT.elf.dir/C_/Embedded/STM32F10x_StdPeriph_Lib_V3.5.0/Libraries/STM32F10x_StdPeriph_Driver/src/stm32f10x_usart.c.obj
 .bss           0x20000878        0x0 CMakeFiles/STM32_PROJECT.elf.dir/C_/Embedded/STM32F10x_StdPeriph_Lib_V3.5.0/Libraries/CMSIS/CM3/DeviceSupport/ST/STM32F10x/startup/gcc_ride7/startup_stm32f10x_md.S.obj
 .bss           0x20000878        0x0 CMakeFiles/STM32_PROJECT.elf.dir/stm32f10x_it.c.obj
 .bss           0x20000878        0x0 CMakeFiles/STM32_PROJECT.elf.dir/C_/Embedded/STM32F10x_StdPeriph_Lib_V3.5.0/Libraries/CMSIS/CM3/DeviceSupport/ST/STM32F10x/system_stm32f10x.c.obj
 .bss           0x20000878        0x0 CMakeFiles/STM32_PROJECT.elf.dir/C_/Embedded/STM32F10x_StdPeriph_Lib_V3.5.0/Libraries/CMSIS/CM3/CoreSupport/core_cm3.c.obj
 .bss           0x20000878      0x12c freertos\libfreertos.a(tasks.c.obj)
                0x20000878                pxCurrentTCB
 .bss           0x200009a4        0x0 freertos\libfreertos.a(port.c.obj)
 .bss           0x200009a4     0x2ef4 freertos\libfreertos.a(heap_2.c.obj)
 .bss           0x20003898        0x0 freertos\libfreertos.a(list.c.obj)
 .bss           0x20003898        0x0 c:/gnutoolsarmembedded/arm/bin/../lib/gcc/arm-none-eabi/6.3.1/../../../../arm-none-eabi/lib/thumb/v7-m\libc.a(lib_a-reent.o)
 .bss           0x20003898        0x0 c:/gnutoolsarmembedded/arm/bin/../lib/gcc/arm-none-eabi/6.3.1/../../../../arm-none-eabi/lib/thumb/v7-m\libc.a(lib_a-freer.o)
 .bss           0x20003898        0x0 c:/gnutoolsarmembedded/arm/bin/../lib/gcc/arm-none-eabi/6.3.1/../../../../arm-none-eabi/lib/thumb/v7-m\libc.a(lib_a-impure.o)
 .bss           0x20003898        0x0 c:/gnutoolsarmembedded/arm/bin/../lib/gcc/arm-none-eabi/6.3.1/../../../../arm-none-eabi/lib/thumb/v7-m\libc.a(lib_a-mallocr.o)
 .bss           0x20003898        0x0 c:/gnutoolsarmembedded/arm/bin/../lib/gcc/arm-none-eabi/6.3.1/../../../../arm-none-eabi/lib/thumb/v7-m\libc.a(lib_a-mlock.o)
 .bss           0x20003898        0x0 c:/gnutoolsarmembedded/arm/bin/../lib/gcc/arm-none-eabi/6.3.1/../../../../arm-none-eabi/lib/thumb/v7-m\libc.a(lib_a-sbrkr.o)
 .bss           0x20003898        0x0 c:/gnutoolsarmembedded/arm/bin/../lib/gcc/arm-none-eabi/6.3.1/../../../../arm-none-eabi/lib/thumb/v7-m\libc.a(lib_a-lock.o)
 *(.bss*)
 .bss.__malloc_current_mallinfo
                0x20003898       0x28 c:/gnutoolsarmembedded/arm/bin/../lib/gcc/arm-none-eabi/6.3.1/../../../../arm-none-eabi/lib/thumb/v7-m\libc.a(lib_a-mallocr.o)
                0x20003898                __malloc_current_mallinfo
 .bss.__malloc_max_sbrked_mem
                0x200038c0        0x4 c:/gnutoolsarmembedded/arm/bin/../lib/gcc/arm-none-eabi/6.3.1/../../../../arm-none-eabi/lib/thumb/v7-m\libc.a(lib_a-mallocr.o)
                0x200038c0                __malloc_max_sbrked_mem
 .bss.__malloc_max_total_mem
                0x200038c4        0x4 c:/gnutoolsarmembedded/arm/bin/../lib/gcc/arm-none-eabi/6.3.1/../../../../arm-none-eabi/lib/thumb/v7-m\libc.a(lib_a-mallocr.o)
                0x200038c4                __malloc_max_total_mem
 .bss.__malloc_top_pad
                0x200038c8        0x4 c:/gnutoolsarmembedded/arm/bin/../lib/gcc/arm-none-eabi/6.3.1/../../../../arm-none-eabi/lib/thumb/v7-m\libc.a(lib_a-mallocr.o)
                0x200038c8                __malloc_top_pad
 *(COMMON)
 COMMON         0x200038cc        0x4 c:/gnutoolsarmembedded/arm/bin/../lib/gcc/arm-none-eabi/6.3.1/../../../../arm-none-eabi/lib/thumb/v7-m\libc.a(lib_a-reent.o)
                0x200038cc                errno
 COMMON         0x200038d0       0x21 c:/gnutoolsarmembedded/arm/bin/../lib/gcc/arm-none-eabi/6.3.1/../../../../arm-none-eabi/lib/thumb/v7-m\libc.a(lib_a-lock.o)
                0x200038d0                __lock___atexit_recursive_mutex
                0x200038d4                __lock___arc4random_mutex
                0x200038d8                __lock___env_recursive_mutex
                0x200038dc                __lock___sinit_recursive_mutex
                0x200038e0                __lock___malloc_recursive_mutex
                0x200038e4                __lock___at_quick_exit_mutex
                0x200038e8                __lock___dd_hash_mutex
                0x200038ec                __lock___tz_mutex
                0x200038f0                __lock___sfp_recursive_mutex
                0x200038f4                . = ALIGN (0x4)
 *fill*         0x200038f1        0x3 
                0x200038f4                _ebss = .
                0x200038f4                __bss_end__ = _ebss
                [!provide]                PROVIDE (end, _ebss)
                [!provide]                PROVIDE (_end, _ebss)

._user_heap_stack
                0x200038f4      0x200 load address 0x08008374
                0x200038f4                . = ALIGN (0x4)
                0x200038f4                . = (. + _Min_Heap_Size)
                0x20003af4                . = (. + _Min_Stack_Size)
 *fill*         0x200038f4      0x200 
                0x20003af4                . = ALIGN (0x4)

.memory_b1_text
 *(.mb1text)
 *(.mb1text*)
 *(.mb1rodata)
 *(.mb1rodata*)

/DISCARD/
 libc.a(*)
 libm.a(*)
 libgcc.a(*)
OUTPUT(STM32_PROJECT.elf elf32-littlearm)

.comment        0x00000000       0x7f
 .comment       0x00000000       0x7f CMakeFiles/STM32_PROJECT.elf.dir/main.c.obj
                                 0x80 (size before relaxing)
 .comment       0x0000007f       0x80 CMakeFiles/STM32_PROJECT.elf.dir/newlib_stubs.c.obj
 .comment       0x0000007f       0x80 CMakeFiles/STM32_PROJECT.elf.dir/C_/Embedded/STM32F10x_StdPeriph_Lib_V3.5.0/Libraries/STM32F10x_StdPeriph_Driver/src/stm32f10x_gpio.c.obj
 .comment       0x0000007f       0x80 CMakeFiles/STM32_PROJECT.elf.dir/C_/Embedded/STM32F10x_StdPeriph_Lib_V3.5.0/Libraries/STM32F10x_StdPeriph_Driver/src/stm32f10x_rcc.c.obj
 .comment       0x0000007f       0x80 CMakeFiles/STM32_PROJECT.elf.dir/C_/Embedded/STM32F10x_StdPeriph_Lib_V3.5.0/Libraries/STM32F10x_StdPeriph_Driver/src/stm32f10x_usart.c.obj
 .comment       0x0000007f       0x80 CMakeFiles/STM32_PROJECT.elf.dir/stm32f10x_it.c.obj
 .comment       0x0000007f       0x80 CMakeFiles/STM32_PROJECT.elf.dir/C_/Embedded/STM32F10x_StdPeriph_Lib_V3.5.0/Libraries/CMSIS/CM3/DeviceSupport/ST/STM32F10x/system_stm32f10x.c.obj
 .comment       0x0000007f       0x80 CMakeFiles/STM32_PROJECT.elf.dir/C_/Embedded/STM32F10x_StdPeriph_Lib_V3.5.0/Libraries/CMSIS/CM3/CoreSupport/core_cm3.c.obj
 .comment       0x0000007f       0x80 freertos\libfreertos.a(tasks.c.obj)
 .comment       0x0000007f       0x80 freertos\libfreertos.a(port.c.obj)
 .comment       0x0000007f       0x80 freertos\libfreertos.a(heap_2.c.obj)
 .comment       0x0000007f       0x80 freertos\libfreertos.a(list.c.obj)

.debug_frame    0x00000000      0x22c
 .debug_frame   0x00000000       0x58 c:/gnutoolsarmembedded/arm/bin/../lib/gcc/arm-none-eabi/6.3.1/../../../../arm-none-eabi/lib/thumb/v7-m\libc.a(lib_a-reent.o)
 .debug_frame   0x00000058       0x74 c:/gnutoolsarmembedded/arm/bin/../lib/gcc/arm-none-eabi/6.3.1/../../../../arm-none-eabi/lib/thumb/v7-m\libc.a(lib_a-freer.o)
 .debug_frame   0x000000cc       0x54 c:/gnutoolsarmembedded/arm/bin/../lib/gcc/arm-none-eabi/6.3.1/../../../../arm-none-eabi/lib/thumb/v7-m\libc.a(lib_a-mallocr.o)
 .debug_frame   0x00000120       0x30 c:/gnutoolsarmembedded/arm/bin/../lib/gcc/arm-none-eabi/6.3.1/../../../../arm-none-eabi/lib/thumb/v7-m\libc.a(lib_a-mlock.o)
 .debug_frame   0x00000150       0x2c c:/gnutoolsarmembedded/arm/bin/../lib/gcc/arm-none-eabi/6.3.1/../../../../arm-none-eabi/lib/thumb/v7-m\libc.a(lib_a-sbrkr.o)
 .debug_frame   0x0000017c       0xb0 c:/gnutoolsarmembedded/arm/bin/../lib/gcc/arm-none-eabi/6.3.1/../../../../arm-none-eabi/lib/thumb/v7-m\libc.a(lib_a-lock.o)
