Archive member included to satisfy reference by file (symbol)

xprintf\libxprintf.a(xprintf.c.obj)
                              CMakeFiles/STM32_PROJECT.elf.dir/main.c.obj (xprintf)
freertos\libfreertos.a(tasks.c.obj)
                              CMakeFiles/STM32_PROJECT.elf.dir/main.c.obj (xTaskCreate)
freertos\libfreertos.a(port.c.obj)
                              freertos\libfreertos.a(tasks.c.obj) (pxPortInitialiseStack)
freertos\libfreertos.a(heap_2.c.obj)
                              freertos\libfreertos.a(tasks.c.obj) (pvPortMalloc)
freertos\libfreertos.a(list.c.obj)
                              freertos\libfreertos.a(tasks.c.obj) (vListInitialise)
c:/gnutoolsarmembedded/arm/bin/../lib/gcc/arm-none-eabi/6.3.1/../../../../arm-none-eabi/lib/thumb/v7-m\libg.a(lib_a-reent.o)
                              CMakeFiles/STM32_PROJECT.elf.dir/newlib_stubs.c.obj (errno)
c:/gnutoolsarmembedded/arm/bin/../lib/gcc/arm-none-eabi/6.3.1/../../../../arm-none-eabi/lib/thumb/v7-m\libg.a(lib_a-freer.o)
                              c:/gnutoolsarmembedded/arm/bin/../lib/gcc/arm-none-eabi/6.3.1/../../../../arm-none-eabi/lib/thumb/v7-m\libg.a(lib_a-reent.o) (_free_r)
c:/gnutoolsarmembedded/arm/bin/../lib/gcc/arm-none-eabi/6.3.1/../../../../arm-none-eabi/lib/thumb/v7-m\libg.a(lib_a-impure.o)
                              c:/gnutoolsarmembedded/arm/bin/../lib/gcc/arm-none-eabi/6.3.1/../../../../arm-none-eabi/lib/thumb/v7-m\libg.a(lib_a-reent.o) (_impure_ptr)
c:/gnutoolsarmembedded/arm/bin/../lib/gcc/arm-none-eabi/6.3.1/../../../../arm-none-eabi/lib/thumb/v7-m\libg.a(lib_a-mallocr.o)
                              c:/gnutoolsarmembedded/arm/bin/../lib/gcc/arm-none-eabi/6.3.1/../../../../arm-none-eabi/lib/thumb/v7-m\libg.a(lib_a-freer.o) (__malloc_current_mallinfo)
c:/gnutoolsarmembedded/arm/bin/../lib/gcc/arm-none-eabi/6.3.1/../../../../arm-none-eabi/lib/thumb/v7-m\libg.a(lib_a-mlock.o)
                              c:/gnutoolsarmembedded/arm/bin/../lib/gcc/arm-none-eabi/6.3.1/../../../../arm-none-eabi/lib/thumb/v7-m\libg.a(lib_a-freer.o) (__malloc_lock)
c:/gnutoolsarmembedded/arm/bin/../lib/gcc/arm-none-eabi/6.3.1/../../../../arm-none-eabi/lib/thumb/v7-m\libg.a(lib_a-sbrkr.o)
                              c:/gnutoolsarmembedded/arm/bin/../lib/gcc/arm-none-eabi/6.3.1/../../../../arm-none-eabi/lib/thumb/v7-m\libg.a(lib_a-freer.o) (_sbrk_r)
c:/gnutoolsarmembedded/arm/bin/../lib/gcc/arm-none-eabi/6.3.1/../../../../arm-none-eabi/lib/thumb/v7-m\libg.a(lib_a-lock.o)
                              c:/gnutoolsarmembedded/arm/bin/../lib/gcc/arm-none-eabi/6.3.1/../../../../arm-none-eabi/lib/thumb/v7-m\libg.a(lib_a-mlock.o) (__retarget_lock_acquire_recursive)

Allocating common symbols
Common symbol       size              file

__lock___atexit_recursive_mutex
                    0x1               c:/gnutoolsarmembedded/arm/bin/../lib/gcc/arm-none-eabi/6.3.1/../../../../arm-none-eabi/lib/thumb/v7-m\libg.a(lib_a-lock.o)
__lock___arc4random_mutex
                    0x1               c:/gnutoolsarmembedded/arm/bin/../lib/gcc/arm-none-eabi/6.3.1/../../../../arm-none-eabi/lib/thumb/v7-m\libg.a(lib_a-lock.o)
xfunc_in            0x4               xprintf\libxprintf.a(xprintf.c.obj)
errno               0x4               c:/gnutoolsarmembedded/arm/bin/../lib/gcc/arm-none-eabi/6.3.1/../../../../arm-none-eabi/lib/thumb/v7-m\libg.a(lib_a-reent.o)
comPortHandle       0x4               CMakeFiles/STM32_PROJECT.elf.dir/main.c.obj
xfunc_out           0x4               xprintf\libxprintf.a(xprintf.c.obj)
__lock___env_recursive_mutex
                    0x1               c:/gnutoolsarmembedded/arm/bin/../lib/gcc/arm-none-eabi/6.3.1/../../../../arm-none-eabi/lib/thumb/v7-m\libg.a(lib_a-lock.o)
__lock___sinit_recursive_mutex
                    0x1               c:/gnutoolsarmembedded/arm/bin/../lib/gcc/arm-none-eabi/6.3.1/../../../../arm-none-eabi/lib/thumb/v7-m\libg.a(lib_a-lock.o)
__lock___malloc_recursive_mutex
                    0x1               c:/gnutoolsarmembedded/arm/bin/../lib/gcc/arm-none-eabi/6.3.1/../../../../arm-none-eabi/lib/thumb/v7-m\libg.a(lib_a-lock.o)
__lock___at_quick_exit_mutex
                    0x1               c:/gnutoolsarmembedded/arm/bin/../lib/gcc/arm-none-eabi/6.3.1/../../../../arm-none-eabi/lib/thumb/v7-m\libg.a(lib_a-lock.o)
__lock___dd_hash_mutex
                    0x1               c:/gnutoolsarmembedded/arm/bin/../lib/gcc/arm-none-eabi/6.3.1/../../../../arm-none-eabi/lib/thumb/v7-m\libg.a(lib_a-lock.o)
__lock___tz_mutex   0x1               c:/gnutoolsarmembedded/arm/bin/../lib/gcc/arm-none-eabi/6.3.1/../../../../arm-none-eabi/lib/thumb/v7-m\libg.a(lib_a-lock.o)
__lock___sfp_recursive_mutex
                    0x1               c:/gnutoolsarmembedded/arm/bin/../lib/gcc/arm-none-eabi/6.3.1/../../../../arm-none-eabi/lib/thumb/v7-m\libg.a(lib_a-lock.o)

Memory Configuration

Name             Origin             Length             Attributes
FLASH            0x08000000         0x00020000         xr
RAM              0x20000000         0x00005000         xrw
MEMORY_B1        0x60000000         0x00000000         xr
*default*        0x00000000         0xffffffff

Linker script and memory map

LOAD CMakeFiles/STM32_PROJECT.elf.dir/main.c.obj
LOAD CMakeFiles/STM32_PROJECT.elf.dir/newlib_stubs.c.obj
LOAD CMakeFiles/STM32_PROJECT.elf.dir/C_/Embedded/STM32F10x_StdPeriph_Lib_V3.5.0/Libraries/STM32F10x_StdPeriph_Driver/src/misc.c.obj
LOAD CMakeFiles/STM32_PROJECT.elf.dir/C_/Embedded/STM32F10x_StdPeriph_Lib_V3.5.0/Libraries/STM32F10x_StdPeriph_Driver/src/stm32f10x_gpio.c.obj
LOAD CMakeFiles/STM32_PROJECT.elf.dir/C_/Embedded/STM32F10x_StdPeriph_Lib_V3.5.0/Libraries/STM32F10x_StdPeriph_Driver/src/stm32f10x_rcc.c.obj
LOAD CMakeFiles/STM32_PROJECT.elf.dir/C_/Embedded/STM32F10x_StdPeriph_Lib_V3.5.0/Libraries/STM32F10x_StdPeriph_Driver/src/stm32f10x_usart.c.obj
LOAD CMakeFiles/STM32_PROJECT.elf.dir/C_/Embedded/STM32F10x_StdPeriph_Lib_V3.5.0/Libraries/CMSIS/CM3/DeviceSupport/ST/STM32F10x/startup/gcc_ride7/startup_stm32f10x_md.S.obj
LOAD CMakeFiles/STM32_PROJECT.elf.dir/stm32f10x_it.c.obj
LOAD CMakeFiles/STM32_PROJECT.elf.dir/C_/Embedded/STM32F10x_StdPeriph_Lib_V3.5.0/Libraries/CMSIS/CM3/DeviceSupport/ST/STM32F10x/system_stm32f10x.c.obj
LOAD CMakeFiles/STM32_PROJECT.elf.dir/C_/Embedded/STM32F10x_StdPeriph_Lib_V3.5.0/Libraries/CMSIS/CM3/CoreSupport/core_cm3.c.obj
LOAD xprintf\libxprintf.a
LOAD serial\libserial.a
LOAD freertos\libfreertos.a
START GROUP
LOAD c:/gnutoolsarmembedded/arm/bin/../lib/gcc/arm-none-eabi/6.3.1/thumb/v7-m\libgcc.a
LOAD c:/gnutoolsarmembedded/arm/bin/../lib/gcc/arm-none-eabi/6.3.1/../../../../arm-none-eabi/lib/thumb/v7-m\libg.a
LOAD c:/gnutoolsarmembedded/arm/bin/../lib/gcc/arm-none-eabi/6.3.1/../../../../arm-none-eabi/lib/thumb/v7-m\libc.a
END GROUP
START GROUP
LOAD c:/gnutoolsarmembedded/arm/bin/../lib/gcc/arm-none-eabi/6.3.1/thumb/v7-m\libgcc.a
LOAD c:/gnutoolsarmembedded/arm/bin/../lib/gcc/arm-none-eabi/6.3.1/../../../../arm-none-eabi/lib/thumb/v7-m\libc.a
LOAD c:/gnutoolsarmembedded/arm/bin/../lib/gcc/arm-none-eabi/6.3.1/../../../../arm-none-eabi/lib/thumb/v7-m\libnosys.a
END GROUP
                0x20005000                _estack = 0x20005000
                0x00000000                _Min_Heap_Size = 0x0
                0x00000200                _Min_Stack_Size = 0x200

.isr_vector     0x08000000      0x10c
                0x08000000                . = ALIGN (0x4)
 *(.isr_vector)
 .isr_vector    0x08000000      0x10c CMakeFiles/STM32_PROJECT.elf.dir/C_/Embedded/STM32F10x_StdPeriph_Lib_V3.5.0/Libraries/CMSIS/CM3/DeviceSupport/ST/STM32F10x/startup/gcc_ride7/startup_stm32f10x_md.S.obj
                0x08000000                g_pfnVectors
                0x0800010c                . = ALIGN (0x4)

.text           0x08000110     0x5430
                0x08000110                . = ALIGN (0x4)
 *(.text)
 .text          0x08000110      0x35c CMakeFiles/STM32_PROJECT.elf.dir/main.c.obj
                0x08000110                USART_SendString
                0x08000150                InitGPIO
                0x080001b0                InitUSART
                0x08000238                InitAll
                0x08000248                Blinks
                0x080002bc                Blink_blue
                0x080002fc                Blink_green
                0x08000340                Blink_red
                0x08000390                main
                0x08000438                vAssertCalled
 .text          0x0800046c      0x318 CMakeFiles/STM32_PROJECT.elf.dir/newlib_stubs.c.obj
                0x0800046c                _exit
                0x08000476                _close
                0x0800048c                _execve
                0x080004b0                _fork
                0x080004cc                _fstat
                0x080004ea                _getpid
                0x080004f8                _isatty
                0x08000524                _kill
                0x08000548                _link
                0x0800056c                _lseek
                0x08000584                _sbrk
                0x080005f4                _read
                0x08000668                _stat
                0x08000686                _times
                0x0800069c                _unlink
                0x080006bc                _wait
                0x080006dc                _write
 .text          0x08000784      0x18c CMakeFiles/STM32_PROJECT.elf.dir/C_/Embedded/STM32F10x_StdPeriph_Lib_V3.5.0/Libraries/STM32F10x_StdPeriph_Driver/src/misc.c.obj
                0x08000784                NVIC_PriorityGroupConfig
                0x080007a8                NVIC_Init
                0x0800086c                NVIC_SetVectorTable
                0x08000898                NVIC_SystemLPConfig
                0x080008d8                SysTick_CLKSourceConfig
 .text          0x08000910      0x5dc CMakeFiles/STM32_PROJECT.elf.dir/C_/Embedded/STM32F10x_StdPeriph_Lib_V3.5.0/Libraries/STM32F10x_StdPeriph_Driver/src/stm32f10x_gpio.c.obj
                0x08000910                GPIO_DeInit
                0x080009f4                GPIO_AFIODeInit
                0x08000a0c                GPIO_Init
                0x08000b84                GPIO_StructInit
                0x08000baa                GPIO_ReadInputDataBit
                0x08000bdc                GPIO_ReadInputData
                0x08000bf4                GPIO_ReadOutputDataBit
                0x08000c26                GPIO_ReadOutputData
                0x08000c3e                GPIO_SetBits
                0x08000c5a                GPIO_ResetBits
                0x08000c76                GPIO_WriteBit
                0x08000ca4                GPIO_Write
                0x08000cc0                GPIO_PinLockConfig
                0x08000d02                GPIO_EventOutputConfig
                0x08000d4c                GPIO_EventOutputCmd
                0x08000d6c                GPIO_PinRemapConfig
                0x08000e4c                GPIO_EXTILineConfig
                0x08000ed0                GPIO_ETH_MediaInterfaceConfig
 .text          0x08000eec      0x7d0 CMakeFiles/STM32_PROJECT.elf.dir/C_/Embedded/STM32F10x_StdPeriph_Lib_V3.5.0/Libraries/STM32F10x_StdPeriph_Driver/src/stm32f10x_rcc.c.obj
                0x08000eec                RCC_DeInit
                0x08000f48                RCC_HSEConfig
                0x08000fa4                RCC_WaitForHSEStartUp
                0x08000ff4                RCC_AdjustHSICalibrationValue
                0x08001030                RCC_HSICmd
                0x08001050                RCC_PLLConfig
                0x0800108c                RCC_PLLCmd
                0x080010ac                RCC_SYSCLKConfig
                0x080010e4                RCC_GetSYSCLKSource
                0x08001100                RCC_HCLKConfig
                0x08001138                RCC_PCLK1Config
                0x08001170                RCC_PCLK2Config
                0x080011a8                RCC_ITConfig
                0x080011f4                RCC_USBCLKConfig
                0x08001210                RCC_ADCCLKConfig
                0x08001248                RCC_LSEConfig
                0x08001288                RCC_LSICmd
                0x080012a8                RCC_RTCCLKConfig
                0x080012cc                RCC_RTCCLKCmd
                0x080012ec                RCC_GetClocksFreq
                0x0800144c                RCC_AHBPeriphClockCmd
                0x08001488                RCC_APB2PeriphClockCmd
                0x080014c4                RCC_APB1PeriphClockCmd
                0x08001500                RCC_APB2PeriphResetCmd
                0x0800153c                RCC_APB1PeriphResetCmd
                0x08001578                RCC_BackupResetCmd
                0x08001598                RCC_ClockSecuritySystemCmd
                0x080015b8                RCC_MCOConfig
                0x080015d8                RCC_GetFlagStatus
                0x0800164c                RCC_ClearFlag
                0x08001668                RCC_GetITStatus
                0x0800169c                RCC_ClearITPendingBit
 .text          0x080016bc      0x8dc CMakeFiles/STM32_PROJECT.elf.dir/C_/Embedded/STM32F10x_StdPeriph_Lib_V3.5.0/Libraries/STM32F10x_StdPeriph_Driver/src/stm32f10x_usart.c.obj
                0x080016bc                USART_DeInit
                0x08001774                USART_Init
                0x080018e8                USART_StructInit
                0x08001920                USART_ClockInit
                0x08001976                USART_ClockStructInit
                0x080019a0                USART_Cmd
                0x080019de                USART_ITConfig
                0x08001a6c                USART_DMACmd
                0x08001ab2                USART_SetAddress
                0x08001aea                USART_WakeUpConfig
                0x08001b20                USART_ReceiverWakeUpCmd
                0x08001b5e                USART_LINBreakDetectLengthConfig
                0x08001b94                USART_LINCmd
                0x08001bd2                USART_SendData
                0x08001bf4                USART_ReceiveData
                0x08001c12                USART_SendBreak
                0x08001c34                USART_SetGuardTime
                0x08001c6e                USART_SetPrescaler
                0x08001ca6                USART_SmartCardCmd
                0x08001ce4                USART_SmartCardNACKCmd
                0x08001d22                USART_HalfDuplexCmd
                0x08001d60                USART_OverSampling8Cmd
                0x08001da2                USART_OneBitMethodCmd
                0x08001de0                USART_IrDAConfig
                0x08001e16                USART_IrDACmd
                0x08001e54                USART_GetFlagStatus
                0x08001e8a                USART_ClearFlag
                0x08001eaa                USART_GetITStatus
                0x08001f5e                USART_ClearITPendingBit
 .text          0x08001f98       0x14 CMakeFiles/STM32_PROJECT.elf.dir/C_/Embedded/STM32F10x_StdPeriph_Lib_V3.5.0/Libraries/CMSIS/CM3/DeviceSupport/ST/STM32F10x/startup/gcc_ride7/startup_stm32f10x_md.S.obj
 .text          0x08001fac       0x3c CMakeFiles/STM32_PROJECT.elf.dir/stm32f10x_it.c.obj
                0x08001fac                NMI_Handler
                0x08001fb8                HardFault_Handler
                0x08001fbe                MemManage_Handler
                0x08001fc4                BusFault_Handler
                0x08001fca                UsageFault_Handler
                0x08001fd0                DebugMon_Handler
                0x08001fdc                SysTick_Handler
 .text          0x08001fe8      0x24c CMakeFiles/STM32_PROJECT.elf.dir/C_/Embedded/STM32F10x_StdPeriph_Lib_V3.5.0/Libraries/CMSIS/CM3/DeviceSupport/ST/STM32F10x/system_stm32f10x.c.obj
                0x08001fe8                SystemInit
                0x08002050                SystemCoreClockUpdate
 .text          0x08002234      0x24e CMakeFiles/STM32_PROJECT.elf.dir/C_/Embedded/STM32F10x_StdPeriph_Lib_V3.5.0/Libraries/CMSIS/CM3/CoreSupport/core_cm3.c.obj
                0x08002234                __get_PSP
                0x08002242                __set_PSP
                0x0800224c                __get_MSP
                0x0800225a                __set_MSP
                0x08002264                __get_BASEPRI
                0x08002280                __set_BASEPRI
                0x08002298                __get_PRIMASK
                0x080022b4                __set_PRIMASK
                0x080022cc                __get_FAULTMASK
                0x080022e8                __set_FAULTMASK
                0x08002300                __get_CONTROL
                0x0800231c                __set_CONTROL
                0x08002334                __REV
                0x08002352                __REV16
                0x08002372                __REVSH
                0x08002392                __RBIT
                0x080023b2                __LDREXB
                0x080023d2                __LDREXH
                0x080023f2                __LDREXW
                0x08002412                __STREXB
                0x08002438                __STREXH
                0x0800245e                __STREXW
 *fill*         0x08002482        0x2 
 .text          0x08002484      0x760 xprintf\libxprintf.a(xprintf.c.obj)
                0x08002484                xputc
                0x080024b8                xputs
                0x080024e0                xfputs
                0x08002818                xprintf
                0x0800283c                xsprintf
                0x0800287c                xfprintf
                0x080028b8                put_dump
                0x080029b4                xgets
                0x08002a5c                xfgets
                0x08002a94                xatoi
 .text          0x08002be4     0x1858 freertos\libfreertos.a(tasks.c.obj)
                0x08002be4                xTaskCreate
                0x08002e48                vTaskDelete
                0x08002f24                vTaskDelay
                0x08002f84                uxTaskPriorityGet
                0x08002fb8                uxTaskPriorityGetFromISR
                0x08003010                vTaskPrioritySet
                0x0800313c                vTaskSuspend
                0x08003278                vTaskResume
                0x0800332c                xTaskResumeFromISR
                0x08003408                vTaskStartScheduler
                0x0800348c                vTaskEndScheduler
                0x080034bc                vTaskSuspendAll
                0x080034d8                xTaskResumeAll
                0x0800360c                xTaskGetTickCount
                0x08003628                xTaskGetTickCountFromISR
                0x0800364c                uxTaskGetNumberOfTasks
                0x08003660                pcTaskGetName
                0x0800369c                xTaskIncrementTick
                0x080037f0                vTaskSwitchContext
                0x080038a0                vTaskPlaceOnEventList
                0x080038e0                vTaskPlaceOnUnorderedEventList
                0x08003944                xTaskRemoveFromEventList
                0x08003a04                xTaskRemoveFromUnorderedEventList
                0x08003ac0                vTaskSetTimeOutState
                0x08003afc                xTaskCheckForTimeOut
                0x08003ba8                vTaskMissedYield
                0x08003bf0                vTaskSetThreadLocalStoragePointer
                0x08003c30                pvTaskGetThreadLocalStoragePointer
                0x08003dd8                xTaskGetSchedulerState
                0x08003e14                uxTaskResetEventItemValue
                0x08003e44                ulTaskNotifyTake
                0x08003ed4                xTaskNotifyWait
                0x08003f88                xTaskGenericNotify
                0x080040bc                xTaskGenericNotifyFromISR
                0x08004238                vTaskNotifyGiveFromISR
                0x08004348                xTaskNotifyStateClear
 *fill*         0x0800443c        0x4 
 .text          0x08004440      0x378 freertos\libfreertos.a(port.c.obj)
                0x08004440                pxPortInitialiseStack
                0x080044cc                SVC_Handler
                0x08004512                xPortStartScheduler
                0x080045d0                vPortEndScheduler
                0x080045f4                vPortEnterCritical
                0x08004648                vPortExitCritical
                0x0800468c                PendSV_Handler
                0x080046d6                xPortSysTickHandler
                0x08004718                vPortSetupTimerInterrupt
                0x0800474c                vPortValidateInterruptPriority
 .text          0x080047b8      0x200 freertos\libfreertos.a(heap_2.c.obj)
                0x080047b8                pvPortMalloc
                0x080048d4                vPortFree
                0x08004948                xPortGetFreeHeapSize
                0x0800495c                vPortInitialiseBlocks
 .text          0x080049b8      0x15e freertos\libfreertos.a(list.c.obj)
                0x080049b8                vListInitialise
                0x080049f6                vListInitialiseItem
                0x08004a0e                vListInsertEnd
                0x08004a54                vListInsert
                0x08004ac4                uxListRemove
 .text          0x08004b16        0x0 c:/gnutoolsarmembedded/arm/bin/../lib/gcc/arm-none-eabi/6.3.1/../../../../arm-none-eabi/lib/thumb/v7-m\libg.a(lib_a-reent.o)
 .text          0x08004b16        0x0 c:/gnutoolsarmembedded/arm/bin/../lib/gcc/arm-none-eabi/6.3.1/../../../../arm-none-eabi/lib/thumb/v7-m\libg.a(lib_a-freer.o)
 .text          0x08004b16        0x0 c:/gnutoolsarmembedded/arm/bin/../lib/gcc/arm-none-eabi/6.3.1/../../../../arm-none-eabi/lib/thumb/v7-m\libg.a(lib_a-impure.o)
 .text          0x08004b16        0x0 c:/gnutoolsarmembedded/arm/bin/../lib/gcc/arm-none-eabi/6.3.1/../../../../arm-none-eabi/lib/thumb/v7-m\libg.a(lib_a-mallocr.o)
 .text          0x08004b16        0x0 c:/gnutoolsarmembedded/arm/bin/../lib/gcc/arm-none-eabi/6.3.1/../../../../arm-none-eabi/lib/thumb/v7-m\libg.a(lib_a-mlock.o)
 .text          0x08004b16        0x0 c:/gnutoolsarmembedded/arm/bin/../lib/gcc/arm-none-eabi/6.3.1/../../../../arm-none-eabi/lib/thumb/v7-m\libg.a(lib_a-sbrkr.o)
 .text          0x08004b16        0x0 c:/gnutoolsarmembedded/arm/bin/../lib/gcc/arm-none-eabi/6.3.1/../../../../arm-none-eabi/lib/thumb/v7-m\libg.a(lib_a-lock.o)
 *(.text*)
 *fill*         0x08004b16        0x2 
 .text.Reset_Handler
                0x08004b18       0x44 CMakeFiles/STM32_PROJECT.elf.dir/C_/Embedded/STM32F10x_StdPeriph_Lib_V3.5.0/Libraries/CMSIS/CM3/DeviceSupport/ST/STM32F10x/startup/gcc_ride7/startup_stm32f10x_md.S.obj
                0x08004b18                Reset_Handler
 .text.Default_Handler
                0x08004b5c        0x2 CMakeFiles/STM32_PROJECT.elf.dir/C_/Embedded/STM32F10x_StdPeriph_Lib_V3.5.0/Libraries/CMSIS/CM3/DeviceSupport/ST/STM32F10x/startup/gcc_ride7/startup_stm32f10x_md.S.obj
                0x08004b5c                EXTI2_IRQHandler
                0x08004b5c                TIM1_CC_IRQHandler
                0x08004b5c                PVD_IRQHandler
                0x08004b5c                EXTI3_IRQHandler
                0x08004b5c                EXTI0_IRQHandler
                0x08004b5c                I2C2_EV_IRQHandler
                0x08004b5c                ADC1_2_IRQHandler
                0x08004b5c                SPI1_IRQHandler
                0x08004b5c                TAMPER_IRQHandler
                0x08004b5c                DMA1_Channel4_IRQHandler
                0x08004b5c                USART3_IRQHandler
                0x08004b5c                RTC_IRQHandler
                0x08004b5c                DMA1_Channel7_IRQHandler
                0x08004b5c                CAN1_RX1_IRQHandler
                0x08004b5c                TIM4_IRQHandler
                0x08004b5c                I2C1_EV_IRQHandler
                0x08004b5c                DMA1_Channel6_IRQHandler
                0x08004b5c                TIM3_IRQHandler
                0x08004b5c                RCC_IRQHandler
                0x08004b5c                TIM1_TRG_COM_IRQHandler
                0x08004b5c                DMA1_Channel1_IRQHandler
                0x08004b5c                Default_Handler
                0x08004b5c                EXTI15_10_IRQHandler
                0x08004b5c                EXTI9_5_IRQHandler
                0x08004b5c                SPI2_IRQHandler
                0x08004b5c                DMA1_Channel5_IRQHandler
                0x08004b5c                EXTI4_IRQHandler
                0x08004b5c                USB_LP_CAN1_RX0_IRQHandler
                0x08004b5c                USB_HP_CAN1_TX_IRQHandler
                0x08004b5c                DMA1_Channel3_IRQHandler
                0x08004b5c                TIM1_UP_IRQHandler
                0x08004b5c                WWDG_IRQHandler
                0x08004b5c                TIM2_IRQHandler
                0x08004b5c                TIM1_BRK_IRQHandler
                0x08004b5c                EXTI1_IRQHandler
                0x08004b5c                RTCAlarm_IRQHandler
                0x08004b5c                USART2_IRQHandler
                0x08004b5c                I2C2_ER_IRQHandler
                0x08004b5c                DMA1_Channel2_IRQHandler
                0x08004b5c                CAN1_SCE_IRQHandler
                0x08004b5c                FLASH_IRQHandler
                0x08004b5c                USART1_IRQHandler
                0x08004b5c                I2C1_ER_IRQHandler
                0x08004b5c                USBWakeUp_IRQHandler
 *fill*         0x08004b5e        0x2 
 .text.cleanup_glue
                0x08004b60       0x1c c:/gnutoolsarmembedded/arm/bin/../lib/gcc/arm-none-eabi/6.3.1/../../../../arm-none-eabi/lib/thumb/v7-m\libg.a(lib_a-reent.o)
                0x08004b60                cleanup_glue
 .text._reclaim_reent
                0x08004b7c       0x88 c:/gnutoolsarmembedded/arm/bin/../lib/gcc/arm-none-eabi/6.3.1/../../../../arm-none-eabi/lib/thumb/v7-m\libg.a(lib_a-reent.o)
                0x08004b7c                _reclaim_reent
 .text._malloc_trim_r
                0x08004c04       0xa0 c:/gnutoolsarmembedded/arm/bin/../lib/gcc/arm-none-eabi/6.3.1/../../../../arm-none-eabi/lib/thumb/v7-m\libg.a(lib_a-freer.o)
                0x08004c04                _malloc_trim_r
 .text._free_r  0x08004ca4      0x1cc c:/gnutoolsarmembedded/arm/bin/../lib/gcc/arm-none-eabi/6.3.1/../../../../arm-none-eabi/lib/thumb/v7-m\libg.a(lib_a-freer.o)
                0x08004ca4                _free_r
 .text._malloc_r
                0x08004e70      0x544 c:/gnutoolsarmembedded/arm/bin/../lib/gcc/arm-none-eabi/6.3.1/../../../../arm-none-eabi/lib/thumb/v7-m\libg.a(lib_a-mallocr.o)
                0x08004e70                _malloc_r
 .text.__malloc_lock
                0x080053b4        0xc c:/gnutoolsarmembedded/arm/bin/../lib/gcc/arm-none-eabi/6.3.1/../../../../arm-none-eabi/lib/thumb/v7-m\libg.a(lib_a-mlock.o)
                0x080053b4                __malloc_lock
 .text.__malloc_unlock
                0x080053c0        0xc c:/gnutoolsarmembedded/arm/bin/../lib/gcc/arm-none-eabi/6.3.1/../../../../arm-none-eabi/lib/thumb/v7-m\libg.a(lib_a-mlock.o)
                0x080053c0                __malloc_unlock
 .text._sbrk_r  0x080053cc       0x24 c:/gnutoolsarmembedded/arm/bin/../lib/gcc/arm-none-eabi/6.3.1/../../../../arm-none-eabi/lib/thumb/v7-m\libg.a(lib_a-sbrkr.o)
                0x080053cc                _sbrk_r
 .text.__retarget_lock_init
                0x080053f0        0x4 c:/gnutoolsarmembedded/arm/bin/../lib/gcc/arm-none-eabi/6.3.1/../../../../arm-none-eabi/lib/thumb/v7-m\libg.a(lib_a-lock.o)
                0x080053f0                __retarget_lock_init
 .text.__retarget_lock_init_recursive
                0x080053f4        0x4 c:/gnutoolsarmembedded/arm/bin/../lib/gcc/arm-none-eabi/6.3.1/../../../../arm-none-eabi/lib/thumb/v7-m\libg.a(lib_a-lock.o)
                0x080053f4                __retarget_lock_init_recursive
 .text.__retarget_lock_close
                0x080053f8        0x4 c:/gnutoolsarmembedded/arm/bin/../lib/gcc/arm-none-eabi/6.3.1/../../../../arm-none-eabi/lib/thumb/v7-m\libg.a(lib_a-lock.o)
                0x080053f8                __retarget_lock_close
 .text.__retarget_lock_close_recursive
                0x080053fc        0x4 c:/gnutoolsarmembedded/arm/bin/../lib/gcc/arm-none-eabi/6.3.1/../../../../arm-none-eabi/lib/thumb/v7-m\libg.a(lib_a-lock.o)
                0x080053fc                __retarget_lock_close_recursive
 .text.__retarget_lock_acquire
                0x08005400        0x4 c:/gnutoolsarmembedded/arm/bin/../lib/gcc/arm-none-eabi/6.3.1/../../../../arm-none-eabi/lib/thumb/v7-m\libg.a(lib_a-lock.o)
                0x08005400                __retarget_lock_acquire
 .text.__retarget_lock_acquire_recursive
                0x08005404        0x4 c:/gnutoolsarmembedded/arm/bin/../lib/gcc/arm-none-eabi/6.3.1/../../../../arm-none-eabi/lib/thumb/v7-m\libg.a(lib_a-lock.o)
                0x08005404                __retarget_lock_acquire_recursive
 .text.__retarget_lock_try_acquire
                0x08005408        0x4 c:/gnutoolsarmembedded/arm/bin/../lib/gcc/arm-none-eabi/6.3.1/../../../../arm-none-eabi/lib/thumb/v7-m\libg.a(lib_a-lock.o)
                0x08005408                __retarget_lock_try_acquire
 .text.__retarget_lock_try_acquire_recursive
                0x0800540c        0x4 c:/gnutoolsarmembedded/arm/bin/../lib/gcc/arm-none-eabi/6.3.1/../../../../arm-none-eabi/lib/thumb/v7-m\libg.a(lib_a-lock.o)
                0x0800540c                __retarget_lock_try_acquire_recursive
 .text.__retarget_lock_release
                0x08005410        0x4 c:/gnutoolsarmembedded/arm/bin/../lib/gcc/arm-none-eabi/6.3.1/../../../../arm-none-eabi/lib/thumb/v7-m\libg.a(lib_a-lock.o)
                0x08005410                __retarget_lock_release
 .text.__retarget_lock_release_recursive
                0x08005414        0x4 c:/gnutoolsarmembedded/arm/bin/../lib/gcc/arm-none-eabi/6.3.1/../../../../arm-none-eabi/lib/thumb/v7-m\libg.a(lib_a-lock.o)
                0x08005414                __retarget_lock_release_recursive
 *(.rodata)
 .rodata        0x08005418       0x5b CMakeFiles/STM32_PROJECT.elf.dir/main.c.obj
 *fill*         0x08005473        0x1 
 .rodata        0x08005474       0x1a CMakeFiles/STM32_PROJECT.elf.dir/newlib_stubs.c.obj
 *fill*         0x0800548e        0x2 
 .rodata        0x08005490       0x1f xprintf\libxprintf.a(xprintf.c.obj)
 *fill*         0x080054af        0x1 
 .rodata        0x080054b0       0x39 freertos\libfreertos.a(tasks.c.obj)
 *fill*         0x080054e9        0x3 
 .rodata        0x080054ec       0x4b freertos\libfreertos.a(port.c.obj)
 *fill*         0x08005537        0x1 
 .rodata        0x08005538        0x2 freertos\libfreertos.a(heap_2.c.obj)
 *(.rodata*)
 *fill*         0x0800553a        0x2 
 .rodata._global_impure_ptr
                0x0800553c        0x4 c:/gnutoolsarmembedded/arm/bin/../lib/gcc/arm-none-eabi/6.3.1/../../../../arm-none-eabi/lib/thumb/v7-m\libg.a(lib_a-impure.o)
                0x0800553c                _global_impure_ptr
 *(.glue_7)
 .glue_7        0x08005540        0x0 linker stubs
 *(.glue_7t)
 .glue_7t       0x08005540        0x0 linker stubs
 *(.init)
 *(.fini)
                0x08005540                . = ALIGN (0x4)
                0x08005540                _etext = .

.vfp11_veneer   0x08005540        0x0
 .vfp11_veneer  0x08005540        0x0 linker stubs

.v4_bx          0x08005540        0x0
 .v4_bx         0x08005540        0x0 linker stubs

.iplt           0x08005540        0x0
 .iplt          0x08005540        0x0 CMakeFiles/STM32_PROJECT.elf.dir/main.c.obj

.rel.dyn        0x08005540        0x0
 .rel.iplt      0x08005540        0x0 CMakeFiles/STM32_PROJECT.elf.dir/main.c.obj

.ARM.extab
 *(.ARM.extab* .gnu.linkonce.armextab.*)

.ARM            0x08005540        0x0
                0x08005540                __exidx_start = .
 *(.ARM.exidx*)
                0x08005540                __exidx_end = .

.ARM.attributes
                0x08005540       0x31
 *(.ARM.attributes)
 .ARM.attributes
                0x08005540       0x33 CMakeFiles/STM32_PROJECT.elf.dir/main.c.obj
 .ARM.attributes
                0x08005573       0x33 CMakeFiles/STM32_PROJECT.elf.dir/newlib_stubs.c.obj
 .ARM.attributes
                0x080055a6       0x33 CMakeFiles/STM32_PROJECT.elf.dir/C_/Embedded/STM32F10x_StdPeriph_Lib_V3.5.0/Libraries/STM32F10x_StdPeriph_Driver/src/misc.c.obj
 .ARM.attributes
                0x080055d9       0x33 CMakeFiles/STM32_PROJECT.elf.dir/C_/Embedded/STM32F10x_StdPeriph_Lib_V3.5.0/Libraries/STM32F10x_StdPeriph_Driver/src/stm32f10x_gpio.c.obj
 .ARM.attributes
                0x0800560c       0x33 CMakeFiles/STM32_PROJECT.elf.dir/C_/Embedded/STM32F10x_StdPeriph_Lib_V3.5.0/Libraries/STM32F10x_StdPeriph_Driver/src/stm32f10x_rcc.c.obj
 .ARM.attributes
                0x0800563f       0x33 CMakeFiles/STM32_PROJECT.elf.dir/C_/Embedded/STM32F10x_StdPeriph_Lib_V3.5.0/Libraries/STM32F10x_StdPeriph_Driver/src/stm32f10x_usart.c.obj
 .ARM.attributes
                0x08005672       0x21 CMakeFiles/STM32_PROJECT.elf.dir/C_/Embedded/STM32F10x_StdPeriph_Lib_V3.5.0/Libraries/CMSIS/CM3/DeviceSupport/ST/STM32F10x/startup/gcc_ride7/startup_stm32f10x_md.S.obj
 .ARM.attributes
                0x08005693       0x33 CMakeFiles/STM32_PROJECT.elf.dir/stm32f10x_it.c.obj
 .ARM.attributes
                0x080056c6       0x33 CMakeFiles/STM32_PROJECT.elf.dir/C_/Embedded/STM32F10x_StdPeriph_Lib_V3.5.0/Libraries/CMSIS/CM3/DeviceSupport/ST/STM32F10x/system_stm32f10x.c.obj
 .ARM.attributes
                0x080056f9       0x33 CMakeFiles/STM32_PROJECT.elf.dir/C_/Embedded/STM32F10x_StdPeriph_Lib_V3.5.0/Libraries/CMSIS/CM3/CoreSupport/core_cm3.c.obj
 .ARM.attributes
                0x0800572c       0x33 xprintf\libxprintf.a(xprintf.c.obj)
 .ARM.attributes
                0x0800575f       0x33 freertos\libfreertos.a(tasks.c.obj)
 .ARM.attributes
                0x08005792       0x33 freertos\libfreertos.a(port.c.obj)
 .ARM.attributes
                0x080057c5       0x33 freertos\libfreertos.a(heap_2.c.obj)
 .ARM.attributes
                0x080057f8       0x33 freertos\libfreertos.a(list.c.obj)
 .ARM.attributes
                0x0800582b       0x2d c:/gnutoolsarmembedded/arm/bin/../lib/gcc/arm-none-eabi/6.3.1/../../../../arm-none-eabi/lib/thumb/v7-m\libg.a(lib_a-reent.o)
 .ARM.attributes
                0x08005858       0x2d c:/gnutoolsarmembedded/arm/bin/../lib/gcc/arm-none-eabi/6.3.1/../../../../arm-none-eabi/lib/thumb/v7-m\libg.a(lib_a-freer.o)
 .ARM.attributes
                0x08005885       0x2d c:/gnutoolsarmembedded/arm/bin/../lib/gcc/arm-none-eabi/6.3.1/../../../../arm-none-eabi/lib/thumb/v7-m\libg.a(lib_a-impure.o)
 .ARM.attributes
                0x080058b2       0x2d c:/gnutoolsarmembedded/arm/bin/../lib/gcc/arm-none-eabi/6.3.1/../../../../arm-none-eabi/lib/thumb/v7-m\libg.a(lib_a-mallocr.o)
 .ARM.attributes
                0x080058df       0x2d c:/gnutoolsarmembedded/arm/bin/../lib/gcc/arm-none-eabi/6.3.1/../../../../arm-none-eabi/lib/thumb/v7-m\libg.a(lib_a-mlock.o)
 .ARM.attributes
                0x0800590c       0x2d c:/gnutoolsarmembedded/arm/bin/../lib/gcc/arm-none-eabi/6.3.1/../../../../arm-none-eabi/lib/thumb/v7-m\libg.a(lib_a-sbrkr.o)
 .ARM.attributes
                0x08005939       0x2d c:/gnutoolsarmembedded/arm/bin/../lib/gcc/arm-none-eabi/6.3.1/../../../../arm-none-eabi/lib/thumb/v7-m\libg.a(lib_a-lock.o)

.preinit_array  0x08005540        0x0
                [!provide]                PROVIDE (__preinit_array_start, .)
 *(.preinit_array*)
                [!provide]                PROVIDE (__preinit_array_end, .)

.init_array     0x08005540        0x0
                [!provide]                PROVIDE (__init_array_start, .)
 *(SORT(.init_array.*))
 *(.init_array*)
                [!provide]                PROVIDE (__init_array_end, .)

.fini_array     0x08005540        0x0
                [!provide]                PROVIDE (__fini_array_start, .)
 *(.fini_array*)
 *(SORT(.fini_array.*))
                [!provide]                PROVIDE (__fini_array_end, .)
                0x08005540                _sidata = .

.data           0x20000000      0x870 load address 0x08005966
                0x20000000                . = ALIGN (0x4)
                0x20000000                _sdata = .
 *(.data)
 .data          0x20000000        0x0 CMakeFiles/STM32_PROJECT.elf.dir/main.c.obj
 .data          0x20000000        0x4 CMakeFiles/STM32_PROJECT.elf.dir/newlib_stubs.c.obj
                0x20000000                environ
 .data          0x20000004        0x0 CMakeFiles/STM32_PROJECT.elf.dir/C_/Embedded/STM32F10x_StdPeriph_Lib_V3.5.0/Libraries/STM32F10x_StdPeriph_Driver/src/misc.c.obj
 .data          0x20000004        0x0 CMakeFiles/STM32_PROJECT.elf.dir/C_/Embedded/STM32F10x_StdPeriph_Lib_V3.5.0/Libraries/STM32F10x_StdPeriph_Driver/src/stm32f10x_gpio.c.obj
 .data          0x20000004       0x14 CMakeFiles/STM32_PROJECT.elf.dir/C_/Embedded/STM32F10x_StdPeriph_Lib_V3.5.0/Libraries/STM32F10x_StdPeriph_Driver/src/stm32f10x_rcc.c.obj
 .data          0x20000018        0x0 CMakeFiles/STM32_PROJECT.elf.dir/C_/Embedded/STM32F10x_StdPeriph_Lib_V3.5.0/Libraries/STM32F10x_StdPeriph_Driver/src/stm32f10x_usart.c.obj
 .data          0x20000018        0x0 CMakeFiles/STM32_PROJECT.elf.dir/C_/Embedded/STM32F10x_StdPeriph_Lib_V3.5.0/Libraries/CMSIS/CM3/DeviceSupport/ST/STM32F10x/startup/gcc_ride7/startup_stm32f10x_md.S.obj
 .data          0x20000018        0x0 CMakeFiles/STM32_PROJECT.elf.dir/stm32f10x_it.c.obj
 .data          0x20000018       0x14 CMakeFiles/STM32_PROJECT.elf.dir/C_/Embedded/STM32F10x_StdPeriph_Lib_V3.5.0/Libraries/CMSIS/CM3/DeviceSupport/ST/STM32F10x/system_stm32f10x.c.obj
                0x20000018                SystemCoreClock
                0x2000001c                AHBPrescTable
 .data          0x2000002c        0x0 CMakeFiles/STM32_PROJECT.elf.dir/C_/Embedded/STM32F10x_StdPeriph_Lib_V3.5.0/Libraries/CMSIS/CM3/CoreSupport/core_cm3.c.obj
 .data          0x2000002c        0x0 xprintf\libxprintf.a(xprintf.c.obj)
 .data          0x2000002c        0x0 freertos\libfreertos.a(tasks.c.obj)
 .data          0x2000002c        0x4 freertos\libfreertos.a(port.c.obj)
 .data          0x20000030        0x4 freertos\libfreertos.a(heap_2.c.obj)
 .data          0x20000034        0x0 freertos\libfreertos.a(list.c.obj)
 .data          0x20000034        0x0 c:/gnutoolsarmembedded/arm/bin/../lib/gcc/arm-none-eabi/6.3.1/../../../../arm-none-eabi/lib/thumb/v7-m\libg.a(lib_a-reent.o)
 .data          0x20000034        0x0 c:/gnutoolsarmembedded/arm/bin/../lib/gcc/arm-none-eabi/6.3.1/../../../../arm-none-eabi/lib/thumb/v7-m\libg.a(lib_a-freer.o)
 .data          0x20000034        0x0 c:/gnutoolsarmembedded/arm/bin/../lib/gcc/arm-none-eabi/6.3.1/../../../../arm-none-eabi/lib/thumb/v7-m\libg.a(lib_a-impure.o)
 .data          0x20000034        0x0 c:/gnutoolsarmembedded/arm/bin/../lib/gcc/arm-none-eabi/6.3.1/../../../../arm-none-eabi/lib/thumb/v7-m\libg.a(lib_a-mallocr.o)
 .data          0x20000034        0x0 c:/gnutoolsarmembedded/arm/bin/../lib/gcc/arm-none-eabi/6.3.1/../../../../arm-none-eabi/lib/thumb/v7-m\libg.a(lib_a-mlock.o)
 .data          0x20000034        0x0 c:/gnutoolsarmembedded/arm/bin/../lib/gcc/arm-none-eabi/6.3.1/../../../../arm-none-eabi/lib/thumb/v7-m\libg.a(lib_a-sbrkr.o)
 .data          0x20000034        0x0 c:/gnutoolsarmembedded/arm/bin/../lib/gcc/arm-none-eabi/6.3.1/../../../../arm-none-eabi/lib/thumb/v7-m\libg.a(lib_a-lock.o)
 *(.data*)
 .data._impure_ptr
                0x20000034        0x4 c:/gnutoolsarmembedded/arm/bin/../lib/gcc/arm-none-eabi/6.3.1/../../../../arm-none-eabi/lib/thumb/v7-m\libg.a(lib_a-impure.o)
                0x20000034                _impure_ptr
 .data.impure_data
                0x20000038      0x428 c:/gnutoolsarmembedded/arm/bin/../lib/gcc/arm-none-eabi/6.3.1/../../../../arm-none-eabi/lib/thumb/v7-m\libg.a(lib_a-impure.o)
 .data.__malloc_av_
                0x20000460      0x408 c:/gnutoolsarmembedded/arm/bin/../lib/gcc/arm-none-eabi/6.3.1/../../../../arm-none-eabi/lib/thumb/v7-m\libg.a(lib_a-mallocr.o)
                0x20000460                __malloc_av_
 .data.__malloc_sbrk_base
                0x20000868        0x4 c:/gnutoolsarmembedded/arm/bin/../lib/gcc/arm-none-eabi/6.3.1/../../../../arm-none-eabi/lib/thumb/v7-m\libg.a(lib_a-mallocr.o)
                0x20000868                __malloc_sbrk_base
 .data.__malloc_trim_threshold
                0x2000086c        0x4 c:/gnutoolsarmembedded/arm/bin/../lib/gcc/arm-none-eabi/6.3.1/../../../../arm-none-eabi/lib/thumb/v7-m\libg.a(lib_a-mallocr.o)
                0x2000086c                __malloc_trim_threshold
                0x20000870                . = ALIGN (0x4)
                0x20000870                _edata = .

.igot.plt       0x20000870        0x0 load address 0x080061d8
 .igot.plt      0x20000870        0x0 CMakeFiles/STM32_PROJECT.elf.dir/main.c.obj
                0x20000870                . = ALIGN (0x4)

.bss            0x20000870     0x309c load address 0x080061d8
                0x20000870                _sbss = .
                0x20000870                __bss_start__ = _sbss
 *(.bss)
 .bss           0x20000870        0x0 CMakeFiles/STM32_PROJECT.elf.dir/main.c.obj
 .bss           0x20000870        0x8 CMakeFiles/STM32_PROJECT.elf.dir/newlib_stubs.c.obj
                0x20000870                __env
 .bss           0x20000878        0x0 CMakeFiles/STM32_PROJECT.elf.dir/C_/Embedded/STM32F10x_StdPeriph_Lib_V3.5.0/Libraries/STM32F10x_StdPeriph_Driver/src/misc.c.obj
 .bss           0x20000878        0x0 CMakeFiles/STM32_PROJECT.elf.dir/C_/Embedded/STM32F10x_StdPeriph_Lib_V3.5.0/Libraries/STM32F10x_StdPeriph_Driver/src/stm32f10x_gpio.c.obj
 .bss           0x20000878        0x0 CMakeFiles/STM32_PROJECT.elf.dir/C_/Embedded/STM32F10x_StdPeriph_Lib_V3.5.0/Libraries/STM32F10x_StdPeriph_Driver/src/stm32f10x_rcc.c.obj
 .bss           0x20000878        0x0 CMakeFiles/STM32_PROJECT.elf.dir/C_/Embedded/STM32F10x_StdPeriph_Lib_V3.5.0/Libraries/STM32F10x_StdPeriph_Driver/src/stm32f10x_usart.c.obj
 .bss           0x20000878        0x0 CMakeFiles/STM32_PROJECT.elf.dir/C_/Embedded/STM32F10x_StdPeriph_Lib_V3.5.0/Libraries/CMSIS/CM3/DeviceSupport/ST/STM32F10x/startup/gcc_ride7/startup_stm32f10x_md.S.obj
 .bss           0x20000878        0x0 CMakeFiles/STM32_PROJECT.elf.dir/stm32f10x_it.c.obj
 .bss           0x20000878        0x0 CMakeFiles/STM32_PROJECT.elf.dir/C_/Embedded/STM32F10x_StdPeriph_Lib_V3.5.0/Libraries/CMSIS/CM3/DeviceSupport/ST/STM32F10x/system_stm32f10x.c.obj
 .bss           0x20000878        0x0 CMakeFiles/STM32_PROJECT.elf.dir/C_/Embedded/STM32F10x_StdPeriph_Lib_V3.5.0/Libraries/CMSIS/CM3/CoreSupport/core_cm3.c.obj
 .bss           0x20000878        0x4 xprintf\libxprintf.a(xprintf.c.obj)
 .bss           0x2000087c      0x12c freertos\libfreertos.a(tasks.c.obj)
                0x2000087c                pxCurrentTCB
 .bss           0x200009a8        0x8 freertos\libfreertos.a(port.c.obj)
 .bss           0x200009b0     0x2ef4 freertos\libfreertos.a(heap_2.c.obj)
 .bss           0x200038a4        0x0 freertos\libfreertos.a(list.c.obj)
 .bss           0x200038a4        0x0 c:/gnutoolsarmembedded/arm/bin/../lib/gcc/arm-none-eabi/6.3.1/../../../../arm-none-eabi/lib/thumb/v7-m\libg.a(lib_a-reent.o)
 .bss           0x200038a4        0x0 c:/gnutoolsarmembedded/arm/bin/../lib/gcc/arm-none-eabi/6.3.1/../../../../arm-none-eabi/lib/thumb/v7-m\libg.a(lib_a-freer.o)
 .bss           0x200038a4        0x0 c:/gnutoolsarmembedded/arm/bin/../lib/gcc/arm-none-eabi/6.3.1/../../../../arm-none-eabi/lib/thumb/v7-m\libg.a(lib_a-impure.o)
 .bss           0x200038a4        0x0 c:/gnutoolsarmembedded/arm/bin/../lib/gcc/arm-none-eabi/6.3.1/../../../../arm-none-eabi/lib/thumb/v7-m\libg.a(lib_a-mallocr.o)
 .bss           0x200038a4        0x0 c:/gnutoolsarmembedded/arm/bin/../lib/gcc/arm-none-eabi/6.3.1/../../../../arm-none-eabi/lib/thumb/v7-m\libg.a(lib_a-mlock.o)
 .bss           0x200038a4        0x0 c:/gnutoolsarmembedded/arm/bin/../lib/gcc/arm-none-eabi/6.3.1/../../../../arm-none-eabi/lib/thumb/v7-m\libg.a(lib_a-sbrkr.o)
 .bss           0x200038a4        0x0 c:/gnutoolsarmembedded/arm/bin/../lib/gcc/arm-none-eabi/6.3.1/../../../../arm-none-eabi/lib/thumb/v7-m\libg.a(lib_a-lock.o)
 *(.bss*)
 .bss.__malloc_current_mallinfo
                0x200038a4       0x28 c:/gnutoolsarmembedded/arm/bin/../lib/gcc/arm-none-eabi/6.3.1/../../../../arm-none-eabi/lib/thumb/v7-m\libg.a(lib_a-mallocr.o)
                0x200038a4                __malloc_current_mallinfo
 .bss.__malloc_max_sbrked_mem
                0x200038cc        0x4 c:/gnutoolsarmembedded/arm/bin/../lib/gcc/arm-none-eabi/6.3.1/../../../../arm-none-eabi/lib/thumb/v7-m\libg.a(lib_a-mallocr.o)
                0x200038cc                __malloc_max_sbrked_mem
 .bss.__malloc_max_total_mem
                0x200038d0        0x4 c:/gnutoolsarmembedded/arm/bin/../lib/gcc/arm-none-eabi/6.3.1/../../../../arm-none-eabi/lib/thumb/v7-m\libg.a(lib_a-mallocr.o)
                0x200038d0                __malloc_max_total_mem
 .bss.__malloc_top_pad
                0x200038d4        0x4 c:/gnutoolsarmembedded/arm/bin/../lib/gcc/arm-none-eabi/6.3.1/../../../../arm-none-eabi/lib/thumb/v7-m\libg.a(lib_a-mallocr.o)
                0x200038d4                __malloc_top_pad
 *(COMMON)
 COMMON         0x200038d8        0x4 CMakeFiles/STM32_PROJECT.elf.dir/main.c.obj
                0x200038d8                comPortHandle
 COMMON         0x200038dc        0x8 xprintf\libxprintf.a(xprintf.c.obj)
                0x200038dc                xfunc_in
                0x200038e0                xfunc_out
 COMMON         0x200038e4        0x4 c:/gnutoolsarmembedded/arm/bin/../lib/gcc/arm-none-eabi/6.3.1/../../../../arm-none-eabi/lib/thumb/v7-m\libg.a(lib_a-reent.o)
                0x200038e4                errno
 COMMON         0x200038e8       0x21 c:/gnutoolsarmembedded/arm/bin/../lib/gcc/arm-none-eabi/6.3.1/../../../../arm-none-eabi/lib/thumb/v7-m\libg.a(lib_a-lock.o)
                0x200038e8                __lock___atexit_recursive_mutex
                0x200038ec                __lock___arc4random_mutex
                0x200038f0                __lock___env_recursive_mutex
                0x200038f4                __lock___sinit_recursive_mutex
                0x200038f8                __lock___malloc_recursive_mutex
                0x200038fc                __lock___at_quick_exit_mutex
                0x20003900                __lock___dd_hash_mutex
                0x20003904                __lock___tz_mutex
                0x20003908                __lock___sfp_recursive_mutex
                0x2000390c                . = ALIGN (0x4)
 *fill*         0x20003909        0x3 
                0x2000390c                _ebss = .
                0x2000390c                __bss_end__ = _ebss
                [!provide]                PROVIDE (end, _ebss)
                [!provide]                PROVIDE (_end, _ebss)

._user_heap_stack
                0x2000390c      0x200 load address 0x08009274
                0x2000390c                . = ALIGN (0x4)
                0x2000390c                . = (. + _Min_Heap_Size)
                0x20003b0c                . = (. + _Min_Stack_Size)
 *fill*         0x2000390c      0x200 
                0x20003b0c                . = ALIGN (0x4)

.memory_b1_text
 *(.mb1text)
 *(.mb1text*)
 *(.mb1rodata)
 *(.mb1rodata*)

/DISCARD/
 libc.a(*)
 libm.a(*)
 libgcc.a(*)
OUTPUT(STM32_PROJECT.elf elf32-littlearm)

.stab           0x00000000     0xdff8
 .stab          0x00000000     0x19e0 CMakeFiles/STM32_PROJECT.elf.dir/main.c.obj
 .stab          0x000019e0     0x141c CMakeFiles/STM32_PROJECT.elf.dir/newlib_stubs.c.obj
                               0x17d0 (size before relaxing)
 .stab          0x00002dfc      0x570 CMakeFiles/STM32_PROJECT.elf.dir/C_/Embedded/STM32F10x_StdPeriph_Lib_V3.5.0/Libraries/STM32F10x_StdPeriph_Driver/src/misc.c.obj
                                0xc24 (size before relaxing)
 .stab          0x0000336c      0xe4c CMakeFiles/STM32_PROJECT.elf.dir/C_/Embedded/STM32F10x_StdPeriph_Lib_V3.5.0/Libraries/STM32F10x_StdPeriph_Driver/src/stm32f10x_gpio.c.obj
                               0x1500 (size before relaxing)
 .stab          0x000041b8     0x1284 CMakeFiles/STM32_PROJECT.elf.dir/C_/Embedded/STM32F10x_StdPeriph_Lib_V3.5.0/Libraries/STM32F10x_StdPeriph_Driver/src/stm32f10x_rcc.c.obj
                               0x1938 (size before relaxing)
 .stab          0x0000543c     0x12cc CMakeFiles/STM32_PROJECT.elf.dir/C_/Embedded/STM32F10x_StdPeriph_Lib_V3.5.0/Libraries/STM32F10x_StdPeriph_Driver/src/stm32f10x_usart.c.obj
                               0x1980 (size before relaxing)
 .stab          0x00006708      0x114 CMakeFiles/STM32_PROJECT.elf.dir/C_/Embedded/STM32F10x_StdPeriph_Lib_V3.5.0/Libraries/CMSIS/CM3/DeviceSupport/ST/STM32F10x/startup/gcc_ride7/startup_stm32f10x_md.S.obj
                                0x120 (size before relaxing)
 .stab          0x0000681c      0x414 CMakeFiles/STM32_PROJECT.elf.dir/stm32f10x_it.c.obj
                                0xac8 (size before relaxing)
 .stab          0x00006c30      0x9cc CMakeFiles/STM32_PROJECT.elf.dir/C_/Embedded/STM32F10x_StdPeriph_Lib_V3.5.0/Libraries/CMSIS/CM3/DeviceSupport/ST/STM32F10x/system_stm32f10x.c.obj
                                0xd5c (size before relaxing)
 .stab          0x000075fc      0xb4c CMakeFiles/STM32_PROJECT.elf.dir/C_/Embedded/STM32F10x_StdPeriph_Lib_V3.5.0/Libraries/CMSIS/CM3/CoreSupport/core_cm3.c.obj
                                0xdc8 (size before relaxing)
 .stab          0x00008148     0x1164 xprintf\libxprintf.a(xprintf.c.obj)
                               0x180c (size before relaxing)
 .stab          0x000092ac     0x3450 freertos\libfreertos.a(tasks.c.obj)
                               0x39fc (size before relaxing)
 .stab          0x0000c6fc      0xabc freertos\libfreertos.a(port.c.obj)
                                0xdbc (size before relaxing)
 .stab          0x0000d1b8      0x7f8 freertos\libfreertos.a(heap_2.c.obj)
                                0xfa8 (size before relaxing)
 .stab          0x0000d9b0      0x648 freertos\libfreertos.a(list.c.obj)
                                0xd2c (size before relaxing)

.comment        0x00000000       0x7f
 .comment       0x00000000       0x7f CMakeFiles/STM32_PROJECT.elf.dir/main.c.obj
                                 0x80 (size before relaxing)
 .comment       0x0000007f       0x80 CMakeFiles/STM32_PROJECT.elf.dir/newlib_stubs.c.obj
 .comment       0x0000007f       0x80 CMakeFiles/STM32_PROJECT.elf.dir/C_/Embedded/STM32F10x_StdPeriph_Lib_V3.5.0/Libraries/STM32F10x_StdPeriph_Driver/src/misc.c.obj
 .comment       0x0000007f       0x80 CMakeFiles/STM32_PROJECT.elf.dir/C_/Embedded/STM32F10x_StdPeriph_Lib_V3.5.0/Libraries/STM32F10x_StdPeriph_Driver/src/stm32f10x_gpio.c.obj
 .comment       0x0000007f       0x80 CMakeFiles/STM32_PROJECT.elf.dir/C_/Embedded/STM32F10x_StdPeriph_Lib_V3.5.0/Libraries/STM32F10x_StdPeriph_Driver/src/stm32f10x_rcc.c.obj
 .comment       0x0000007f       0x80 CMakeFiles/STM32_PROJECT.elf.dir/C_/Embedded/STM32F10x_StdPeriph_Lib_V3.5.0/Libraries/STM32F10x_StdPeriph_Driver/src/stm32f10x_usart.c.obj
 .comment       0x0000007f       0x80 CMakeFiles/STM32_PROJECT.elf.dir/stm32f10x_it.c.obj
 .comment       0x0000007f       0x80 CMakeFiles/STM32_PROJECT.elf.dir/C_/Embedded/STM32F10x_StdPeriph_Lib_V3.5.0/Libraries/CMSIS/CM3/DeviceSupport/ST/STM32F10x/system_stm32f10x.c.obj
 .comment       0x0000007f       0x80 CMakeFiles/STM32_PROJECT.elf.dir/C_/Embedded/STM32F10x_StdPeriph_Lib_V3.5.0/Libraries/CMSIS/CM3/CoreSupport/core_cm3.c.obj
 .comment       0x0000007f       0x80 xprintf\libxprintf.a(xprintf.c.obj)
 .comment       0x0000007f       0x80 freertos\libfreertos.a(tasks.c.obj)
 .comment       0x0000007f       0x80 freertos\libfreertos.a(port.c.obj)
 .comment       0x0000007f       0x80 freertos\libfreertos.a(heap_2.c.obj)
 .comment       0x0000007f       0x80 freertos\libfreertos.a(list.c.obj)

.stabstr        0x00000000    0x11332
 .stabstr       0x00000000    0x11332 CMakeFiles/STM32_PROJECT.elf.dir/main.c.obj

.debug_frame    0x00000000      0x22c
 .debug_frame   0x00000000       0x58 c:/gnutoolsarmembedded/arm/bin/../lib/gcc/arm-none-eabi/6.3.1/../../../../arm-none-eabi/lib/thumb/v7-m\libg.a(lib_a-reent.o)
 .debug_frame   0x00000058       0x74 c:/gnutoolsarmembedded/arm/bin/../lib/gcc/arm-none-eabi/6.3.1/../../../../arm-none-eabi/lib/thumb/v7-m\libg.a(lib_a-freer.o)
 .debug_frame   0x000000cc       0x54 c:/gnutoolsarmembedded/arm/bin/../lib/gcc/arm-none-eabi/6.3.1/../../../../arm-none-eabi/lib/thumb/v7-m\libg.a(lib_a-mallocr.o)
 .debug_frame   0x00000120       0x30 c:/gnutoolsarmembedded/arm/bin/../lib/gcc/arm-none-eabi/6.3.1/../../../../arm-none-eabi/lib/thumb/v7-m\libg.a(lib_a-mlock.o)
 .debug_frame   0x00000150       0x2c c:/gnutoolsarmembedded/arm/bin/../lib/gcc/arm-none-eabi/6.3.1/../../../../arm-none-eabi/lib/thumb/v7-m\libg.a(lib_a-sbrkr.o)
 .debug_frame   0x0000017c       0xb0 c:/gnutoolsarmembedded/arm/bin/../lib/gcc/arm-none-eabi/6.3.1/../../../../arm-none-eabi/lib/thumb/v7-m\libg.a(lib_a-lock.o)
