Archive member included to satisfy reference by file (symbol)

freertos\libfreertos.a(tasks.c.obj)
                              CMakeFiles/STM32_PROJECT.elf.dir/main.c.obj (xTaskCreate)
freertos\libfreertos.a(port.c.obj)
                              freertos\libfreertos.a(tasks.c.obj) (pxPortInitialiseStack)
freertos\libfreertos.a(heap_2.c.obj)
                              freertos\libfreertos.a(tasks.c.obj) (pvPortMalloc)
freertos\libfreertos.a(list.c.obj)
                              freertos\libfreertos.a(tasks.c.obj) (vListInitialise)
c:/gnutoolsarmembedded/arm/bin/../lib/gcc/arm-none-eabi/6.3.1/../../../../arm-none-eabi/lib/thumb/v7-m\libc.a(lib_a-reent.o)
                              CMakeFiles/STM32_PROJECT.elf.dir/newlib_stubs.c.obj (errno)
c:/gnutoolsarmembedded/arm/bin/../lib/gcc/arm-none-eabi/6.3.1/../../../../arm-none-eabi/lib/thumb/v7-m\libc.a(lib_a-freer.o)
                              c:/gnutoolsarmembedded/arm/bin/../lib/gcc/arm-none-eabi/6.3.1/../../../../arm-none-eabi/lib/thumb/v7-m\libc.a(lib_a-reent.o) (_free_r)
c:/gnutoolsarmembedded/arm/bin/../lib/gcc/arm-none-eabi/6.3.1/../../../../arm-none-eabi/lib/thumb/v7-m\libc.a(lib_a-impure.o)
                              c:/gnutoolsarmembedded/arm/bin/../lib/gcc/arm-none-eabi/6.3.1/../../../../arm-none-eabi/lib/thumb/v7-m\libc.a(lib_a-reent.o) (_impure_ptr)
c:/gnutoolsarmembedded/arm/bin/../lib/gcc/arm-none-eabi/6.3.1/../../../../arm-none-eabi/lib/thumb/v7-m\libc.a(lib_a-mallocr.o)
                              c:/gnutoolsarmembedded/arm/bin/../lib/gcc/arm-none-eabi/6.3.1/../../../../arm-none-eabi/lib/thumb/v7-m\libc.a(lib_a-freer.o) (__malloc_current_mallinfo)
c:/gnutoolsarmembedded/arm/bin/../lib/gcc/arm-none-eabi/6.3.1/../../../../arm-none-eabi/lib/thumb/v7-m\libc.a(lib_a-mlock.o)
                              c:/gnutoolsarmembedded/arm/bin/../lib/gcc/arm-none-eabi/6.3.1/../../../../arm-none-eabi/lib/thumb/v7-m\libc.a(lib_a-freer.o) (__malloc_lock)
c:/gnutoolsarmembedded/arm/bin/../lib/gcc/arm-none-eabi/6.3.1/../../../../arm-none-eabi/lib/thumb/v7-m\libc.a(lib_a-sbrkr.o)
                              c:/gnutoolsarmembedded/arm/bin/../lib/gcc/arm-none-eabi/6.3.1/../../../../arm-none-eabi/lib/thumb/v7-m\libc.a(lib_a-freer.o) (_sbrk_r)
c:/gnutoolsarmembedded/arm/bin/../lib/gcc/arm-none-eabi/6.3.1/../../../../arm-none-eabi/lib/thumb/v7-m\libc.a(lib_a-lock.o)
                              c:/gnutoolsarmembedded/arm/bin/../lib/gcc/arm-none-eabi/6.3.1/../../../../arm-none-eabi/lib/thumb/v7-m\libc.a(lib_a-mlock.o) (__retarget_lock_acquire_recursive)

Allocating common symbols
Common symbol       size              file

__lock___atexit_recursive_mutex
                    0x1               c:/gnutoolsarmembedded/arm/bin/../lib/gcc/arm-none-eabi/6.3.1/../../../../arm-none-eabi/lib/thumb/v7-m\libc.a(lib_a-lock.o)
__lock___arc4random_mutex
                    0x1               c:/gnutoolsarmembedded/arm/bin/../lib/gcc/arm-none-eabi/6.3.1/../../../../arm-none-eabi/lib/thumb/v7-m\libc.a(lib_a-lock.o)
errno               0x4               c:/gnutoolsarmembedded/arm/bin/../lib/gcc/arm-none-eabi/6.3.1/../../../../arm-none-eabi/lib/thumb/v7-m\libc.a(lib_a-reent.o)
__lock___env_recursive_mutex
                    0x1               c:/gnutoolsarmembedded/arm/bin/../lib/gcc/arm-none-eabi/6.3.1/../../../../arm-none-eabi/lib/thumb/v7-m\libc.a(lib_a-lock.o)
__lock___sinit_recursive_mutex
                    0x1               c:/gnutoolsarmembedded/arm/bin/../lib/gcc/arm-none-eabi/6.3.1/../../../../arm-none-eabi/lib/thumb/v7-m\libc.a(lib_a-lock.o)
__lock___malloc_recursive_mutex
                    0x1               c:/gnutoolsarmembedded/arm/bin/../lib/gcc/arm-none-eabi/6.3.1/../../../../arm-none-eabi/lib/thumb/v7-m\libc.a(lib_a-lock.o)
__lock___at_quick_exit_mutex
                    0x1               c:/gnutoolsarmembedded/arm/bin/../lib/gcc/arm-none-eabi/6.3.1/../../../../arm-none-eabi/lib/thumb/v7-m\libc.a(lib_a-lock.o)
__lock___dd_hash_mutex
                    0x1               c:/gnutoolsarmembedded/arm/bin/../lib/gcc/arm-none-eabi/6.3.1/../../../../arm-none-eabi/lib/thumb/v7-m\libc.a(lib_a-lock.o)
__lock___tz_mutex   0x1               c:/gnutoolsarmembedded/arm/bin/../lib/gcc/arm-none-eabi/6.3.1/../../../../arm-none-eabi/lib/thumb/v7-m\libc.a(lib_a-lock.o)
__lock___sfp_recursive_mutex
                    0x1               c:/gnutoolsarmembedded/arm/bin/../lib/gcc/arm-none-eabi/6.3.1/../../../../arm-none-eabi/lib/thumb/v7-m\libc.a(lib_a-lock.o)

Memory Configuration

Name             Origin             Length             Attributes
FLASH            0x08000000         0x00020000         xr
RAM              0x20000000         0x00005000         xrw
MEMORY_B1        0x60000000         0x00000000         xr
*default*        0x00000000         0xffffffff

Linker script and memory map

LOAD CMakeFiles/STM32_PROJECT.elf.dir/main.c.obj
LOAD CMakeFiles/STM32_PROJECT.elf.dir/newlib_stubs.c.obj
LOAD CMakeFiles/STM32_PROJECT.elf.dir/C_/Embedded/STM32F10x_StdPeriph_Lib_V3.5.0/Libraries/STM32F10x_StdPeriph_Driver/src/stm32f10x_gpio.c.obj
LOAD CMakeFiles/STM32_PROJECT.elf.dir/C_/Embedded/STM32F10x_StdPeriph_Lib_V3.5.0/Libraries/STM32F10x_StdPeriph_Driver/src/stm32f10x_rcc.c.obj
LOAD CMakeFiles/STM32_PROJECT.elf.dir/C_/Embedded/STM32F10x_StdPeriph_Lib_V3.5.0/Libraries/STM32F10x_StdPeriph_Driver/src/stm32f10x_usart.c.obj
LOAD CMakeFiles/STM32_PROJECT.elf.dir/C_/Embedded/STM32F10x_StdPeriph_Lib_V3.5.0/Libraries/CMSIS/CM3/DeviceSupport/ST/STM32F10x/startup/gcc_ride7/startup_stm32f10x_md.S.obj
LOAD CMakeFiles/STM32_PROJECT.elf.dir/stm32f10x_it.c.obj
LOAD CMakeFiles/STM32_PROJECT.elf.dir/C_/Embedded/STM32F10x_StdPeriph_Lib_V3.5.0/Libraries/CMSIS/CM3/DeviceSupport/ST/STM32F10x/system_stm32f10x.c.obj
LOAD CMakeFiles/STM32_PROJECT.elf.dir/C_/Embedded/STM32F10x_StdPeriph_Lib_V3.5.0/Libraries/CMSIS/CM3/CoreSupport/core_cm3.c.obj
LOAD freertos\libfreertos.a
START GROUP
LOAD c:/gnutoolsarmembedded/arm/bin/../lib/gcc/arm-none-eabi/6.3.1/thumb/v7-m\libgcc.a
LOAD c:/gnutoolsarmembedded/arm/bin/../lib/gcc/arm-none-eabi/6.3.1/../../../../arm-none-eabi/lib/thumb/v7-m\libc.a
END GROUP
START GROUP
LOAD c:/gnutoolsarmembedded/arm/bin/../lib/gcc/arm-none-eabi/6.3.1/thumb/v7-m\libgcc.a
LOAD c:/gnutoolsarmembedded/arm/bin/../lib/gcc/arm-none-eabi/6.3.1/../../../../arm-none-eabi/lib/thumb/v7-m\libc.a
LOAD c:/gnutoolsarmembedded/arm/bin/../lib/gcc/arm-none-eabi/6.3.1/../../../../arm-none-eabi/lib/thumb/v7-m\libnosys.a
END GROUP
                0x20005000                _estack = 0x20005000
                0x00000000                _Min_Heap_Size = 0x0
                0x00000200                _Min_Stack_Size = 0x200

.isr_vector     0x08000000      0x10c
                0x08000000                . = ALIGN (0x4)
 *(.isr_vector)
 .isr_vector    0x08000000      0x10c CMakeFiles/STM32_PROJECT.elf.dir/C_/Embedded/STM32F10x_StdPeriph_Lib_V3.5.0/Libraries/CMSIS/CM3/DeviceSupport/ST/STM32F10x/startup/gcc_ride7/startup_stm32f10x_md.S.obj
                0x08000000                g_pfnVectors
                0x0800010c                . = ALIGN (0x4)

.text           0x08000110     0x44f0
                0x08000110                . = ALIGN (0x4)
 *(.text)
 .text          0x08000110      0x190 CMakeFiles/STM32_PROJECT.elf.dir/main.c.obj
                0x08000110                InitGPIO
                0x08000158                InitUSART
                0x080001a0                InitAll
                0x080001ac                Blinks
                0x08000220                Blink
                0x08000254                main
 .text          0x080002a0      0x318 CMakeFiles/STM32_PROJECT.elf.dir/newlib_stubs.c.obj
                0x080002a0                _exit
                0x080002aa                _close
                0x080002c0                _execve
                0x080002e4                _fork
                0x08000300                _fstat
                0x0800031e                _getpid
                0x0800032c                _isatty
                0x08000358                _kill
                0x0800037c                _link
                0x080003a0                _lseek
                0x080003b8                _sbrk
                0x08000428                _read
                0x0800049c                _stat
                0x080004ba                _times
                0x080004d0                _unlink
                0x080004f0                _wait
                0x08000510                _write
 .text          0x080005b8      0x5dc CMakeFiles/STM32_PROJECT.elf.dir/C_/Embedded/STM32F10x_StdPeriph_Lib_V3.5.0/Libraries/STM32F10x_StdPeriph_Driver/src/stm32f10x_gpio.c.obj
                0x080005b8                GPIO_DeInit
                0x0800069c                GPIO_AFIODeInit
                0x080006b4                GPIO_Init
                0x0800082c                GPIO_StructInit
                0x08000852                GPIO_ReadInputDataBit
                0x08000884                GPIO_ReadInputData
                0x0800089c                GPIO_ReadOutputDataBit
                0x080008ce                GPIO_ReadOutputData
                0x080008e6                GPIO_SetBits
                0x08000902                GPIO_ResetBits
                0x0800091e                GPIO_WriteBit
                0x0800094c                GPIO_Write
                0x08000968                GPIO_PinLockConfig
                0x080009aa                GPIO_EventOutputConfig
                0x080009f4                GPIO_EventOutputCmd
                0x08000a14                GPIO_PinRemapConfig
                0x08000af4                GPIO_EXTILineConfig
                0x08000b78                GPIO_ETH_MediaInterfaceConfig
 .text          0x08000b94      0x7d0 CMakeFiles/STM32_PROJECT.elf.dir/C_/Embedded/STM32F10x_StdPeriph_Lib_V3.5.0/Libraries/STM32F10x_StdPeriph_Driver/src/stm32f10x_rcc.c.obj
                0x08000b94                RCC_DeInit
                0x08000bf0                RCC_HSEConfig
                0x08000c4c                RCC_WaitForHSEStartUp
                0x08000c9c                RCC_AdjustHSICalibrationValue
                0x08000cd8                RCC_HSICmd
                0x08000cf8                RCC_PLLConfig
                0x08000d34                RCC_PLLCmd
                0x08000d54                RCC_SYSCLKConfig
                0x08000d8c                RCC_GetSYSCLKSource
                0x08000da8                RCC_HCLKConfig
                0x08000de0                RCC_PCLK1Config
                0x08000e18                RCC_PCLK2Config
                0x08000e50                RCC_ITConfig
                0x08000e9c                RCC_USBCLKConfig
                0x08000eb8                RCC_ADCCLKConfig
                0x08000ef0                RCC_LSEConfig
                0x08000f30                RCC_LSICmd
                0x08000f50                RCC_RTCCLKConfig
                0x08000f74                RCC_RTCCLKCmd
                0x08000f94                RCC_GetClocksFreq
                0x080010f4                RCC_AHBPeriphClockCmd
                0x08001130                RCC_APB2PeriphClockCmd
                0x0800116c                RCC_APB1PeriphClockCmd
                0x080011a8                RCC_APB2PeriphResetCmd
                0x080011e4                RCC_APB1PeriphResetCmd
                0x08001220                RCC_BackupResetCmd
                0x08001240                RCC_ClockSecuritySystemCmd
                0x08001260                RCC_MCOConfig
                0x08001280                RCC_GetFlagStatus
                0x080012f4                RCC_ClearFlag
                0x08001310                RCC_GetITStatus
                0x08001344                RCC_ClearITPendingBit
 .text          0x08001364      0x8dc CMakeFiles/STM32_PROJECT.elf.dir/C_/Embedded/STM32F10x_StdPeriph_Lib_V3.5.0/Libraries/STM32F10x_StdPeriph_Driver/src/stm32f10x_usart.c.obj
                0x08001364                USART_DeInit
                0x0800141c                USART_Init
                0x08001590                USART_StructInit
                0x080015c8                USART_ClockInit
                0x0800161e                USART_ClockStructInit
                0x08001648                USART_Cmd
                0x08001686                USART_ITConfig
                0x08001714                USART_DMACmd
                0x0800175a                USART_SetAddress
                0x08001792                USART_WakeUpConfig
                0x080017c8                USART_ReceiverWakeUpCmd
                0x08001806                USART_LINBreakDetectLengthConfig
                0x0800183c                USART_LINCmd
                0x0800187a                USART_SendData
                0x0800189c                USART_ReceiveData
                0x080018ba                USART_SendBreak
                0x080018dc                USART_SetGuardTime
                0x08001916                USART_SetPrescaler
                0x0800194e                USART_SmartCardCmd
                0x0800198c                USART_SmartCardNACKCmd
                0x080019ca                USART_HalfDuplexCmd
                0x08001a08                USART_OverSampling8Cmd
                0x08001a4a                USART_OneBitMethodCmd
                0x08001a88                USART_IrDAConfig
                0x08001abe                USART_IrDACmd
                0x08001afc                USART_GetFlagStatus
                0x08001b32                USART_ClearFlag
                0x08001b52                USART_GetITStatus
                0x08001c06                USART_ClearITPendingBit
 .text          0x08001c40       0x14 CMakeFiles/STM32_PROJECT.elf.dir/C_/Embedded/STM32F10x_StdPeriph_Lib_V3.5.0/Libraries/CMSIS/CM3/DeviceSupport/ST/STM32F10x/startup/gcc_ride7/startup_stm32f10x_md.S.obj
 .text          0x08001c54       0x3c CMakeFiles/STM32_PROJECT.elf.dir/stm32f10x_it.c.obj
                0x08001c54                NMI_Handler
                0x08001c60                HardFault_Handler
                0x08001c66                MemManage_Handler
                0x08001c6c                BusFault_Handler
                0x08001c72                UsageFault_Handler
                0x08001c78                DebugMon_Handler
                0x08001c84                SysTick_Handler
 .text          0x08001c90      0x24c CMakeFiles/STM32_PROJECT.elf.dir/C_/Embedded/STM32F10x_StdPeriph_Lib_V3.5.0/Libraries/CMSIS/CM3/DeviceSupport/ST/STM32F10x/system_stm32f10x.c.obj
                0x08001c90                SystemInit
                0x08001cf8                SystemCoreClockUpdate
 .text          0x08001edc      0x24e CMakeFiles/STM32_PROJECT.elf.dir/C_/Embedded/STM32F10x_StdPeriph_Lib_V3.5.0/Libraries/CMSIS/CM3/CoreSupport/core_cm3.c.obj
                0x08001edc                __get_PSP
                0x08001eea                __set_PSP
                0x08001ef4                __get_MSP
                0x08001f02                __set_MSP
                0x08001f0c                __get_BASEPRI
                0x08001f28                __set_BASEPRI
                0x08001f40                __get_PRIMASK
                0x08001f5c                __set_PRIMASK
                0x08001f74                __get_FAULTMASK
                0x08001f90                __set_FAULTMASK
                0x08001fa8                __get_CONTROL
                0x08001fc4                __set_CONTROL
                0x08001fdc                __REV
                0x08001ffa                __REV16
                0x0800201a                __REVSH
                0x0800203a                __RBIT
                0x0800205a                __LDREXB
                0x0800207a                __LDREXH
                0x0800209a                __LDREXW
                0x080020ba                __STREXB
                0x080020e0                __STREXH
                0x08002106                __STREXW
 *fill*         0x0800212a        0x2 
 .text          0x0800212c     0x160c freertos\libfreertos.a(tasks.c.obj)
                0x0800212c                xTaskCreate
                0x08002378                vTaskDelete
                0x0800243c                vTaskDelay
                0x08002484                uxTaskPriorityGet
                0x080024b8                uxTaskPriorityGetFromISR
                0x0800250c                vTaskPrioritySet
                0x08002624                vTaskSuspend
                0x08002730                vTaskResume
                0x080027d0                xTaskResumeFromISR
                0x08002894                vTaskStartScheduler
                0x08002900                vTaskEndScheduler
                0x08002930                vTaskSuspendAll
                0x0800294c                xTaskResumeAll
                0x08002a68                xTaskGetTickCount
                0x08002a84                xTaskGetTickCountFromISR
                0x08002aa4                uxTaskGetNumberOfTasks
                0x08002ab8                pcTaskGetName
                0x08002ae4                xTaskIncrementTick
                0x08002c20                vTaskSwitchContext
                0x08002cbc                vTaskPlaceOnEventList
                0x08002ce8                vTaskPlaceOnUnorderedEventList
                0x08002d24                xTaskRemoveFromEventList
                0x08002dd0                xTaskRemoveFromUnorderedEventList
                0x08002e64                vTaskSetTimeOutState
                0x08002e90                xTaskCheckForTimeOut
                0x08002f18                vTaskMissedYield
                0x08002f60                vTaskSetThreadLocalStoragePointer
                0x08002fa0                pvTaskGetThreadLocalStoragePointer
                0x08003148                xTaskGetSchedulerState
                0x08003184                uxTaskResetEventItemValue
                0x080031b4                ulTaskNotifyTake
                0x08003244                xTaskNotifyWait
                0x080032f8                xTaskGenericNotify
                0x08003408                xTaskGenericNotifyFromISR
                0x0800355c                vTaskNotifyGiveFromISR
                0x08003644                xTaskNotifyStateClear
 *fill*         0x08003738        0x8 
 .text          0x08003740      0x230 freertos\libfreertos.a(port.c.obj)
                0x08003740                pxPortInitialiseStack
                0x080037b2                SVC_Handler
                0x08003802                xPortStartScheduler
                0x08003840                vPortEndScheduler
                0x0800384c                vPortEnterCritical
                0x0800387c                vPortExitCritical
                0x080038ac                PendSV_Handler
                0x080038f6                xPortSysTickHandler
                0x08003938                vPortSetupTimerInterrupt
 .text          0x08003970      0x200 freertos\libfreertos.a(heap_2.c.obj)
                0x08003970                pvPortMalloc
                0x08003a8c                vPortFree
                0x08003b00                xPortGetFreeHeapSize
                0x08003b14                vPortInitialiseBlocks
 .text          0x08003b70      0x15e freertos\libfreertos.a(list.c.obj)
                0x08003b70                vListInitialise
                0x08003bae                vListInitialiseItem
                0x08003bc6                vListInsertEnd
                0x08003c0c                vListInsert
                0x08003c7c                uxListRemove
 .text          0x08003cce        0x0 c:/gnutoolsarmembedded/arm/bin/../lib/gcc/arm-none-eabi/6.3.1/../../../../arm-none-eabi/lib/thumb/v7-m\libc.a(lib_a-reent.o)
 .text          0x08003cce        0x0 c:/gnutoolsarmembedded/arm/bin/../lib/gcc/arm-none-eabi/6.3.1/../../../../arm-none-eabi/lib/thumb/v7-m\libc.a(lib_a-freer.o)
 .text          0x08003cce        0x0 c:/gnutoolsarmembedded/arm/bin/../lib/gcc/arm-none-eabi/6.3.1/../../../../arm-none-eabi/lib/thumb/v7-m\libc.a(lib_a-impure.o)
 .text          0x08003cce        0x0 c:/gnutoolsarmembedded/arm/bin/../lib/gcc/arm-none-eabi/6.3.1/../../../../arm-none-eabi/lib/thumb/v7-m\libc.a(lib_a-mallocr.o)
 .text          0x08003cce        0x0 c:/gnutoolsarmembedded/arm/bin/../lib/gcc/arm-none-eabi/6.3.1/../../../../arm-none-eabi/lib/thumb/v7-m\libc.a(lib_a-mlock.o)
 .text          0x08003cce        0x0 c:/gnutoolsarmembedded/arm/bin/../lib/gcc/arm-none-eabi/6.3.1/../../../../arm-none-eabi/lib/thumb/v7-m\libc.a(lib_a-sbrkr.o)
 .text          0x08003cce        0x0 c:/gnutoolsarmembedded/arm/bin/../lib/gcc/arm-none-eabi/6.3.1/../../../../arm-none-eabi/lib/thumb/v7-m\libc.a(lib_a-lock.o)
 *(.text*)
 *fill*         0x08003cce        0x2 
 .text.Reset_Handler
                0x08003cd0       0x44 CMakeFiles/STM32_PROJECT.elf.dir/C_/Embedded/STM32F10x_StdPeriph_Lib_V3.5.0/Libraries/CMSIS/CM3/DeviceSupport/ST/STM32F10x/startup/gcc_ride7/startup_stm32f10x_md.S.obj
                0x08003cd0                Reset_Handler
 .text.Default_Handler
                0x08003d14        0x2 CMakeFiles/STM32_PROJECT.elf.dir/C_/Embedded/STM32F10x_StdPeriph_Lib_V3.5.0/Libraries/CMSIS/CM3/DeviceSupport/ST/STM32F10x/startup/gcc_ride7/startup_stm32f10x_md.S.obj
                0x08003d14                EXTI2_IRQHandler
                0x08003d14                TIM1_CC_IRQHandler
                0x08003d14                PVD_IRQHandler
                0x08003d14                EXTI3_IRQHandler
                0x08003d14                EXTI0_IRQHandler
                0x08003d14                I2C2_EV_IRQHandler
                0x08003d14                ADC1_2_IRQHandler
                0x08003d14                SPI1_IRQHandler
                0x08003d14                TAMPER_IRQHandler
                0x08003d14                DMA1_Channel4_IRQHandler
                0x08003d14                USART3_IRQHandler
                0x08003d14                RTC_IRQHandler
                0x08003d14                DMA1_Channel7_IRQHandler
                0x08003d14                CAN1_RX1_IRQHandler
                0x08003d14                TIM4_IRQHandler
                0x08003d14                I2C1_EV_IRQHandler
                0x08003d14                DMA1_Channel6_IRQHandler
                0x08003d14                TIM3_IRQHandler
                0x08003d14                RCC_IRQHandler
                0x08003d14                TIM1_TRG_COM_IRQHandler
                0x08003d14                DMA1_Channel1_IRQHandler
                0x08003d14                Default_Handler
                0x08003d14                EXTI15_10_IRQHandler
                0x08003d14                EXTI9_5_IRQHandler
                0x08003d14                SPI2_IRQHandler
                0x08003d14                DMA1_Channel5_IRQHandler
                0x08003d14                EXTI4_IRQHandler
                0x08003d14                USB_LP_CAN1_RX0_IRQHandler
                0x08003d14                USB_HP_CAN1_TX_IRQHandler
                0x08003d14                DMA1_Channel3_IRQHandler
                0x08003d14                TIM1_UP_IRQHandler
                0x08003d14                WWDG_IRQHandler
                0x08003d14                TIM2_IRQHandler
                0x08003d14                TIM1_BRK_IRQHandler
                0x08003d14                EXTI1_IRQHandler
                0x08003d14                RTCAlarm_IRQHandler
                0x08003d14                USART2_IRQHandler
                0x08003d14                I2C2_ER_IRQHandler
                0x08003d14                DMA1_Channel2_IRQHandler
                0x08003d14                CAN1_SCE_IRQHandler
                0x08003d14                FLASH_IRQHandler
                0x08003d14                USART1_IRQHandler
                0x08003d14                I2C1_ER_IRQHandler
                0x08003d14                USBWakeUp_IRQHandler
 *fill*         0x08003d16        0x2 
 .text.cleanup_glue
                0x08003d18       0x1c c:/gnutoolsarmembedded/arm/bin/../lib/gcc/arm-none-eabi/6.3.1/../../../../arm-none-eabi/lib/thumb/v7-m\libc.a(lib_a-reent.o)
                0x08003d18                cleanup_glue
 .text._reclaim_reent
                0x08003d34       0x88 c:/gnutoolsarmembedded/arm/bin/../lib/gcc/arm-none-eabi/6.3.1/../../../../arm-none-eabi/lib/thumb/v7-m\libc.a(lib_a-reent.o)
                0x08003d34                _reclaim_reent
 .text._malloc_trim_r
                0x08003dbc       0xa0 c:/gnutoolsarmembedded/arm/bin/../lib/gcc/arm-none-eabi/6.3.1/../../../../arm-none-eabi/lib/thumb/v7-m\libc.a(lib_a-freer.o)
                0x08003dbc                _malloc_trim_r
 .text._free_r  0x08003e5c      0x1cc c:/gnutoolsarmembedded/arm/bin/../lib/gcc/arm-none-eabi/6.3.1/../../../../arm-none-eabi/lib/thumb/v7-m\libc.a(lib_a-freer.o)
                0x08003e5c                _free_r
 .text._malloc_r
                0x08004028      0x544 c:/gnutoolsarmembedded/arm/bin/../lib/gcc/arm-none-eabi/6.3.1/../../../../arm-none-eabi/lib/thumb/v7-m\libc.a(lib_a-mallocr.o)
                0x08004028                _malloc_r
 .text.__malloc_lock
                0x0800456c        0xc c:/gnutoolsarmembedded/arm/bin/../lib/gcc/arm-none-eabi/6.3.1/../../../../arm-none-eabi/lib/thumb/v7-m\libc.a(lib_a-mlock.o)
                0x0800456c                __malloc_lock
 .text.__malloc_unlock
                0x08004578        0xc c:/gnutoolsarmembedded/arm/bin/../lib/gcc/arm-none-eabi/6.3.1/../../../../arm-none-eabi/lib/thumb/v7-m\libc.a(lib_a-mlock.o)
                0x08004578                __malloc_unlock
 .text._sbrk_r  0x08004584       0x24 c:/gnutoolsarmembedded/arm/bin/../lib/gcc/arm-none-eabi/6.3.1/../../../../arm-none-eabi/lib/thumb/v7-m\libc.a(lib_a-sbrkr.o)
                0x08004584                _sbrk_r
 .text.__retarget_lock_init
                0x080045a8        0x4 c:/gnutoolsarmembedded/arm/bin/../lib/gcc/arm-none-eabi/6.3.1/../../../../arm-none-eabi/lib/thumb/v7-m\libc.a(lib_a-lock.o)
                0x080045a8                __retarget_lock_init
 .text.__retarget_lock_init_recursive
                0x080045ac        0x4 c:/gnutoolsarmembedded/arm/bin/../lib/gcc/arm-none-eabi/6.3.1/../../../../arm-none-eabi/lib/thumb/v7-m\libc.a(lib_a-lock.o)
                0x080045ac                __retarget_lock_init_recursive
 .text.__retarget_lock_close
                0x080045b0        0x4 c:/gnutoolsarmembedded/arm/bin/../lib/gcc/arm-none-eabi/6.3.1/../../../../arm-none-eabi/lib/thumb/v7-m\libc.a(lib_a-lock.o)
                0x080045b0                __retarget_lock_close
 .text.__retarget_lock_close_recursive
                0x080045b4        0x4 c:/gnutoolsarmembedded/arm/bin/../lib/gcc/arm-none-eabi/6.3.1/../../../../arm-none-eabi/lib/thumb/v7-m\libc.a(lib_a-lock.o)
                0x080045b4                __retarget_lock_close_recursive
 .text.__retarget_lock_acquire
                0x080045b8        0x4 c:/gnutoolsarmembedded/arm/bin/../lib/gcc/arm-none-eabi/6.3.1/../../../../arm-none-eabi/lib/thumb/v7-m\libc.a(lib_a-lock.o)
                0x080045b8                __retarget_lock_acquire
 .text.__retarget_lock_acquire_recursive
                0x080045bc        0x4 c:/gnutoolsarmembedded/arm/bin/../lib/gcc/arm-none-eabi/6.3.1/../../../../arm-none-eabi/lib/thumb/v7-m\libc.a(lib_a-lock.o)
                0x080045bc                __retarget_lock_acquire_recursive
 .text.__retarget_lock_try_acquire
                0x080045c0        0x4 c:/gnutoolsarmembedded/arm/bin/../lib/gcc/arm-none-eabi/6.3.1/../../../../arm-none-eabi/lib/thumb/v7-m\libc.a(lib_a-lock.o)
                0x080045c0                __retarget_lock_try_acquire
 .text.__retarget_lock_try_acquire_recursive
                0x080045c4        0x4 c:/gnutoolsarmembedded/arm/bin/../lib/gcc/arm-none-eabi/6.3.1/../../../../arm-none-eabi/lib/thumb/v7-m\libc.a(lib_a-lock.o)
                0x080045c4                __retarget_lock_try_acquire_recursive
 .text.__retarget_lock_release
                0x080045c8        0x4 c:/gnutoolsarmembedded/arm/bin/../lib/gcc/arm-none-eabi/6.3.1/../../../../arm-none-eabi/lib/thumb/v7-m\libc.a(lib_a-lock.o)
                0x080045c8                __retarget_lock_release
 .text.__retarget_lock_release_recursive
                0x080045cc        0x4 c:/gnutoolsarmembedded/arm/bin/../lib/gcc/arm-none-eabi/6.3.1/../../../../arm-none-eabi/lib/thumb/v7-m\libc.a(lib_a-lock.o)
                0x080045cc                __retarget_lock_release_recursive
 *(.rodata)
 .rodata        0x080045d0        0x6 CMakeFiles/STM32_PROJECT.elf.dir/main.c.obj
 *fill*         0x080045d6        0x2 
 .rodata        0x080045d8       0x1a CMakeFiles/STM32_PROJECT.elf.dir/newlib_stubs.c.obj
 *fill*         0x080045f2        0x2 
 .rodata        0x080045f4        0x5 freertos\libfreertos.a(tasks.c.obj)
 *fill*         0x080045f9        0x1 
 .rodata        0x080045fa        0x2 freertos\libfreertos.a(heap_2.c.obj)
 *(.rodata*)
 .rodata._global_impure_ptr
                0x080045fc        0x4 c:/gnutoolsarmembedded/arm/bin/../lib/gcc/arm-none-eabi/6.3.1/../../../../arm-none-eabi/lib/thumb/v7-m\libc.a(lib_a-impure.o)
                0x080045fc                _global_impure_ptr
 *(.glue_7)
 .glue_7        0x08004600        0x0 linker stubs
 *(.glue_7t)
 .glue_7t       0x08004600        0x0 linker stubs
 *(.init)
 *(.fini)
                0x08004600                . = ALIGN (0x4)
                0x08004600                _etext = .

.vfp11_veneer   0x08004600        0x0
 .vfp11_veneer  0x08004600        0x0 linker stubs

.v4_bx          0x08004600        0x0
 .v4_bx         0x08004600        0x0 linker stubs

.iplt           0x08004600        0x0
 .iplt          0x08004600        0x0 CMakeFiles/STM32_PROJECT.elf.dir/main.c.obj

.rel.dyn        0x08004600        0x0
 .rel.iplt      0x08004600        0x0 CMakeFiles/STM32_PROJECT.elf.dir/main.c.obj

.ARM.extab
 *(.ARM.extab* .gnu.linkonce.armextab.*)

.ARM            0x08004600        0x0
                0x08004600                __exidx_start = .
 *(.ARM.exidx*)
                0x08004600                __exidx_end = .

.ARM.attributes
                0x08004600       0x31
 *(.ARM.attributes)
 .ARM.attributes
                0x08004600       0x33 CMakeFiles/STM32_PROJECT.elf.dir/main.c.obj
 .ARM.attributes
                0x08004633       0x33 CMakeFiles/STM32_PROJECT.elf.dir/newlib_stubs.c.obj
 .ARM.attributes
                0x08004666       0x33 CMakeFiles/STM32_PROJECT.elf.dir/C_/Embedded/STM32F10x_StdPeriph_Lib_V3.5.0/Libraries/STM32F10x_StdPeriph_Driver/src/stm32f10x_gpio.c.obj
 .ARM.attributes
                0x08004699       0x33 CMakeFiles/STM32_PROJECT.elf.dir/C_/Embedded/STM32F10x_StdPeriph_Lib_V3.5.0/Libraries/STM32F10x_StdPeriph_Driver/src/stm32f10x_rcc.c.obj
 .ARM.attributes
                0x080046cc       0x33 CMakeFiles/STM32_PROJECT.elf.dir/C_/Embedded/STM32F10x_StdPeriph_Lib_V3.5.0/Libraries/STM32F10x_StdPeriph_Driver/src/stm32f10x_usart.c.obj
 .ARM.attributes
                0x080046ff       0x21 CMakeFiles/STM32_PROJECT.elf.dir/C_/Embedded/STM32F10x_StdPeriph_Lib_V3.5.0/Libraries/CMSIS/CM3/DeviceSupport/ST/STM32F10x/startup/gcc_ride7/startup_stm32f10x_md.S.obj
 .ARM.attributes
                0x08004720       0x33 CMakeFiles/STM32_PROJECT.elf.dir/stm32f10x_it.c.obj
 .ARM.attributes
                0x08004753       0x33 CMakeFiles/STM32_PROJECT.elf.dir/C_/Embedded/STM32F10x_StdPeriph_Lib_V3.5.0/Libraries/CMSIS/CM3/DeviceSupport/ST/STM32F10x/system_stm32f10x.c.obj
 .ARM.attributes
                0x08004786       0x33 CMakeFiles/STM32_PROJECT.elf.dir/C_/Embedded/STM32F10x_StdPeriph_Lib_V3.5.0/Libraries/CMSIS/CM3/CoreSupport/core_cm3.c.obj
 .ARM.attributes
                0x080047b9       0x33 freertos\libfreertos.a(tasks.c.obj)
 .ARM.attributes
                0x080047ec       0x33 freertos\libfreertos.a(port.c.obj)
 .ARM.attributes
                0x0800481f       0x33 freertos\libfreertos.a(heap_2.c.obj)
 .ARM.attributes
                0x08004852       0x33 freertos\libfreertos.a(list.c.obj)
 .ARM.attributes
                0x08004885       0x2d c:/gnutoolsarmembedded/arm/bin/../lib/gcc/arm-none-eabi/6.3.1/../../../../arm-none-eabi/lib/thumb/v7-m\libc.a(lib_a-reent.o)
 .ARM.attributes
                0x080048b2       0x2d c:/gnutoolsarmembedded/arm/bin/../lib/gcc/arm-none-eabi/6.3.1/../../../../arm-none-eabi/lib/thumb/v7-m\libc.a(lib_a-freer.o)
 .ARM.attributes
                0x080048df       0x2d c:/gnutoolsarmembedded/arm/bin/../lib/gcc/arm-none-eabi/6.3.1/../../../../arm-none-eabi/lib/thumb/v7-m\libc.a(lib_a-impure.o)
 .ARM.attributes
                0x0800490c       0x2d c:/gnutoolsarmembedded/arm/bin/../lib/gcc/arm-none-eabi/6.3.1/../../../../arm-none-eabi/lib/thumb/v7-m\libc.a(lib_a-mallocr.o)
 .ARM.attributes
                0x08004939       0x2d c:/gnutoolsarmembedded/arm/bin/../lib/gcc/arm-none-eabi/6.3.1/../../../../arm-none-eabi/lib/thumb/v7-m\libc.a(lib_a-mlock.o)
 .ARM.attributes
                0x08004966       0x2d c:/gnutoolsarmembedded/arm/bin/../lib/gcc/arm-none-eabi/6.3.1/../../../../arm-none-eabi/lib/thumb/v7-m\libc.a(lib_a-sbrkr.o)
 .ARM.attributes
                0x08004993       0x2d c:/gnutoolsarmembedded/arm/bin/../lib/gcc/arm-none-eabi/6.3.1/../../../../arm-none-eabi/lib/thumb/v7-m\libc.a(lib_a-lock.o)

.preinit_array  0x08004600        0x0
                [!provide]                PROVIDE (__preinit_array_start, .)
 *(.preinit_array*)
                [!provide]                PROVIDE (__preinit_array_end, .)

.init_array     0x08004600        0x0
                [!provide]                PROVIDE (__init_array_start, .)
 *(SORT(.init_array.*))
 *(.init_array*)
                [!provide]                PROVIDE (__init_array_end, .)

.fini_array     0x08004600        0x0
                [!provide]                PROVIDE (__fini_array_start, .)
 *(.fini_array*)
 *(SORT(.fini_array.*))
                [!provide]                PROVIDE (__fini_array_end, .)
                0x08004600                _sidata = .

.data           0x20000000      0x870 load address 0x080049c0
                0x20000000                . = ALIGN (0x4)
                0x20000000                _sdata = .
 *(.data)
 .data          0x20000000        0x0 CMakeFiles/STM32_PROJECT.elf.dir/main.c.obj
 .data          0x20000000        0x4 CMakeFiles/STM32_PROJECT.elf.dir/newlib_stubs.c.obj
                0x20000000                environ
 .data          0x20000004        0x0 CMakeFiles/STM32_PROJECT.elf.dir/C_/Embedded/STM32F10x_StdPeriph_Lib_V3.5.0/Libraries/STM32F10x_StdPeriph_Driver/src/stm32f10x_gpio.c.obj
 .data          0x20000004       0x14 CMakeFiles/STM32_PROJECT.elf.dir/C_/Embedded/STM32F10x_StdPeriph_Lib_V3.5.0/Libraries/STM32F10x_StdPeriph_Driver/src/stm32f10x_rcc.c.obj
 .data          0x20000018        0x0 CMakeFiles/STM32_PROJECT.elf.dir/C_/Embedded/STM32F10x_StdPeriph_Lib_V3.5.0/Libraries/STM32F10x_StdPeriph_Driver/src/stm32f10x_usart.c.obj
 .data          0x20000018        0x0 CMakeFiles/STM32_PROJECT.elf.dir/C_/Embedded/STM32F10x_StdPeriph_Lib_V3.5.0/Libraries/CMSIS/CM3/DeviceSupport/ST/STM32F10x/startup/gcc_ride7/startup_stm32f10x_md.S.obj
 .data          0x20000018        0x0 CMakeFiles/STM32_PROJECT.elf.dir/stm32f10x_it.c.obj
 .data          0x20000018       0x14 CMakeFiles/STM32_PROJECT.elf.dir/C_/Embedded/STM32F10x_StdPeriph_Lib_V3.5.0/Libraries/CMSIS/CM3/DeviceSupport/ST/STM32F10x/system_stm32f10x.c.obj
                0x20000018                SystemCoreClock
                0x2000001c                AHBPrescTable
 .data          0x2000002c        0x0 CMakeFiles/STM32_PROJECT.elf.dir/C_/Embedded/STM32F10x_StdPeriph_Lib_V3.5.0/Libraries/CMSIS/CM3/CoreSupport/core_cm3.c.obj
 .data          0x2000002c        0x0 freertos\libfreertos.a(tasks.c.obj)
 .data          0x2000002c        0x4 freertos\libfreertos.a(port.c.obj)
 .data          0x20000030        0x4 freertos\libfreertos.a(heap_2.c.obj)
 .data          0x20000034        0x0 freertos\libfreertos.a(list.c.obj)
 .data          0x20000034        0x0 c:/gnutoolsarmembedded/arm/bin/../lib/gcc/arm-none-eabi/6.3.1/../../../../arm-none-eabi/lib/thumb/v7-m\libc.a(lib_a-reent.o)
 .data          0x20000034        0x0 c:/gnutoolsarmembedded/arm/bin/../lib/gcc/arm-none-eabi/6.3.1/../../../../arm-none-eabi/lib/thumb/v7-m\libc.a(lib_a-freer.o)
 .data          0x20000034        0x0 c:/gnutoolsarmembedded/arm/bin/../lib/gcc/arm-none-eabi/6.3.1/../../../../arm-none-eabi/lib/thumb/v7-m\libc.a(lib_a-impure.o)
 .data          0x20000034        0x0 c:/gnutoolsarmembedded/arm/bin/../lib/gcc/arm-none-eabi/6.3.1/../../../../arm-none-eabi/lib/thumb/v7-m\libc.a(lib_a-mallocr.o)
 .data          0x20000034        0x0 c:/gnutoolsarmembedded/arm/bin/../lib/gcc/arm-none-eabi/6.3.1/../../../../arm-none-eabi/lib/thumb/v7-m\libc.a(lib_a-mlock.o)
 .data          0x20000034        0x0 c:/gnutoolsarmembedded/arm/bin/../lib/gcc/arm-none-eabi/6.3.1/../../../../arm-none-eabi/lib/thumb/v7-m\libc.a(lib_a-sbrkr.o)
 .data          0x20000034        0x0 c:/gnutoolsarmembedded/arm/bin/../lib/gcc/arm-none-eabi/6.3.1/../../../../arm-none-eabi/lib/thumb/v7-m\libc.a(lib_a-lock.o)
 *(.data*)
 .data._impure_ptr
                0x20000034        0x4 c:/gnutoolsarmembedded/arm/bin/../lib/gcc/arm-none-eabi/6.3.1/../../../../arm-none-eabi/lib/thumb/v7-m\libc.a(lib_a-impure.o)
                0x20000034                _impure_ptr
 .data.impure_data
                0x20000038      0x428 c:/gnutoolsarmembedded/arm/bin/../lib/gcc/arm-none-eabi/6.3.1/../../../../arm-none-eabi/lib/thumb/v7-m\libc.a(lib_a-impure.o)
 .data.__malloc_av_
                0x20000460      0x408 c:/gnutoolsarmembedded/arm/bin/../lib/gcc/arm-none-eabi/6.3.1/../../../../arm-none-eabi/lib/thumb/v7-m\libc.a(lib_a-mallocr.o)
                0x20000460                __malloc_av_
 .data.__malloc_sbrk_base
                0x20000868        0x4 c:/gnutoolsarmembedded/arm/bin/../lib/gcc/arm-none-eabi/6.3.1/../../../../arm-none-eabi/lib/thumb/v7-m\libc.a(lib_a-mallocr.o)
                0x20000868                __malloc_sbrk_base
 .data.__malloc_trim_threshold
                0x2000086c        0x4 c:/gnutoolsarmembedded/arm/bin/../lib/gcc/arm-none-eabi/6.3.1/../../../../arm-none-eabi/lib/thumb/v7-m\libc.a(lib_a-mallocr.o)
                0x2000086c                __malloc_trim_threshold
                0x20000870                . = ALIGN (0x4)
                0x20000870                _edata = .

.igot.plt       0x20000870        0x0 load address 0x08005230
 .igot.plt      0x20000870        0x0 CMakeFiles/STM32_PROJECT.elf.dir/main.c.obj
                0x20000870                . = ALIGN (0x4)

.bss            0x20000870     0x3084 load address 0x08005230
                0x20000870                _sbss = .
                0x20000870                __bss_start__ = _sbss
 *(.bss)
 .bss           0x20000870        0x0 CMakeFiles/STM32_PROJECT.elf.dir/main.c.obj
 .bss           0x20000870        0x8 CMakeFiles/STM32_PROJECT.elf.dir/newlib_stubs.c.obj
                0x20000870                __env
 .bss           0x20000878        0x0 CMakeFiles/STM32_PROJECT.elf.dir/C_/Embedded/STM32F10x_StdPeriph_Lib_V3.5.0/Libraries/STM32F10x_StdPeriph_Driver/src/stm32f10x_gpio.c.obj
 .bss           0x20000878        0x0 CMakeFiles/STM32_PROJECT.elf.dir/C_/Embedded/STM32F10x_StdPeriph_Lib_V3.5.0/Libraries/STM32F10x_StdPeriph_Driver/src/stm32f10x_rcc.c.obj
 .bss           0x20000878        0x0 CMakeFiles/STM32_PROJECT.elf.dir/C_/Embedded/STM32F10x_StdPeriph_Lib_V3.5.0/Libraries/STM32F10x_StdPeriph_Driver/src/stm32f10x_usart.c.obj
 .bss           0x20000878        0x0 CMakeFiles/STM32_PROJECT.elf.dir/C_/Embedded/STM32F10x_StdPeriph_Lib_V3.5.0/Libraries/CMSIS/CM3/DeviceSupport/ST/STM32F10x/startup/gcc_ride7/startup_stm32f10x_md.S.obj
 .bss           0x20000878        0x0 CMakeFiles/STM32_PROJECT.elf.dir/stm32f10x_it.c.obj
 .bss           0x20000878        0x0 CMakeFiles/STM32_PROJECT.elf.dir/C_/Embedded/STM32F10x_StdPeriph_Lib_V3.5.0/Libraries/CMSIS/CM3/DeviceSupport/ST/STM32F10x/system_stm32f10x.c.obj
 .bss           0x20000878        0x0 CMakeFiles/STM32_PROJECT.elf.dir/C_/Embedded/STM32F10x_StdPeriph_Lib_V3.5.0/Libraries/CMSIS/CM3/CoreSupport/core_cm3.c.obj
 .bss           0x20000878      0x12c freertos\libfreertos.a(tasks.c.obj)
                0x20000878                pxCurrentTCB
 .bss           0x200009a4        0x0 freertos\libfreertos.a(port.c.obj)
 .bss           0x200009a4     0x2ef4 freertos\libfreertos.a(heap_2.c.obj)
 .bss           0x20003898        0x0 freertos\libfreertos.a(list.c.obj)
 .bss           0x20003898        0x0 c:/gnutoolsarmembedded/arm/bin/../lib/gcc/arm-none-eabi/6.3.1/../../../../arm-none-eabi/lib/thumb/v7-m\libc.a(lib_a-reent.o)
 .bss           0x20003898        0x0 c:/gnutoolsarmembedded/arm/bin/../lib/gcc/arm-none-eabi/6.3.1/../../../../arm-none-eabi/lib/thumb/v7-m\libc.a(lib_a-freer.o)
 .bss           0x20003898        0x0 c:/gnutoolsarmembedded/arm/bin/../lib/gcc/arm-none-eabi/6.3.1/../../../../arm-none-eabi/lib/thumb/v7-m\libc.a(lib_a-impure.o)
 .bss           0x20003898        0x0 c:/gnutoolsarmembedded/arm/bin/../lib/gcc/arm-none-eabi/6.3.1/../../../../arm-none-eabi/lib/thumb/v7-m\libc.a(lib_a-mallocr.o)
 .bss           0x20003898        0x0 c:/gnutoolsarmembedded/arm/bin/../lib/gcc/arm-none-eabi/6.3.1/../../../../arm-none-eabi/lib/thumb/v7-m\libc.a(lib_a-mlock.o)
 .bss           0x20003898        0x0 c:/gnutoolsarmembedded/arm/bin/../lib/gcc/arm-none-eabi/6.3.1/../../../../arm-none-eabi/lib/thumb/v7-m\libc.a(lib_a-sbrkr.o)
 .bss           0x20003898        0x0 c:/gnutoolsarmembedded/arm/bin/../lib/gcc/arm-none-eabi/6.3.1/../../../../arm-none-eabi/lib/thumb/v7-m\libc.a(lib_a-lock.o)
 *(.bss*)
 .bss.__malloc_current_mallinfo
                0x20003898       0x28 c:/gnutoolsarmembedded/arm/bin/../lib/gcc/arm-none-eabi/6.3.1/../../../../arm-none-eabi/lib/thumb/v7-m\libc.a(lib_a-mallocr.o)
                0x20003898                __malloc_current_mallinfo
 .bss.__malloc_max_sbrked_mem
                0x200038c0        0x4 c:/gnutoolsarmembedded/arm/bin/../lib/gcc/arm-none-eabi/6.3.1/../../../../arm-none-eabi/lib/thumb/v7-m\libc.a(lib_a-mallocr.o)
                0x200038c0                __malloc_max_sbrked_mem
 .bss.__malloc_max_total_mem
                0x200038c4        0x4 c:/gnutoolsarmembedded/arm/bin/../lib/gcc/arm-none-eabi/6.3.1/../../../../arm-none-eabi/lib/thumb/v7-m\libc.a(lib_a-mallocr.o)
                0x200038c4                __malloc_max_total_mem
 .bss.__malloc_top_pad
                0x200038c8        0x4 c:/gnutoolsarmembedded/arm/bin/../lib/gcc/arm-none-eabi/6.3.1/../../../../arm-none-eabi/lib/thumb/v7-m\libc.a(lib_a-mallocr.o)
                0x200038c8                __malloc_top_pad
 *(COMMON)
 COMMON         0x200038cc        0x4 c:/gnutoolsarmembedded/arm/bin/../lib/gcc/arm-none-eabi/6.3.1/../../../../arm-none-eabi/lib/thumb/v7-m\libc.a(lib_a-reent.o)
                0x200038cc                errno
 COMMON         0x200038d0       0x21 c:/gnutoolsarmembedded/arm/bin/../lib/gcc/arm-none-eabi/6.3.1/../../../../arm-none-eabi/lib/thumb/v7-m\libc.a(lib_a-lock.o)
                0x200038d0                __lock___atexit_recursive_mutex
                0x200038d4                __lock___arc4random_mutex
                0x200038d8                __lock___env_recursive_mutex
                0x200038dc                __lock___sinit_recursive_mutex
                0x200038e0                __lock___malloc_recursive_mutex
                0x200038e4                __lock___at_quick_exit_mutex
                0x200038e8                __lock___dd_hash_mutex
                0x200038ec                __lock___tz_mutex
                0x200038f0                __lock___sfp_recursive_mutex
                0x200038f4                . = ALIGN (0x4)
 *fill*         0x200038f1        0x3 
                0x200038f4                _ebss = .
                0x200038f4                __bss_end__ = _ebss
                [!provide]                PROVIDE (end, _ebss)
                [!provide]                PROVIDE (_end, _ebss)

._user_heap_stack
                0x200038f4      0x200 load address 0x080082b4
                0x200038f4                . = ALIGN (0x4)
                0x200038f4                . = (. + _Min_Heap_Size)
                0x20003af4                . = (. + _Min_Stack_Size)
 *fill*         0x200038f4      0x200 
                0x20003af4                . = ALIGN (0x4)

.memory_b1_text
 *(.mb1text)
 *(.mb1text*)
 *(.mb1rodata)
 *(.mb1rodata*)

/DISCARD/
 libc.a(*)
 libm.a(*)
 libgcc.a(*)
OUTPUT(STM32_PROJECT.elf elf32-littlearm)

.comment        0x00000000       0x7f
 .comment       0x00000000       0x7f CMakeFiles/STM32_PROJECT.elf.dir/main.c.obj
                                 0x80 (size before relaxing)
 .comment       0x0000007f       0x80 CMakeFiles/STM32_PROJECT.elf.dir/newlib_stubs.c.obj
 .comment       0x0000007f       0x80 CMakeFiles/STM32_PROJECT.elf.dir/C_/Embedded/STM32F10x_StdPeriph_Lib_V3.5.0/Libraries/STM32F10x_StdPeriph_Driver/src/stm32f10x_gpio.c.obj
 .comment       0x0000007f       0x80 CMakeFiles/STM32_PROJECT.elf.dir/C_/Embedded/STM32F10x_StdPeriph_Lib_V3.5.0/Libraries/STM32F10x_StdPeriph_Driver/src/stm32f10x_rcc.c.obj
 .comment       0x0000007f       0x80 CMakeFiles/STM32_PROJECT.elf.dir/C_/Embedded/STM32F10x_StdPeriph_Lib_V3.5.0/Libraries/STM32F10x_StdPeriph_Driver/src/stm32f10x_usart.c.obj
 .comment       0x0000007f       0x80 CMakeFiles/STM32_PROJECT.elf.dir/stm32f10x_it.c.obj
 .comment       0x0000007f       0x80 CMakeFiles/STM32_PROJECT.elf.dir/C_/Embedded/STM32F10x_StdPeriph_Lib_V3.5.0/Libraries/CMSIS/CM3/DeviceSupport/ST/STM32F10x/system_stm32f10x.c.obj
 .comment       0x0000007f       0x80 CMakeFiles/STM32_PROJECT.elf.dir/C_/Embedded/STM32F10x_StdPeriph_Lib_V3.5.0/Libraries/CMSIS/CM3/CoreSupport/core_cm3.c.obj
 .comment       0x0000007f       0x80 freertos\libfreertos.a(tasks.c.obj)
 .comment       0x0000007f       0x80 freertos\libfreertos.a(port.c.obj)
 .comment       0x0000007f       0x80 freertos\libfreertos.a(heap_2.c.obj)
 .comment       0x0000007f       0x80 freertos\libfreertos.a(list.c.obj)

.debug_frame    0x00000000      0x22c
 .debug_frame   0x00000000       0x58 c:/gnutoolsarmembedded/arm/bin/../lib/gcc/arm-none-eabi/6.3.1/../../../../arm-none-eabi/lib/thumb/v7-m\libc.a(lib_a-reent.o)
 .debug_frame   0x00000058       0x74 c:/gnutoolsarmembedded/arm/bin/../lib/gcc/arm-none-eabi/6.3.1/../../../../arm-none-eabi/lib/thumb/v7-m\libc.a(lib_a-freer.o)
 .debug_frame   0x000000cc       0x54 c:/gnutoolsarmembedded/arm/bin/../lib/gcc/arm-none-eabi/6.3.1/../../../../arm-none-eabi/lib/thumb/v7-m\libc.a(lib_a-mallocr.o)
 .debug_frame   0x00000120       0x30 c:/gnutoolsarmembedded/arm/bin/../lib/gcc/arm-none-eabi/6.3.1/../../../../arm-none-eabi/lib/thumb/v7-m\libc.a(lib_a-mlock.o)
 .debug_frame   0x00000150       0x2c c:/gnutoolsarmembedded/arm/bin/../lib/gcc/arm-none-eabi/6.3.1/../../../../arm-none-eabi/lib/thumb/v7-m\libc.a(lib_a-sbrkr.o)
 .debug_frame   0x0000017c       0xb0 c:/gnutoolsarmembedded/arm/bin/../lib/gcc/arm-none-eabi/6.3.1/../../../../arm-none-eabi/lib/thumb/v7-m\libc.a(lib_a-lock.o)
